The commit being tested is: be8f747b7a471b99336c8e49ce0393710e3fe162
#-----------------------------------------------------------------------------
##### (Start) Read a meta file for parameters #####
# 1 GND_TEMP X 0 X X 1
# 2 GND_ALT_OFFSET X 0 X X 0.1
# 3 GND_PRIMARY X 0 0 2 1
# 4 PILOT_THR_FILT X 0 0 10 0.5
# 5 PILOT_TKOFF_ALT X 0 0 1000 10
# 6 RTL_ALT X 1500 200 8000 1
# 7 RTL_ALT_FINAL X 0 0 1000 1
# 8 RNGFND_GAIN X 0.8 0.01 2 0.01
# 9 PILOT_ACCEL_Z X 250 50 500 10
# 10 WP_NAVALT_MIN X 0 0 5 X
# 11 LAND_ALT_LOW X 1000 100 10000 10
# 12 ATC_ANGLE_BOOST X 1 0 1 1
# 13 ATC_ANG_LIM_TC X 1 0.5 10 X
# 14 BCN_ALT X 0 0 10000 1
# 15 EK2_ALT_SOURCE TRUE 0 0 3 1
# 16 EK2_ALT_M_NSE X 3 0.1 10 0.1
# 17 EK2_WIND_PSCALE X 0.5 0 1 0.1
# 18 EK3_ALT_SOURCE TRUE 0 0 3 1
# 19 EK3_ALT_M_NSE X 3 0.1 10 0.1
# 20 EK3_WIND_PSCALE X 0.5 0 1 0.1
# 21 FENCE_ALT_MAX X 100 10 10000 1
# 22 PSC_POSZ_P X 1 1 3 X
# 23 SIM_FLOW_POS_Z X 0 X X X
# 24 GPS_POS1_Z X 0 -5 5 0.01
# 25 GPS_POS2_Z X 0 -5 5 0.01
# 26 RNGFND1_POS_Z X 0 -5 5 0.01
# 27 VISO_POS_Z X 0 -5 5 0.01
# 28 EK2_VELD_M_NSE X 0.7 0.05 5 0.05
# 29 GND_ALT_OFFSET X 0 X X 0.1
# 30 PILOT_THR_FILT X 0 0 10 0.500
# 31 PILOT_THR_BHV X 0 0 4 1.000
# 32 FS_THR_ENABLE X 1 0 5 1.000
# 33 FS_THR_VALUE X 975 925 1100 1.000
# 34 ACRO_THR_MID X 0 0 1 X
# 35 ATC_THR_MIX_MIN X 0.1 0.1 0.25 X
# 36 ATC_THR_MIX_MAX X 0.5 0.5 0.9 X
# 37 ATC_THR_MIX_MAN X 0.1 0.1 0.9 X
# 38 MOT_BOOST_SCALE X 0 0 5 0.100
# 39 MOT_SLEW_UP_TIME X 0 0 0.5 0.001
# 40 MOT_SLEW_DN_TIME X 0 0 0.5 0.001
# 41 ACRO_RP_P X 4.5 1 10 X
# 42 ACRO_BAL_ROLL X 1 0 3 0.1
# 43 ACRO_RP_EXPO X 0.3 -0.5 1 0.1
# 44 AHRS_TRIM_X X 0 -0.1745 0.1745 0.01
# 45 ATC_ACCEL_R_MAX X 110000 0 180000 1000
# 46 ATC_ANG_RLL_P X 4.5 0 12 X
# 47 ATC_RATE_R_MAX X 0 0 1080 1
# 48 ATC_RAT_RLL_P X 0.135 0.01 0.5 0.005
# 49 ATC_RAT_RLL_I X 0.135 0.01 2 0.01
# 50 ATC_RAT_RLL_IMAX X 0.5 0 1 0.01
# 51 ATC_RAT_RLL_D X 0.0036 0 0.05 0.001
# 52 ATC_RAT_RLL_FF X 0 0 0.5 0.001
# 53 ATC_RAT_RLL_FLTT X 20 5 100 1
# 54 ATC_RAT_RLL_FLTE X 0 0 100 1
# 55 ATC_RAT_RLL_FLTD X 20 5 100 1
# 56 ATC_RAT_RLL_P X 0.135 0.08 0.35 0.005
# 57 ATC_RAT_RLL_I X 0.135 0.01 0.6 0.01
# 58 ATC_RAT_RLL_IMAX X 0.5 0 1 0.01
# 59 ATC_RAT_RLL_D X 0.0036 0.001 0.03 0.001
# 60 ATC_RAT_RLL_FLTT X 20 5 50 1
# 61 ATC_RAT_RLL_FLTE X 0 5 50 1
# 62 ATC_RAT_RLL_FLTD X 20 0 50 1
##### The name of parameters #####
['GND_TEMP', 'GND_ALT_OFFSET', 'GND_PRIMARY', 'PILOT_THR_FILT', 'PILOT_TKOFF_ALT', 'RTL_ALT', 'RTL_ALT_FINAL', 'RNGFND_GAIN', 'PILOT_ACCEL_Z', 'WP_NAVALT_MIN', 'LAND_ALT_LOW', 'ATC_ANGLE_BOOST', 'ATC_ANG_LIM_TC', 'BCN_ALT', 'EK2_ALT_SOURCE', 'EK2_ALT_M_NSE', 'EK2_WIND_PSCALE', 'EK3_ALT_SOURCE', 'EK3_ALT_M_NSE', 'EK3_WIND_PSCALE', 'FENCE_ALT_MAX', 'PSC_POSZ_P', 'SIM_FLOW_POS_Z', 'GPS_POS1_Z', 'GPS_POS2_Z', 'RNGFND1_POS_Z', 'VISO_POS_Z', 'EK2_VELD_M_NSE', 'GND_ALT_OFFSET', 'PILOT_THR_FILT', 'PILOT_THR_BHV', 'FS_THR_ENABLE', 'FS_THR_VALUE', 'ACRO_THR_MID', 'ATC_THR_MIX_MIN', 'ATC_THR_MIX_MAX', 'ATC_THR_MIX_MAN', 'MOT_BOOST_SCALE', 'MOT_SLEW_UP_TIME', 'MOT_SLEW_DN_TIME', 'ACRO_RP_P', 'ACRO_BAL_ROLL', 'ACRO_RP_EXPO', 'AHRS_TRIM_X', 'ATC_ACCEL_R_MAX', 'ATC_ANG_RLL_P', 'ATC_RATE_R_MAX', 'ATC_RAT_RLL_P', 'ATC_RAT_RLL_I', 'ATC_RAT_RLL_IMAX', 'ATC_RAT_RLL_D', 'ATC_RAT_RLL_FF', 'ATC_RAT_RLL_FLTT', 'ATC_RAT_RLL_FLTE', 'ATC_RAT_RLL_FLTD', 'ATC_RAT_RLL_P', 'ATC_RAT_RLL_I', 'ATC_RAT_RLL_IMAX', 'ATC_RAT_RLL_D', 'ATC_RAT_RLL_FLTT', 'ATC_RAT_RLL_FLTE', 'ATC_RAT_RLL_FLTD']
['X', 'X', 'X', 'X', 'X', 'X', 'X', 'X', 'X', 'X', 'X', 'X', 'X', 'X', 'TRUE', 'X', 'X', 'TRUE', 'X', 'X', 'X', 'X', 'X', 'X', 'X', 'X', 'X', 'X', 'X', 'X', 'X', 'X', 'X', 'X', 'X', 'X', 'X', 'X', 'X', 'X', 'X', 'X', 'X', 'X', 'X', 'X', 'X', 'X', 'X', 'X', 'X', 'X', 'X', 'X', 'X', 'X', 'X', 'X', 'X', 'X', 'X', 'X']
['0', '0', '0', '0', '0', '1500', '0', '0.8', '250', '0', '1000', '1', '1', '0', '0', '3', '0.5', '0', '3', '0.5', '100', '1', '0', '0', '0', '0', '0', '0.7', '0', '0', '0', '1', '975', '0', '0.1', '0.5', '0.1', '0', '0', '0', '4.5', '1', '0.3', '0', '110000', '4.5', '0', '0.135', '0.135', '0.5', '0.0036', '0', '20', '0', '20', '0.135', '0.135', '0.5', '0.0036', '20', '0', '20']
['X', 'X', '0', '0', '0', '200', '0', '0.01', '50', '0', '100', '0', '0.5', '0', '0', '0.1', '0', '0', '0.1', '0', '10', '1', 'X', '-5', '-5', '-5', '-5', '0.05', 'X', '0', '0', '0', '925', '0', '0.1', '0.5', '0.1', '0', '0', '0', '1', '0', '-0.5', '-0.1745', '0', '0', '0', '0.01', '0.01', '0', '0', '0', '5', '0', '5', '0.08', '0.01', '0', '0.001', '5', '5', '0']
['X', 'X', '2', '10', '1000', '8000', '1000', '2', '500', '5', '10000', '1', '10', '10000', '3', '10', '1', '3', '10', '1', '10000', '3', 'X', '5', '5', '5', '5', '5', 'X', '10', '4', '5', '1100', '1', '0.25', '0.9', '0.9', '5', '0.5', '0.5', '10', '3', '1', '0.1745', '180000', '12', '1080', '0.5', '2', '1', '0.05', '0.5', '100', '100', '100', '0.35', '0.6', '1', '0.03', '50', '50', '50']
['1', '0.1', '1', '0.5', '10', '1', '1', '0.01', '10', 'X', '10', '1', 'X', '1', '1', '0.1', '0.1', '1', '0.1', '0.1', '1', 'X', 'X', '0.01', '0.01', '0.01', '0.01', '0.05', '0.1', '0.500', '1.000', '1.000', '1.000', 'X', 'X', 'X', 'X', '0.100', '0.001', '0.001', 'X', '0.1', '0.1', '0.01', '1000', 'X', '1', '0.005', '0.01', '0.01', '0.001', '0.001', '1', '1', '1', '0.005', '0.01', '0.01', '0.001', '1', '1', '1']
##### (End) Read a meta file for parameters #####
[2024-06-18 14:35:02] # Check whether parsing parameters well done or not, received # of params: 62
[2024-06-18 14:35:02] ['GND_TEMP', 'GND_ALT_OFFSET', 'GND_PRIMARY', 'PILOT_THR_FILT', 'PILOT_TKOFF_ALT', 'RTL_ALT', 'RTL_ALT_FINAL', 'RNGFND_GAIN', 'PILOT_ACCEL_Z', 'WP_NAVALT_MIN', 'LAND_ALT_LOW', 'ATC_ANGLE_BOOST', 'ATC_ANG_LIM_TC', 'BCN_ALT', 'EK2_ALT_SOURCE', 'EK2_ALT_M_NSE', 'EK2_WIND_PSCALE', 'EK3_ALT_SOURCE', 'EK3_ALT_M_NSE', 'EK3_WIND_PSCALE', 'FENCE_ALT_MAX', 'PSC_POSZ_P', 'SIM_FLOW_POS_Z', 'GPS_POS1_Z', 'GPS_POS2_Z', 'RNGFND1_POS_Z', 'VISO_POS_Z', 'EK2_VELD_M_NSE', 'GND_ALT_OFFSET', 'PILOT_THR_FILT', 'PILOT_THR_BHV', 'FS_THR_ENABLE', 'FS_THR_VALUE', 'ACRO_THR_MID', 'ATC_THR_MIX_MIN', 'ATC_THR_MIX_MAX', 'ATC_THR_MIX_MAN', 'MOT_BOOST_SCALE', 'MOT_SLEW_UP_TIME', 'MOT_SLEW_DN_TIME', 'ACRO_RP_P', 'ACRO_BAL_ROLL', 'ACRO_RP_EXPO', 'AHRS_TRIM_X', 'ATC_ACCEL_R_MAX', 'ATC_ANG_RLL_P', 'ATC_RATE_R_MAX', 'ATC_RAT_RLL_P', 'ATC_RAT_RLL_I', 'ATC_RAT_RLL_IMAX', 'ATC_RAT_RLL_D', 'ATC_RAT_RLL_FF', 'ATC_RAT_RLL_FLTT', 'ATC_RAT_RLL_FLTE', 'ATC_RAT_RLL_FLTD', 'ATC_RAT_RLL_P', 'ATC_RAT_RLL_I', 'ATC_RAT_RLL_IMAX', 'ATC_RAT_RLL_D', 'ATC_RAT_RLL_FLTT', 'ATC_RAT_RLL_FLTE', 'ATC_RAT_RLL_FLTD']
##### (Start) Read a meta file for user commands #####
##### The name of user commands #####
['Flight_Mode', 'MAV_CMD_DO_PARACHUTE', 'MAV_CMD_DO_SEND_BANNER', 'MAV_CMD_SET_FACTORY_TEST_MODE', 'MAV_CMD_GIMBAL_RESET', 'MAV_CMD_NAV_WAYPOINT', 'RC1', 'RC2', 'RC3', 'RC4', 'MAV_CMD_NAV_RETURN_TO_LAUNCH', 'MAV_CMD_NAV_TAKEOFF', 'MAV_CMD_NAV_LAND', 'MAV_CMD_NAV_LOITER_TURNS', 'MAV_CMD_NAV_LOITER_TIME', 'MAV_CMD_NAV_SPLINE_WAYPOINT', 'MAV_CMD_NAV_GUIDED_ENABLE', 'MAV_CMD_DO_JUMP', 'MAV_CMD_MISSION_START', 'MAV_CMD_COMPONENT_ARM_DISARM', 'MAV_CMD_CONDITION_DELAY', 'MAV_CMD_CONDITION_DISTANCE', 'MAV_CMD_CONDITION_YAW', 'MAV_CMD_DO_CHANGE_SPEED', 'MAV_CMD_DO_SET_HOME', 'MAV_CMD_DO_SET_SERVO', 'MAV_CMD_DO_SET_RELAY', 'MAV_CMD_DO_REPEAT_SERVO', 'MAV_CMD_DO_REPEAT_RELAY', 'MAV_CMD_DO_DIGICAM_CONFIGURE', 'MAV_CMD_DO_DIGICAM_CONTROL', 'MAV_CMD_DO_SET_CAM_TRIGG_DIST', 'MAV_CMD_DO_SET_ROI', 'MAV_CMD_DO_SET_MODE', 'MAV_CMD_DO_MOUNT_CONTROL', 'MAV_CMD_DO_GRIPPER', 'MAV_CMD_DO_GUIDED_LIMITS', 'MAV_CMD_DO_REPOSITION', 'MAV_CMD_DO_AUTOTUNE_ENABLE', 'MAV_CMD_DO_PAUSE_CONTINUE', 'MAV_CMD_NAV_ALTITUDE_WAIT', 'MAV_CMD_POWER_OFF_INITIATED', 'MAV_CMD_SOLO_BTN_FLY_CLICK', 'MAV_CMD_SOLO_BTN_FLY_HOLD', 'MAV_CMD_SOLO_BTN_PAUSE_CLICK', 'MAV_CMD_FIXED_MAG_CAL', 'MAV_CMD_FIXED_MAG_CAL_FIELD', 'MAV_CMD_FIXED_MAG_CAL_YAW', 'MAV_CMD_DO_START_MAG_CAL', 'MAV_CMD_DO_ACCEPT_MAG_CAL', 'MAV_CMD_DO_CANCEL_MAG_CAL']
['5', '208', '42428', '42427', '42501', '16', '0', '0', '0', '0', '20', '22', '21', '18', '19', '82', '92', '177', '300', '400', '112', '114', '115', '178', '179', '183', '181', '184', '182', '202', '203', '206', '201', '176', '205', '211', '222', '192', '212', '193', '83', '42000', '42001', '42002', '42003', '42004', '42005', '42006', '42424', '42425', '42426']
##### (End) Read a meta file for user commands #####
[2024-06-18 14:35:02] # Check whether parsing user commands well done or not, received # of params: 51
[2024-06-18 14:35:02] ['Flight_Mode', 'MAV_CMD_DO_PARACHUTE', 'MAV_CMD_DO_SEND_BANNER', 'MAV_CMD_SET_FACTORY_TEST_MODE', 'MAV_CMD_GIMBAL_RESET', 'MAV_CMD_NAV_WAYPOINT', 'RC1', 'RC2', 'RC3', 'RC4', 'MAV_CMD_NAV_RETURN_TO_LAUNCH', 'MAV_CMD_NAV_TAKEOFF', 'MAV_CMD_NAV_LAND', 'MAV_CMD_NAV_LOITER_TURNS', 'MAV_CMD_NAV_LOITER_TIME', 'MAV_CMD_NAV_SPLINE_WAYPOINT', 'MAV_CMD_NAV_GUIDED_ENABLE', 'MAV_CMD_DO_JUMP', 'MAV_CMD_MISSION_START', 'MAV_CMD_COMPONENT_ARM_DISARM', 'MAV_CMD_CONDITION_DELAY', 'MAV_CMD_CONDITION_DISTANCE', 'MAV_CMD_CONDITION_YAW', 'MAV_CMD_DO_CHANGE_SPEED', 'MAV_CMD_DO_SET_HOME', 'MAV_CMD_DO_SET_SERVO', 'MAV_CMD_DO_SET_RELAY', 'MAV_CMD_DO_REPEAT_SERVO', 'MAV_CMD_DO_REPEAT_RELAY', 'MAV_CMD_DO_DIGICAM_CONFIGURE', 'MAV_CMD_DO_DIGICAM_CONTROL', 'MAV_CMD_DO_SET_CAM_TRIGG_DIST', 'MAV_CMD_DO_SET_ROI', 'MAV_CMD_DO_SET_MODE', 'MAV_CMD_DO_MOUNT_CONTROL', 'MAV_CMD_DO_GRIPPER', 'MAV_CMD_DO_GUIDED_LIMITS', 'MAV_CMD_DO_REPOSITION', 'MAV_CMD_DO_AUTOTUNE_ENABLE', 'MAV_CMD_DO_PAUSE_CONTINUE', 'MAV_CMD_NAV_ALTITUDE_WAIT', 'MAV_CMD_POWER_OFF_INITIATED', 'MAV_CMD_SOLO_BTN_FLY_CLICK', 'MAV_CMD_SOLO_BTN_FLY_HOLD', 'MAV_CMD_SOLO_BTN_PAUSE_CLICK', 'MAV_CMD_FIXED_MAG_CAL', 'MAV_CMD_FIXED_MAG_CAL_FIELD', 'MAV_CMD_FIXED_MAG_CAL_YAW', 'MAV_CMD_DO_START_MAG_CAL', 'MAV_CMD_DO_ACCEPT_MAG_CAL', 'MAV_CMD_DO_CANCEL_MAG_CAL']
##### (Start) Read a meta file for environmental factors #####
##### The name of environmental factors #####
['SIM_WOW_PIN', 'SIM_SPEEDUP', 'SIM_SPR_ENABLE', 'SIM_SPR_PUMP', 'SIM_SPR_SPIN', 'SIM_TA_ENABLE', 'SIM_TEMP_FLIGHT', 'SIM_TEMP_START', 'SIM_TERRAIN', 'SIM_TIDE_DIR', 'SIM_TIDE_SPEED', 'SIM_TWIST_TIME', 'SIM_TWIST_X', 'SIM_TWIST_Z', 'SIM_VIB_FREQ_X', 'SIM_VIB_FREQ_Y', 'SIM_VIB_FREQ_Z', 'SIM_VICON_HSTLEN', 'SIM_ACC2_BIAS_X', 'SIM_ACC2_BIAS_Y', 'SIM_ACC2_BIAS_Z', 'SIM_ACCEL_FAIL', 'SIM_ACC_BIAS_X', 'SIM_ACC_BIAS_Y', 'SIM_ACC_BIAS_Z', 'SIM_ACC_RND', 'SIM_ADSB_ALT', 'SIM_ADSB_RADIUS', 'SIM_BARO_DISABLE', 'SIM_BARO_DRIFT', 'SIM_BARO_GLITCH', 'SIM_BARO_RND', 'SIM_BATT_VOLTAGE', 'SIM_BAUDLIMIT_EN', 'SIM_BZ_ENABLE', 'SIM_BZ_PIN', 'SIM_DRIFT_SPEED', 'SIM_DRIFT_TIME', 'SIM_ENGINE_FAIL', 'SIM_ENGINE_MUL', 'SIM_FLOAT_EXCEPT', 'SIM_GND_BEHAV', 'SIM_GPS_ALT_OFS', 'SIM_GPS_BYTELOSS', 'SIM_GPS_DRIFTALT', 'SIM_GPS_GLITCH_Z', 'SIM_GPS_HDG', 'SIM_GPS_LOCKTIME', 'SIM_GPS_NOISE', 'SIM_GPS_NUMSATS', 'SIM_GPS_POS_X', 'SIM_GPS_POS_Y', 'SIM_GPS_POS_Z', 'SIM_GPS_TYPE', 'SIM_GRPE_ENABLE', 'SIM_GRPE_PIN', 'SIM_GYR_SCALE_X', 'SIM_GYR_SCALE_Y', 'SIM_GYR_SCALE_Z', 'SIM_IMU_POS_X', 'SIM_IMU_POS_Y', 'SIM_IMU_POS_Z', 'SIM_LOOP_DELAY', 'SIM_MAG_ALY_HGT', 'SIM_MAG_ALY_X', 'SIM_MAG_ALY_Y', 'SIM_MAG_ALY_Z', 'SIM_MAG_DELAY', 'SIM_MAG_DIA_X', 'SIM_MAG_DIA_Y', 'SIM_MAG_DIA_Z', 'SIM_MAG_ERROR', 'SIM_MAG_MOT_X', 'SIM_MAG_MOT_Y', 'SIM_MAG_MOT_Z', 'SIM_MAG_ODI_X', 'SIM_MAG_ODI_Y', 'SIM_MAG_ODI_Z', 'SIM_MAG_OFS_X', 'SIM_MAG_OFS_Y', 'SIM_MAG_OFS_Z', 'SIM_MAG_ORIENT', 'SIM_MAG_RND', 'SIM_MAG_SCALING', 'SIM_ODOM_ENABLE', 'SIM_OPOS_ALT', 'SIM_PARA_PIN', 'SIM_PIN_MASK', 'SIM_PLD_ALT_LMT', 'SIM_PLD_DIST_LMT', 'SIM_PLD_HEIGHT', 'SIM_PLD_LAT', 'SIM_PLD_LON', 'SIM_PLD_RATE', 'SIM_PLD_TYPE', 'SIM_PLD_YAW', 'SIM_RC_CHANCOUNT', 'SIM_RC_FAIL', 'SIM_SERVO_SPEED', 'SIM_SHOVE_TIME', 'SIM_SHOVE_X', 'SIM_SHOVE_Y', 'SIM_SHOVE_Z', 'SIM_SONAR_GLITCH', 'SIM_SONAR_POS_X', 'SIM_SONAR_POS_Y', 'SIM_SONAR_POS_Z', 'SIM_SONAR_RND', 'SIM_SONAR_SCALE', 'SIM_WAVE_LENGTH', 'SIM_ARSPD2_FAILP', 'SIM_ARSPD2_PITOT', 'SIM_ARSPD_FAIL', 'SIM_ARSPD_FAIL_P', 'SIM_ARSPD_PITOT', 'SIM_ARSPD_RND', 'SIM_ARSPD_SIGN', 'SIM_BARO_DELAY', 'SIM_GYR_RND', 'SIM_OPOS_HDG', 'SIM_OPOS_LAT', 'SIM_PARA_ENABLE', 'SIM_PLD_ENABLE']
##### (End) Read a meta file for environmental factors #####
[2024-06-18 14:35:02] # Check whether parsing environmental factors well done or not, received # of params: 123
[2024-06-18 14:35:02] ['SIM_WOW_PIN', 'SIM_SPEEDUP', 'SIM_SPR_ENABLE', 'SIM_SPR_PUMP', 'SIM_SPR_SPIN', 'SIM_TA_ENABLE', 'SIM_TEMP_FLIGHT', 'SIM_TEMP_START', 'SIM_TERRAIN', 'SIM_TIDE_DIR', 'SIM_TIDE_SPEED', 'SIM_TWIST_TIME', 'SIM_TWIST_X', 'SIM_TWIST_Z', 'SIM_VIB_FREQ_X', 'SIM_VIB_FREQ_Y', 'SIM_VIB_FREQ_Z', 'SIM_VICON_HSTLEN', 'SIM_ACC2_BIAS_X', 'SIM_ACC2_BIAS_Y', 'SIM_ACC2_BIAS_Z', 'SIM_ACCEL_FAIL', 'SIM_ACC_BIAS_X', 'SIM_ACC_BIAS_Y', 'SIM_ACC_BIAS_Z', 'SIM_ACC_RND', 'SIM_ADSB_ALT', 'SIM_ADSB_RADIUS', 'SIM_BARO_DISABLE', 'SIM_BARO_DRIFT', 'SIM_BARO_GLITCH', 'SIM_BARO_RND', 'SIM_BATT_VOLTAGE', 'SIM_BAUDLIMIT_EN', 'SIM_BZ_ENABLE', 'SIM_BZ_PIN', 'SIM_DRIFT_SPEED', 'SIM_DRIFT_TIME', 'SIM_ENGINE_FAIL', 'SIM_ENGINE_MUL', 'SIM_FLOAT_EXCEPT', 'SIM_GND_BEHAV', 'SIM_GPS_ALT_OFS', 'SIM_GPS_BYTELOSS', 'SIM_GPS_DRIFTALT', 'SIM_GPS_GLITCH_Z', 'SIM_GPS_HDG', 'SIM_GPS_LOCKTIME', 'SIM_GPS_NOISE', 'SIM_GPS_NUMSATS', 'SIM_GPS_POS_X', 'SIM_GPS_POS_Y', 'SIM_GPS_POS_Z', 'SIM_GPS_TYPE', 'SIM_GRPE_ENABLE', 'SIM_GRPE_PIN', 'SIM_GYR_SCALE_X', 'SIM_GYR_SCALE_Y', 'SIM_GYR_SCALE_Z', 'SIM_IMU_POS_X', 'SIM_IMU_POS_Y', 'SIM_IMU_POS_Z', 'SIM_LOOP_DELAY', 'SIM_MAG_ALY_HGT', 'SIM_MAG_ALY_X', 'SIM_MAG_ALY_Y', 'SIM_MAG_ALY_Z', 'SIM_MAG_DELAY', 'SIM_MAG_DIA_X', 'SIM_MAG_DIA_Y', 'SIM_MAG_DIA_Z', 'SIM_MAG_ERROR', 'SIM_MAG_MOT_X', 'SIM_MAG_MOT_Y', 'SIM_MAG_MOT_Z', 'SIM_MAG_ODI_X', 'SIM_MAG_ODI_Y', 'SIM_MAG_ODI_Z', 'SIM_MAG_OFS_X', 'SIM_MAG_OFS_Y', 'SIM_MAG_OFS_Z', 'SIM_MAG_ORIENT', 'SIM_MAG_RND', 'SIM_MAG_SCALING', 'SIM_ODOM_ENABLE', 'SIM_OPOS_ALT', 'SIM_PARA_PIN', 'SIM_PIN_MASK', 'SIM_PLD_ALT_LMT', 'SIM_PLD_DIST_LMT', 'SIM_PLD_HEIGHT', 'SIM_PLD_LAT', 'SIM_PLD_LON', 'SIM_PLD_RATE', 'SIM_PLD_TYPE', 'SIM_PLD_YAW', 'SIM_RC_CHANCOUNT', 'SIM_RC_FAIL', 'SIM_SERVO_SPEED', 'SIM_SHOVE_TIME', 'SIM_SHOVE_X', 'SIM_SHOVE_Y', 'SIM_SHOVE_Z', 'SIM_SONAR_GLITCH', 'SIM_SONAR_POS_X', 'SIM_SONAR_POS_Y', 'SIM_SONAR_POS_Z', 'SIM_SONAR_RND', 'SIM_SONAR_SCALE', 'SIM_WAVE_LENGTH', 'SIM_ARSPD2_FAILP', 'SIM_ARSPD2_PITOT', 'SIM_ARSPD_FAIL', 'SIM_ARSPD_FAIL_P', 'SIM_ARSPD_PITOT', 'SIM_ARSPD_RND', 'SIM_ARSPD_SIGN', 'SIM_BARO_DELAY', 'SIM_GYR_RND', 'SIM_OPOS_HDG', 'SIM_OPOS_LAT', 'SIM_PARA_ENABLE', 'SIM_PLD_ENABLE']
[2024-06-18 14:35:02] #-----------------------------------------------------------------------------
[2024-06-18 14:35:03] home_altitude: 583.950012
[2024-06-18 14:35:03] home_lat: -353633000.000000, home_lon: 1491652000.000000
[2024-06-18 14:35:03] Got the local position ned
[2024-06-18 14:35:03] Command is valid (is supported and has valid parameters), and was executed.
[2024-06-18 14:35:03] Command is valid (is supported and has valid parameters), and was executed.
[2024-06-18 14:35:04] Command is valid (is supported and has valid parameters), and was executed.
[2024-06-18 14:35:33] [Set_preconditions] PRX_TYPE = 2
[2024-06-18 14:35:33] [Debug] drone_status:4
[2024-06-18 14:35:33] Reset status_ctr
[2024-06-18 14:35:33] ### Next round (0) for fuzzing commands. ###
#---------------------------------A.RANGEFINDER-------------------------------------------
[Distance] P1: -1.000000 P2: -1.000000 P3: -1.000000 P4: -1.000000 
[2024-06-18 14:35:33] [Distance] Global distance: 1.000000
#-----------------------------------------------------------------------------
[2024-06-18 14:35:33] [RANGEFINDER] Mode_t:ALT_HOLD, yaw_max:0.000000, yaw_min:-0.008707, roll_max: 0.000000, roll_min:-0.000497, pitch_max:0.000000, pitch_min: -0.001602
[2024-06-18 14:35:33] P values [-1, -1, -1, -1, 0, 0, 0, 0, 0, 0, 0, 0, 0, 0, 0, 0, 0, 0, 0, 0, 0, 0, 0, 0, 0, 0, 0, 0, 0, 0]
[2024-06-18 14:35:33] [Execute_env] (SIM_GPS_ALT_OFS, 70.0279837104)
#---------------------------------A.RANGEFINDER-------------------------------------------
[Distance] P1: -1.000000 P2: -1.000000 P3: -1.000000 P4: -1.000000 
[2024-06-18 14:35:37] [Distance] Global distance: 1.000000
#-----------------------------------------------------------------------------
[2024-06-18 14:35:37] [RANGEFINDER] Mode_t:ALT_HOLD, yaw_max:0.020873, yaw_min:-0.008707, roll_max: 0.001992, roll_min:-0.000497, pitch_max:0.000000, pitch_min: -0.001602
[2024-06-18 14:35:37] P values [-1, -1, -1, -1, 0, 0, 0, 0, 0, 0, 0, 0, 0, 0, 0, 0, 0, 0, 0, 0, 0, 0, 0, 0, 0, 0, 0, 0, 0, 0]
[2024-06-18 14:35:37] [Debug] drone_status:4
[2024-06-18 14:35:37] Incrementing the status_ctr
[2024-06-18 14:35:37] ### Next round (1) for fuzzing commands. ###
#---------------------------------A.RANGEFINDER-------------------------------------------
[Distance] P1: -1.000000 P2: -1.000000 P3: -1.000000 P4: -1.000000 
[2024-06-18 14:35:37] [Distance] Global distance: 1.000000
#-----------------------------------------------------------------------------
[2024-06-18 14:35:37] [RANGEFINDER] Mode_t:ALT_HOLD, yaw_max:0.020873, yaw_min:-0.008707, roll_max: 0.001992, roll_min:-0.000497, pitch_max:0.000000, pitch_min: -0.001602
[2024-06-18 14:35:37] P values [-1, -1, -1, -1, 0, 0, 0, 0, 0, 0, 0, 0, 0, 0, 0, 0, 0, 0, 0, 0, 0, 0, 0, 0, 0, 0, 0, 0, 0, 0]
[2024-06-18 14:35:37] [Execute_cmd] (MAV_CMD_NAV_SPLINE_WAYPOINT, 89,39,33,72,29,57,28)
#---------------------------------A.RANGEFINDER-------------------------------------------
[Distance] P1: -1.000000 P2: -1.000000 P3: -1.000000 P4: -1.000000 
[2024-06-18 14:35:41] [Distance] Global distance: 1.000000
#-----------------------------------------------------------------------------
[2024-06-18 14:35:41] [RANGEFINDER] Mode_t:ALT_HOLD, yaw_max:0.020873, yaw_min:-0.008707, roll_max: 0.001992, roll_min:-0.001452, pitch_max:0.000000, pitch_min: -0.001602
[2024-06-18 14:35:41] P values [-1, -1, -1, -1, 0, 0, 0, 0, 0, 0, 0, 0, 0, 0, 0, 0, 0, 0, 0, 0, 0, 0, 0, 0, 0, 0, 0, 0, 0, 0]
[2024-06-18 14:35:41] [Debug] drone_status:4
[2024-06-18 14:35:41] Incrementing the status_ctr
[2024-06-18 14:35:41] ### Next round (2) for fuzzing commands. ###
#---------------------------------A.RANGEFINDER-------------------------------------------
[Distance] P1: -1.000000 P2: -1.000000 P3: -1.000000 P4: -1.000000 
[2024-06-18 14:35:41] [Distance] Global distance: 1.000000
#-----------------------------------------------------------------------------
[2024-06-18 14:35:41] [RANGEFINDER] Mode_t:ALT_HOLD, yaw_max:0.020873, yaw_min:-0.008707, roll_max: 0.001992, roll_min:-0.001452, pitch_max:0.000000, pitch_min: -0.001602
[2024-06-18 14:35:41] P values [-1, -1, -1, -1, 0, 0, 0, 0, 0, 0, 0, 0, 0, 0, 0, 0, 0, 0, 0, 0, 0, 0, 0, 0, 0, 0, 0, 0, 0, 0]
[2024-06-18 14:35:41] [Execute_env] (SIM_TIDE_SPEED, 96.0354858869)
#---------------------------------A.RANGEFINDER-------------------------------------------
[Distance] P1: -1.000000 P2: -1.000000 P3: -1.000000 P4: -1.000000 
[2024-06-18 14:35:45] [Distance] Global distance: 1.000000
#-----------------------------------------------------------------------------
[2024-06-18 14:35:45] [RANGEFINDER] Mode_t:ALT_HOLD, yaw_max:0.020873, yaw_min:-0.008707, roll_max: 0.001992, roll_min:-0.001452, pitch_max:0.001186, pitch_min: -0.001602
[2024-06-18 14:35:45] P values [-1, -1, -1, -1, 0, 0, 0, 0, 0, 0, 0, 0, 0, 0, 0, 0, 0, 0, 0, 0, 0, 0, 0, 0, 0, 0, 0, 0, 0, 0]
[2024-06-18 14:35:45] [Debug] drone_status:4
[2024-06-18 14:35:45] Incrementing the status_ctr
[2024-06-18 14:35:45] ### Next round (3) for fuzzing commands. ###
#---------------------------------A.RANGEFINDER-------------------------------------------
[Distance] P1: -1.000000 P2: -1.000000 P3: -1.000000 P4: -1.000000 
[2024-06-18 14:35:45] [Distance] Global distance: 1.000000
#-----------------------------------------------------------------------------
[2024-06-18 14:35:45] [RANGEFINDER] Mode_t:ALT_HOLD, yaw_max:0.020873, yaw_min:-0.008707, roll_max: 0.001992, roll_min:-0.001452, pitch_max:0.001186, pitch_min: -0.001602
[2024-06-18 14:35:45] P values [-1, -1, -1, -1, 0, 0, 0, 0, 0, 0, 0, 0, 0, 0, 0, 0, 0, 0, 0, 0, 0, 0, 0, 0, 0, 0, 0, 0, 0, 0]
[2024-06-18 14:35:45] [Execute_env] (SIM_SPR_SPIN, 39.6522088444)
#---------------------------------A.RANGEFINDER-------------------------------------------
[Distance] P1: -1.000000 P2: -1.000000 P3: -1.000000 P4: -1.000000 
[2024-06-18 14:35:49] [Distance] Global distance: 1.000000
#-----------------------------------------------------------------------------
[2024-06-18 14:35:49] [RANGEFINDER] Mode_t:ALT_HOLD, yaw_max:0.020873, yaw_min:-0.008707, roll_max: 0.001992, roll_min:-0.001452, pitch_max:0.001186, pitch_min: -0.001602
[2024-06-18 14:35:49] P values [-1, -1, -1, -1, 0, 0, 0, 0, 0, 0, 0, 0, 0, 0, 0, 0, 0, 0, 0, 0, 0, 0, 0, 0, 0, 0, 0, 0, 0, 0]
[2024-06-18 14:35:49] [Debug] drone_status:4
[2024-06-18 14:35:49] Incrementing the status_ctr
[2024-06-18 14:35:49] ### Next round (4) for fuzzing commands. ###
#---------------------------------A.RANGEFINDER-------------------------------------------
[Distance] P1: -1.000000 P2: -1.000000 P3: -1.000000 P4: -1.000000 
[2024-06-18 14:35:49] [Distance] Global distance: 1.000000
#-----------------------------------------------------------------------------
[2024-06-18 14:35:49] [RANGEFINDER] Mode_t:ALT_HOLD, yaw_max:0.020873, yaw_min:-0.008707, roll_max: 0.001992, roll_min:-0.001452, pitch_max:0.001186, pitch_min: -0.001602
[2024-06-18 14:35:49] P values [-1, -1, -1, -1, 0, 0, 0, 0, 0, 0, 0, 0, 0, 0, 0, 0, 0, 0, 0, 0, 0, 0, 0, 0, 0, 0, 0, 0, 0, 0]
[2024-06-18 14:35:49] [Execute_env] (SIM_SPR_PUMP, 69.023766107)
#---------------------------------A.RANGEFINDER-------------------------------------------
[Distance] P1: -1.000000 P2: -1.000000 P3: -1.000000 P4: -1.000000 
[2024-06-18 14:35:53] [Distance] Global distance: 1.000000
#-----------------------------------------------------------------------------
[2024-06-18 14:35:53] [RANGEFINDER] Mode_t:ALT_HOLD, yaw_max:0.020873, yaw_min:-0.008707, roll_max: 0.001992, roll_min:-0.001452, pitch_max:0.001186, pitch_min: -0.001602
[2024-06-18 14:35:53] P values [-1, -1, -1, -1, 0, 0, 0, 0, 0, 0, 0, 0, 0, 0, 0, 0, 0, 0, 0, 0, 0, 0, 0, 0, 0, 0, 0, 0, 0, 0]
[2024-06-18 14:35:53] [Debug] drone_status:4
[2024-06-18 14:35:53] Incrementing the status_ctr
[2024-06-18 14:35:53] ### Next round (5) for fuzzing commands. ###
#---------------------------------A.RANGEFINDER-------------------------------------------
[Distance] P1: -1.000000 P2: -1.000000 P3: -1.000000 P4: -1.000000 
[2024-06-18 14:35:53] [Distance] Global distance: 1.000000
#-----------------------------------------------------------------------------
[2024-06-18 14:35:53] [RANGEFINDER] Mode_t:ALT_HOLD, yaw_max:0.020873, yaw_min:-0.008707, roll_max: 0.001992, roll_min:-0.001452, pitch_max:0.001186, pitch_min: -0.001602
[2024-06-18 14:35:53] P values [-1, -1, -1, -1, 0, 0, 0, 0, 0, 0, 0, 0, 0, 0, 0, 0, 0, 0, 0, 0, 0, 0, 0, 0, 0, 0, 0, 0, 0, 0]
[2024-06-18 14:35:53] [Execute_env] (SIM_OPOS_ALT, 74.9340440975)
#---------------------------------A.RANGEFINDER-------------------------------------------
[Distance] P1: -1.000000 P2: -1.000000 P3: -1.000000 P4: -1.000000 
[2024-06-18 14:35:57] [Distance] Global distance: 1.000000
#-----------------------------------------------------------------------------
[2024-06-18 14:35:57] [RANGEFINDER] Mode_t:ALT_HOLD, yaw_max:0.020873, yaw_min:-0.008707, roll_max: 0.001992, roll_min:-0.001452, pitch_max:0.001186, pitch_min: -0.001602
[2024-06-18 14:35:57] P values [-1, -1, -1, -1, 0, 0, 0, 0, 0, 0, 0, 0, 0, 0, 0, 0, 0, 0, 0, 0, 0, 0, 0, 0, 0, 0, 0, 0, 0, 0]
[2024-06-18 14:35:57] [Debug] drone_status:4
[2024-06-18 14:35:57] Incrementing the status_ctr
[2024-06-18 14:35:57] ### Next round (6) for fuzzing commands. ###
#---------------------------------A.RANGEFINDER-------------------------------------------
[Distance] P1: -1.000000 P2: -1.000000 P3: -1.000000 P4: -1.000000 
[2024-06-18 14:35:57] [Distance] Global distance: 1.000000
#-----------------------------------------------------------------------------
[2024-06-18 14:35:57] [RANGEFINDER] Mode_t:ALT_HOLD, yaw_max:0.020873, yaw_min:-0.008707, roll_max: 0.001992, roll_min:-0.001452, pitch_max:0.001186, pitch_min: -0.001602
[2024-06-18 14:35:57] P values [-1, -1, -1, -1, 0, 0, 0, 0, 0, 0, 0, 0, 0, 0, 0, 0, 0, 0, 0, 0, 0, 0, 0, 0, 0, 0, 0, 0, 0, 0]
[2024-06-18 14:35:57] Generated random msgs for rangefinder
#---------------------------------A.RANGEFINDER-------------------------------------------
[Distance] P1: -1.000000 P2: -1.000000 P3: -1.000000 P4: -1.000000 
[2024-06-18 14:36:01] [Distance] Global distance: 1.000000
#-----------------------------------------------------------------------------
[2024-06-18 14:36:01] [RANGEFINDER] Mode_t:ALT_HOLD, yaw_max:0.020873, yaw_min:-0.008707, roll_max: 0.002169, roll_min:-0.001452, pitch_max:0.001186, pitch_min: -0.001602
[2024-06-18 14:36:01] P values [-1, -1, -1, -1, 0, 0, 0, 0, 0, 0, 0, 0, 0, 0, 0, 0, 0, 0, 0, 0, 0, 0, 0, 0, 0, 0, 0, 0, 0, 0]
[2024-06-18 14:36:01] [Debug] drone_status:4
[2024-06-18 14:36:01] Incrementing the status_ctr
[2024-06-18 14:36:01] ### Next round (7) for fuzzing commands. ###
#---------------------------------A.RANGEFINDER-------------------------------------------
[Distance] P1: -1.000000 P2: -1.000000 P3: -1.000000 P4: -1.000000 
[2024-06-18 14:36:01] [Distance] Global distance: 1.000000
#-----------------------------------------------------------------------------
[2024-06-18 14:36:01] [RANGEFINDER] Mode_t:ALT_HOLD, yaw_max:0.020873, yaw_min:-0.008707, roll_max: 0.002169, roll_min:-0.001452, pitch_max:0.001186, pitch_min: -0.001602
[2024-06-18 14:36:01] P values [-1, -1, -1, -1, 0, 0, 0, 0, 0, 0, 0, 0, 0, 0, 0, 0, 0, 0, 0, 0, 0, 0, 0, 0, 0, 0, 0, 0, 0, 0]
[2024-06-18 14:36:01] [Execute_env] (SIM_PLD_YAW, 32.2664715072)
#---------------------------------A.RANGEFINDER-------------------------------------------
[Distance] P1: -1.000000 P2: -1.000000 P3: -1.000000 P4: -1.000000 
[2024-06-18 14:36:05] [Distance] Global distance: 1.000000
#-----------------------------------------------------------------------------
[2024-06-18 14:36:05] [RANGEFINDER] Mode_t:ALT_HOLD, yaw_max:0.020873, yaw_min:-0.008707, roll_max: 0.002169, roll_min:-0.001452, pitch_max:0.001186, pitch_min: -0.001602
[2024-06-18 14:36:05] P values [-1, -1, -1, -1, 0, 0, 0, 0, 0, 0, 0, 0, 0, 0, 0, 0, 0, 0, 0, 0, 0, 0, 0, 0, 0, 0, 0, 0, 0, 0]
[2024-06-18 14:36:05] [Debug] drone_status:4
[2024-06-18 14:36:05] Incrementing the status_ctr
[2024-06-18 14:36:05] ### Next round (8) for fuzzing commands. ###
#---------------------------------A.RANGEFINDER-------------------------------------------
[Distance] P1: -1.000000 P2: -1.000000 P3: -1.000000 P4: -1.000000 
[2024-06-18 14:36:05] [Distance] Global distance: 1.000000
#-----------------------------------------------------------------------------
[2024-06-18 14:36:05] [RANGEFINDER] Mode_t:ALT_HOLD, yaw_max:0.020873, yaw_min:-0.008707, roll_max: 0.002169, roll_min:-0.001452, pitch_max:0.001186, pitch_min: -0.001602
[2024-06-18 14:36:05] P values [-1, -1, -1, -1, 0, 0, 0, 0, 0, 0, 0, 0, 0, 0, 0, 0, 0, 0, 0, 0, 0, 0, 0, 0, 0, 0, 0, 0, 0, 0]
[2024-06-18 14:36:05] Generated random msgs for rangefinder
#---------------------------------A.RANGEFINDER-------------------------------------------
[Distance] P1: -1.000000 P2: -1.000000 P3: -1.000000 P4: -1.000000 
[2024-06-18 14:36:09] [Distance] Global distance: 1.000000
#-----------------------------------------------------------------------------
[2024-06-18 14:36:09] [RANGEFINDER] Mode_t:ALT_HOLD, yaw_max:0.020873, yaw_min:-0.008707, roll_max: 0.002169, roll_min:-0.001452, pitch_max:0.001186, pitch_min: -0.001602
[2024-06-18 14:36:09] P values [-1, -1, -1, -1, 0, 0, 0, 0, 0, 0, 0, 0, 0, 0, 0, 0, 0, 0, 0, 0, 0, 0, 0, 0, 0, 0, 0, 0, 0, 0]
[2024-06-18 14:36:09] [Debug] drone_status:4
[2024-06-18 14:36:09] Incrementing the status_ctr
[2024-06-18 14:36:09] ### Next round (9) for fuzzing commands. ###
#---------------------------------A.RANGEFINDER-------------------------------------------
[Distance] P1: -1.000000 P2: -1.000000 P3: -1.000000 P4: -1.000000 
[2024-06-18 14:36:09] [Distance] Global distance: 1.000000
#-----------------------------------------------------------------------------
[2024-06-18 14:36:09] [RANGEFINDER] Mode_t:ALT_HOLD, yaw_max:0.020873, yaw_min:-0.008707, roll_max: 0.002169, roll_min:-0.001452, pitch_max:0.001186, pitch_min: -0.001602
[2024-06-18 14:36:09] P values [-1, -1, -1, -1, 0, 0, 0, 0, 0, 0, 0, 0, 0, 0, 0, 0, 0, 0, 0, 0, 0, 0, 0, 0, 0, 0, 0, 0, 0, 0]
[2024-06-18 14:36:09] # [Change_parameter()] selected params: ATC_RAT_RLL_FLTE
[2024-06-18 14:36:09] # [Change_parameter()] selected params: ATC_RAT_RLL_FLTE, min: 0.000000, max: 100.000000, random digit param value:35
#---------------------------------A.RANGEFINDER-------------------------------------------
[Distance] P1: -1.000000 P2: -1.000000 P3: -1.000000 P4: -1.000000 
[2024-06-18 14:36:16] [Distance] Global distance: 1.000000
#-----------------------------------------------------------------------------
[2024-06-18 14:36:16] [RANGEFINDER] Mode_t:ALT_HOLD, yaw_max:0.020873, yaw_min:-0.008864, roll_max: 0.002169, roll_min:-0.001452, pitch_max:0.001186, pitch_min: -0.001602
[2024-06-18 14:36:16] P values [-1, -1, -1, -1, 0, 0, 0, 0, 0, 0, 0, 0, 0, 0, 0, 0, 0, 0, 0, 0, 0, 0, 0, 0, 0, 0, 0, 0, 0, 0]
[2024-06-18 14:36:16] [Debug] drone_status:4
[2024-06-18 14:36:16] Incrementing the status_ctr
[2024-06-18 14:36:16] ### Next round (10) for fuzzing commands. ###
#---------------------------------A.RANGEFINDER-------------------------------------------
[Distance] P1: -1.000000 P2: -1.000000 P3: -1.000000 P4: -1.000000 
[2024-06-18 14:36:16] [Distance] Global distance: 1.000000
#-----------------------------------------------------------------------------
[2024-06-18 14:36:16] [RANGEFINDER] Mode_t:ALT_HOLD, yaw_max:0.020873, yaw_min:-0.008864, roll_max: 0.002169, roll_min:-0.001452, pitch_max:0.001186, pitch_min: -0.001602
[2024-06-18 14:36:16] P values [-1, -1, -1, -1, 0, 0, 0, 0, 0, 0, 0, 0, 0, 0, 0, 0, 0, 0, 0, 0, 0, 0, 0, 0, 0, 0, 0, 0, 0, 0]
[2024-06-18 14:36:16] [Execute_env] (SIM_MAG_DIA_Z, 25.7459019134)
#---------------------------------A.RANGEFINDER-------------------------------------------
[Distance] P1: -1.000000 P2: -1.000000 P3: -1.000000 P4: -1.000000 
[2024-06-18 14:36:20] [Distance] Global distance: 1.000000
#-----------------------------------------------------------------------------
[2024-06-18 14:36:20] [RANGEFINDER] Mode_t:ALT_HOLD, yaw_max:0.020873, yaw_min:-0.017938, roll_max: 0.002169, roll_min:-0.001452, pitch_max:0.001186, pitch_min: -0.001602
[2024-06-18 14:36:20] P values [-1, -1, -1, -1, 0, 0, 0, 0, 0, 0, 0, 0, 0, 0, 0, 0, 0, 0, 0, 0, 0, 0, 0, 0, 0, 0, 0, 0, 0, 0]
[2024-06-18 14:36:20] [Debug] drone_status:4
[2024-06-18 14:36:20] Incrementing the status_ctr
[2024-06-18 14:36:20] ### Next round (11) for fuzzing commands. ###
#---------------------------------A.RANGEFINDER-------------------------------------------
[Distance] P1: -1.000000 P2: -1.000000 P3: -1.000000 P4: -1.000000 
[2024-06-18 14:36:20] [Distance] Global distance: 1.000000
#-----------------------------------------------------------------------------
[2024-06-18 14:36:20] [RANGEFINDER] Mode_t:ALT_HOLD, yaw_max:0.020873, yaw_min:-0.017938, roll_max: 0.002169, roll_min:-0.001452, pitch_max:0.001186, pitch_min: -0.001602
[2024-06-18 14:36:20] P values [-1, -1, -1, -1, 0, 0, 0, 0, 0, 0, 0, 0, 0, 0, 0, 0, 0, 0, 0, 0, 0, 0, 0, 0, 0, 0, 0, 0, 0, 0]
[2024-06-18 14:36:20] # [Change_parameter()] selected params: BCN_ALT
[2024-06-18 14:36:20] # [Change_parameter()] selected params: BCN_ALT, min: 0.000000, max: 10000.000000, random digit param value:2576
#---------------------------------A.RANGEFINDER-------------------------------------------
[Distance] P1: -1.000000 P2: -1.000000 P3: -1.000000 P4: -1.000000 
[2024-06-18 14:36:27] [Distance] Global distance: 1.000000
#-----------------------------------------------------------------------------
[2024-06-18 14:36:27] [RANGEFINDER] Mode_t:ALT_HOLD, yaw_max:0.020873, yaw_min:-0.017938, roll_max: 0.002169, roll_min:-0.001452, pitch_max:0.001186, pitch_min: -0.001602
[2024-06-18 14:36:27] P values [-1, -1, -1, -1, 0, 0, 0, 0, 0, 0, 0, 0, 0, 0, 0, 0, 0, 0, 0, 0, 0, 0, 0, 0, 0, 0, 0, 0, 0, 0]
[2024-06-18 14:36:27] [Debug] drone_status:4
[2024-06-18 14:36:27] Incrementing the status_ctr
[2024-06-18 14:36:27] ### Next round (12) for fuzzing commands. ###
#---------------------------------A.RANGEFINDER-------------------------------------------
[Distance] P1: -1.000000 P2: -1.000000 P3: -1.000000 P4: -1.000000 
[2024-06-18 14:36:27] [Distance] Global distance: 1.000000
#-----------------------------------------------------------------------------
[2024-06-18 14:36:27] [RANGEFINDER] Mode_t:ALT_HOLD, yaw_max:0.020873, yaw_min:-0.017938, roll_max: 0.002169, roll_min:-0.001452, pitch_max:0.001186, pitch_min: -0.001602
[2024-06-18 14:36:27] P values [-1, -1, -1, -1, 0, 0, 0, 0, 0, 0, 0, 0, 0, 0, 0, 0, 0, 0, 0, 0, 0, 0, 0, 0, 0, 0, 0, 0, 0, 0]
[2024-06-18 14:36:27] # [Change_parameter()] selected params: ATC_RAT_RLL_FLTD
[2024-06-18 14:36:27] # [Change_parameter()] selected params: ATC_RAT_RLL_FLTD, min: 0.000000, max: 50.000000, random digit param value:24
#---------------------------------A.RANGEFINDER-------------------------------------------
[Distance] P1: -1.000000 P2: -1.000000 P3: -1.000000 P4: -1.000000 
[2024-06-18 14:36:34] [Distance] Global distance: 1.000000
#-----------------------------------------------------------------------------
[2024-06-18 14:36:34] [RANGEFINDER] Mode_t:ALT_HOLD, yaw_max:0.020873, yaw_min:-0.017938, roll_max: 0.002169, roll_min:-0.001452, pitch_max:0.001186, pitch_min: -0.001602
[2024-06-18 14:36:34] P values [-1, -1, -1, -1, 0, 0, 0, 0, 0, 0, 0, 0, 0, 0, 0, 0, 0, 0, 0, 0, 0, 0, 0, 0, 0, 0, 0, 0, 0, 0]
[2024-06-18 14:36:34] [Debug] drone_status:4
[2024-06-18 14:36:34] Incrementing the status_ctr
[2024-06-18 14:36:34] ### Next round (13) for fuzzing commands. ###
#---------------------------------A.RANGEFINDER-------------------------------------------
[Distance] P1: -1.000000 P2: -1.000000 P3: -1.000000 P4: -1.000000 
[2024-06-18 14:36:34] [Distance] Global distance: 1.000000
#-----------------------------------------------------------------------------
[2024-06-18 14:36:34] [RANGEFINDER] Mode_t:ALT_HOLD, yaw_max:0.020873, yaw_min:-0.017938, roll_max: 0.002169, roll_min:-0.001452, pitch_max:0.001186, pitch_min: -0.001602
[2024-06-18 14:36:34] P values [-1, -1, -1, -1, 0, 0, 0, 0, 0, 0, 0, 0, 0, 0, 0, 0, 0, 0, 0, 0, 0, 0, 0, 0, 0, 0, 0, 0, 0, 0]
[2024-06-18 14:36:34] [Execute_env] (SIM_SHOVE_X, 83.870252548)
#---------------------------------A.RANGEFINDER-------------------------------------------
[Distance] P1: -1.000000 P2: -1.000000 P3: -1.000000 P4: -1.000000 
[2024-06-18 14:36:38] [Distance] Global distance: 1.000000
#-----------------------------------------------------------------------------
[2024-06-18 14:36:38] [RANGEFINDER] Mode_t:ALT_HOLD, yaw_max:0.020873, yaw_min:-0.017938, roll_max: 0.002169, roll_min:-0.001452, pitch_max:0.001186, pitch_min: -0.001602
[2024-06-18 14:36:38] P values [-1, -1, -1, -1, 0, 0, 0, 0, 0, 0, 0, 0, 0, 0, 0, 0, 0, 0, 0, 0, 0, 0, 0, 0, 0, 0, 0, 0, 0, 0]
[2024-06-18 14:36:38] [Debug] drone_status:4
[2024-06-18 14:36:38] Incrementing the status_ctr
[2024-06-18 14:36:38] ### Next round (14) for fuzzing commands. ###
#---------------------------------A.RANGEFINDER-------------------------------------------
[Distance] P1: -1.000000 P2: -1.000000 P3: -1.000000 P4: -1.000000 
[2024-06-18 14:36:38] [Distance] Global distance: 1.000000
#-----------------------------------------------------------------------------
[2024-06-18 14:36:38] [RANGEFINDER] Mode_t:ALT_HOLD, yaw_max:0.020873, yaw_min:-0.017938, roll_max: 0.002169, roll_min:-0.001452, pitch_max:0.001186, pitch_min: -0.001602
[2024-06-18 14:36:38] P values [-1, -1, -1, -1, 0, 0, 0, 0, 0, 0, 0, 0, 0, 0, 0, 0, 0, 0, 0, 0, 0, 0, 0, 0, 0, 0, 0, 0, 0, 0]
[2024-06-18 14:36:38] # [Change_parameter()] selected params: EK2_VELD_M_NSE
[2024-06-18 14:36:38] # [Change_parameter()] selected params: EK2_VELD_M_NSE, min: 0.050000, max: 5.000000, random real param value:1.720255
#---------------------------------A.RANGEFINDER-------------------------------------------
[Distance] P1: -1.000000 P2: -1.000000 P3: -1.000000 P4: -1.000000 
[2024-06-18 14:36:45] [Distance] Global distance: 1.000000
#-----------------------------------------------------------------------------
[2024-06-18 14:36:45] [RANGEFINDER] Mode_t:ALT_HOLD, yaw_max:0.020873, yaw_min:-0.017938, roll_max: 0.002169, roll_min:-0.001452, pitch_max:0.001186, pitch_min: -0.001602
[2024-06-18 14:36:45] P values [-1, -1, -1, -1, 0, 0, 0, 0, 0, 0, 0, 0, 0, 0, 0, 0, 0, 0, 0, 0, 0, 0, 0, 0, 0, 0, 0, 0, 0, 0]
[2024-06-18 14:36:45] [Debug] drone_status:4
[2024-06-18 14:36:45] Incrementing the status_ctr
[2024-06-18 14:36:45] ### Next round (15) for fuzzing commands. ###
#---------------------------------A.RANGEFINDER-------------------------------------------
[Distance] P1: -1.000000 P2: -1.000000 P3: -1.000000 P4: -1.000000 
[2024-06-18 14:36:45] [Distance] Global distance: 1.000000
#-----------------------------------------------------------------------------
[2024-06-18 14:36:45] [RANGEFINDER] Mode_t:ALT_HOLD, yaw_max:0.020873, yaw_min:-0.017938, roll_max: 0.002169, roll_min:-0.001452, pitch_max:0.001186, pitch_min: -0.001602
[2024-06-18 14:36:45] P values [-1, -1, -1, -1, 0, 0, 0, 0, 0, 0, 0, 0, 0, 0, 0, 0, 0, 0, 0, 0, 0, 0, 0, 0, 0, 0, 0, 0, 0, 0]
[2024-06-18 14:36:45] Generated random msgs for rangefinder
#---------------------------------A.RANGEFINDER-------------------------------------------
[Distance] P1: -1.000000 P2: -1.000000 P3: -1.000000 P4: -1.000000 
[2024-06-18 14:36:49] [Distance] Global distance: 1.000000
#-----------------------------------------------------------------------------
[2024-06-18 14:36:49] [RANGEFINDER] Mode_t:ALT_HOLD, yaw_max:0.020873, yaw_min:-0.017938, roll_max: 0.003685, roll_min:-0.001452, pitch_max:0.001186, pitch_min: -0.001602
[2024-06-18 14:36:49] P values [-1, -1, -1, -1, 0, 0, 0, 0, 0, 0, 0, 0, 0, 0, 0, 0, 0, 0, 0, 0, 0, 0, 0, 0, 0, 0, 0, 0, 0, 0]
[2024-06-18 14:36:49] [Debug] drone_status:4
[2024-06-18 14:36:49] Incrementing the status_ctr
[2024-06-18 14:36:49] ### Next round (16) for fuzzing commands. ###
#---------------------------------A.RANGEFINDER-------------------------------------------
[Distance] P1: -1.000000 P2: -1.000000 P3: -1.000000 P4: -1.000000 
[2024-06-18 14:36:49] [Distance] Global distance: 1.000000
#-----------------------------------------------------------------------------
[2024-06-18 14:36:49] [RANGEFINDER] Mode_t:ALT_HOLD, yaw_max:0.020873, yaw_min:-0.017938, roll_max: 0.003685, roll_min:-0.001452, pitch_max:0.001186, pitch_min: -0.001602
[2024-06-18 14:36:49] P values [-1, -1, -1, -1, 0, 0, 0, 0, 0, 0, 0, 0, 0, 0, 0, 0, 0, 0, 0, 0, 0, 0, 0, 0, 0, 0, 0, 0, 0, 0]
[2024-06-18 14:36:49] [Execute_env] (SIM_PLD_ALT_LMT, 22.6018292929)
#---------------------------------A.RANGEFINDER-------------------------------------------
[Distance] P1: -1.000000 P2: -1.000000 P3: -1.000000 P4: -1.000000 
[2024-06-18 14:36:53] [Distance] Global distance: 1.000000
#-----------------------------------------------------------------------------
[2024-06-18 14:36:53] [RANGEFINDER] Mode_t:ALT_HOLD, yaw_max:0.020873, yaw_min:-0.017938, roll_max: 0.003685, roll_min:-0.002195, pitch_max:0.001186, pitch_min: -0.001602
[2024-06-18 14:36:53] P values [-1, -1, -1, -1, 0, 0, 0, 0, 0, 0, 0, 0, 0, 0, 0, 0, 0, 0, 0, 0, 0, 0, 0, 0, 0, 0, 0, 0, 0, 0]
[2024-06-18 14:36:53] [Debug] drone_status:4
[2024-06-18 14:36:53] Incrementing the status_ctr
[2024-06-18 14:36:53] ### Next round (17) for fuzzing commands. ###
#---------------------------------A.RANGEFINDER-------------------------------------------
[Distance] P1: -1.000000 P2: -1.000000 P3: -1.000000 P4: -1.000000 
[2024-06-18 14:36:53] [Distance] Global distance: 1.000000
#-----------------------------------------------------------------------------
[2024-06-18 14:36:53] [RANGEFINDER] Mode_t:ALT_HOLD, yaw_max:0.020873, yaw_min:-0.017938, roll_max: 0.003685, roll_min:-0.002195, pitch_max:0.001186, pitch_min: -0.001602
[2024-06-18 14:36:53] P values [-1, -1, -1, -1, 0, 0, 0, 0, 0, 0, 0, 0, 0, 0, 0, 0, 0, 0, 0, 0, 0, 0, 0, 0, 0, 0, 0, 0, 0, 0]
[2024-06-18 14:36:53] Generated random msgs for rangefinder
#---------------------------------A.RANGEFINDER-------------------------------------------
[Distance] P1: -1.000000 P2: -1.000000 P3: -1.000000 P4: -1.000000 
[2024-06-18 14:36:57] [Distance] Global distance: 1.000000
#-----------------------------------------------------------------------------
[2024-06-18 14:36:57] [RANGEFINDER] Mode_t:ALT_HOLD, yaw_max:0.020873, yaw_min:-0.017938, roll_max: 0.003685, roll_min:-0.002195, pitch_max:0.001186, pitch_min: -0.001602
[2024-06-18 14:36:57] P values [-1, -1, -1, -1, 0, 0, 0, 0, 0, 0, 0, 0, 0, 0, 0, 0, 0, 0, 0, 0, 0, 0, 0, 0, 0, 0, 0, 0, 0, 0]
[2024-06-18 14:36:57] [Debug] drone_status:4
[2024-06-18 14:36:57] Incrementing the status_ctr
[2024-06-18 14:36:57] ### Next round (18) for fuzzing commands. ###
#---------------------------------A.RANGEFINDER-------------------------------------------
[Distance] P1: -1.000000 P2: -1.000000 P3: -1.000000 P4: -1.000000 
[2024-06-18 14:36:57] [Distance] Global distance: 1.000000
#-----------------------------------------------------------------------------
[2024-06-18 14:36:57] [RANGEFINDER] Mode_t:ALT_HOLD, yaw_max:0.020873, yaw_min:-0.017938, roll_max: 0.003685, roll_min:-0.002195, pitch_max:0.001186, pitch_min: -0.001602
[2024-06-18 14:36:57] P values [-1, -1, -1, -1, 0, 0, 0, 0, 0, 0, 0, 0, 0, 0, 0, 0, 0, 0, 0, 0, 0, 0, 0, 0, 0, 0, 0, 0, 0, 0]
[2024-06-18 14:36:57] Generated random msgs for rangefinder
#---------------------------------A.RANGEFINDER-------------------------------------------
[Distance] P1: -1.000000 P2: -1.000000 P3: -1.000000 P4: -1.000000 
[2024-06-18 14:37:01] [Distance] Global distance: 1.000000
#-----------------------------------------------------------------------------
[2024-06-18 14:37:01] [RANGEFINDER] Mode_t:ALT_HOLD, yaw_max:0.020873, yaw_min:-0.017938, roll_max: 0.003685, roll_min:-0.002195, pitch_max:0.001299, pitch_min: -0.001602
[2024-06-18 14:37:01] P values [-1, -1, -1, -1, 0, 0, 0, 0, 0, 0, 0, 0, 0, 0, 0, 0, 0, 0, 0, 0, 0, 0, 0, 0, 0, 0, 0, 0, 0, 0]
[2024-06-18 14:37:01] [Debug] drone_status:4
[2024-06-18 14:37:01] Incrementing the status_ctr
[2024-06-18 14:37:01] ### Next round (19) for fuzzing commands. ###
#---------------------------------A.RANGEFINDER-------------------------------------------
[Distance] P1: -1.000000 P2: -1.000000 P3: -1.000000 P4: -1.000000 
[2024-06-18 14:37:01] [Distance] Global distance: 1.000000
#-----------------------------------------------------------------------------
[2024-06-18 14:37:01] [RANGEFINDER] Mode_t:ALT_HOLD, yaw_max:0.020873, yaw_min:-0.017938, roll_max: 0.003685, roll_min:-0.002195, pitch_max:0.001299, pitch_min: -0.001602
[2024-06-18 14:37:01] P values [-1, -1, -1, -1, 0, 0, 0, 0, 0, 0, 0, 0, 0, 0, 0, 0, 0, 0, 0, 0, 0, 0, 0, 0, 0, 0, 0, 0, 0, 0]
[2024-06-18 14:37:01] Generated random msgs for rangefinder
#---------------------------------A.RANGEFINDER-------------------------------------------
[Distance] P1: -1.000000 P2: -1.000000 P3: -1.000000 P4: -1.000000 
[2024-06-18 14:37:05] [Distance] Global distance: 1.000000
#-----------------------------------------------------------------------------
[2024-06-18 14:37:05] [RANGEFINDER] Mode_t:ALT_HOLD, yaw_max:0.020873, yaw_min:-0.017938, roll_max: 0.003685, roll_min:-0.002195, pitch_max:0.001299, pitch_min: -0.001602
[2024-06-18 14:37:05] P values [-1, -1, -1, -1, 0, 0, 0, 0, 0, 0, 0, 0, 0, 0, 0, 0, 0, 0, 0, 0, 0, 0, 0, 0, 0, 0, 0, 0, 0, 0]
[2024-06-18 14:37:05] [Debug] drone_status:4
[2024-06-18 14:37:05] Incrementing the status_ctr
[2024-06-18 14:37:05] ### Next round (20) for fuzzing commands. ###
#---------------------------------A.RANGEFINDER-------------------------------------------
[Distance] P1: -1.000000 P2: -1.000000 P3: -1.000000 P4: -1.000000 
[2024-06-18 14:37:05] [Distance] Global distance: 1.000000
#-----------------------------------------------------------------------------
[2024-06-18 14:37:05] [RANGEFINDER] Mode_t:ALT_HOLD, yaw_max:0.020873, yaw_min:-0.017938, roll_max: 0.003685, roll_min:-0.002195, pitch_max:0.001299, pitch_min: -0.001602
[2024-06-18 14:37:05] P values [-1, -1, -1, -1, 0, 0, 0, 0, 0, 0, 0, 0, 0, 0, 0, 0, 0, 0, 0, 0, 0, 0, 0, 0, 0, 0, 0, 0, 0, 0]
[2024-06-18 14:37:05] [Execute_cmd] (MAV_CMD_SOLO_BTN_PAUSE_CLICK, 45,24,100,53,74,44,55)
#---------------------------------A.RANGEFINDER-------------------------------------------
[Distance] P1: 1.000000 P2: -1.000000 P3: -1.000000 P4: -1.000000 
[2024-06-18 14:37:09] [Distance] Global distance: 1.000000
#-----------------------------------------------------------------------------
[2024-06-18 14:37:09] [*Distance*] propositional distance 1 is increased (input: MAV_CMD_SOLO_BTN_PAUSE_CLICK, 45,24,100,53,74,44,55)
[2024-06-18 14:37:09] [write_guidance_log] appending: MAV_CMD_SOLO_BTN_PAUSE_CLICK 45,24,100,53,74,44,55 1 2

[2024-06-18 14:37:09] [RANGEFINDER] Mode_t:LOITER, yaw_max:0.020873, yaw_min:-0.017938, roll_max: 0.003685, roll_min:-0.002195, pitch_max:0.001299, pitch_min: -0.004400
[2024-06-18 14:37:09] P values [1, -1, -1, -1, 0, 0, 0, 0, 0, 0, 0, 0, 0, 0, 0, 0, 0, 0, 0, 0, 0, 0, 0, 0, 0, 0, 0, 0, 0, 0]
[2024-06-18 14:37:09] [Debug] drone_status:4
[2024-06-18 14:37:09] Incrementing the status_ctr
[2024-06-18 14:37:09] ### Next round (21) for fuzzing commands. ###
#---------------------------------A.RANGEFINDER-------------------------------------------
[Distance] P1: 1.000000 P2: -1.000000 P3: -1.000000 P4: -1.000000 
[2024-06-18 14:37:09] [Distance] Global distance: 1.000000
#-----------------------------------------------------------------------------
[2024-06-18 14:37:09] [RANGEFINDER] Mode_t:LOITER, yaw_max:0.020873, yaw_min:-0.017938, roll_max: 0.003685, roll_min:-0.002195, pitch_max:0.001299, pitch_min: -0.004400
[2024-06-18 14:37:09] P values [1, -1, -1, -1, 0, 0, 0, 0, 0, 0, 0, 0, 0, 0, 0, 0, 0, 0, 0, 0, 0, 0, 0, 0, 0, 0, 0, 0, 0, 0]
[2024-06-18 14:37:09] [Execute_env] (SIM_ENGINE_MUL, 44.3174649934)
#---------------------------------A.RANGEFINDER-------------------------------------------
[Distance] P1: 1.000000 P2: 1.000000 P3: 1.000000 P4: 1.000000 
[2024-06-18 14:37:13] [Distance] Global distance: -1.000000
#-----------------------------------------------------------------------------
[2024-06-18 14:37:13] ***************Policy violation!***************
Create the policy_violations dir as not found
Restarting the vehicle : Policy violation logged
[2024-06-18 14:37:13] #-----------------------------------------------------------------------------
[2024-06-18 14:37:13] #-----------------------------------------------------------------------------
[2024-06-18 14:37:13] #------------------------- RE-LAUNCH the vehicle -----------------------------
[2024-06-18 14:37:13] #-----------------------------------------------------------------------------
[2024-06-18 14:37:13] #-----------------------------------------------------------------------------
[2024-06-18 14:37:18] [re-launch] min_thr:975, target throttle:995
[2024-06-18 14:37:27] [status_text] Calibrating barometer
[2024-06-18 14:37:28] [status_text] ArduCopter V4.1.0-dev (be8f747b)
[2024-06-18 14:37:28] [status_text] 43ef9e12cd45440383d4ec9e33e65b21
[2024-06-18 14:37:28] [status_text] Frame: QUAD/PLUS
[2024-06-18 14:37:28] [status_text] Barometer 1 calibration complete
[2024-06-18 14:37:28] [status_text] Barometer 2 calibration complete
[2024-06-18 14:37:29] [status_text] ArduPilot Ready
[2024-06-18 14:37:29] [status_text] AHRS: DCM active
[2024-06-18 14:37:29] [status_text] SaveWaypoint LOW
[2024-06-18 14:37:30] [status_text] EKF3 IMU0 buffs IMU=19 OBS=7 OF=17 EN:17 dt=0.0120
[2024-06-18 14:37:30] [status_text] EKF3 IMU1 buffs IMU=19 OBS=7 OF=17 EN:17 dt=0.0120
[2024-06-18 14:37:31] [status_text] EKF3 IMU0 initialised
[2024-06-18 14:37:31] [status_text] EKF3 IMU1 initialised
[2024-06-18 14:37:31] [status_text] AHRS: EKF3 active
[2024-06-18 14:37:31] [status_text] EKF3 IMU1 initial yaw alignment complete
[2024-06-18 14:37:31] [status_text] EKF3 IMU0 initial yaw alignment complete
[2024-06-18 14:37:32] [status_text] EKF3 IMU1 tilt alignment complete
[2024-06-18 14:37:32] [status_text] EKF3 IMU0 tilt alignment complete
[2024-06-18 14:37:35] [status_text] GPS 1: detected as u-blox at 230400 baud
[2024-06-18 14:37:45] [status_text] EKF3 IMU0 origin set
[2024-06-18 14:37:45] [status_text] EKF3 IMU1 origin set
[2024-06-18 14:38:06] [status_text] EKF3 IMU1 is using GPS
[2024-06-18 14:38:06] [status_text] EKF3 IMU0 is using GPS
[2024-06-18 14:38:10] [Set_preconditions] PRX_TYPE = 2
[2024-06-18 14:38:13] [status_text] Arming motors
[2024-06-18 14:38:20] [status_text] EKF3 IMU1 in-flight yaw alignment complete
[2024-06-18 14:38:20] [status_text] EKF3 IMU0 in-flight yaw alignment complete
[2024-06-18 14:38:41] [*Distance*] propositional distance 2 is increased (input: SIM_ENGINE_MUL, 44.3174649934)
[2024-06-18 14:38:41] [write_guidance_log] appending: SIM_ENGINE_MUL 44.3174649934 2 2

[2024-06-18 14:38:41] [*Distance*] propositional distance 3 is increased (input: SIM_ENGINE_MUL, 44.3174649934)
[2024-06-18 14:38:41] [write_guidance_log] appending: SIM_ENGINE_MUL 44.3174649934 3 2

[2024-06-18 14:38:41] [*Distance*] propositional distance 4 is increased (input: SIM_ENGINE_MUL, 44.3174649934)
[2024-06-18 14:38:41] [write_guidance_log] appending: SIM_ENGINE_MUL 44.3174649934 4 2

[2024-06-18 14:38:41] [RANGEFINDER] Mode_t:GUIDED, yaw_max:34.900177, yaw_min:-0.017938, roll_max: 0.003685, roll_min:-34.915699, pitch_max:0.001299, pitch_min: -3.212910
[2024-06-18 14:38:41] P values [1, 1, 1, 1, 0, 0, 0, 0, 0, 0, 0, 0, 0, 0, 0, 0, 0, 0, 0, 0, 0, 0, 0, 0, 0, 0, 0, 0, 0, 0]
[2024-06-18 14:38:41] [Debug] drone_status:4
[2024-06-18 14:38:41] Incrementing the status_ctr
[2024-06-18 14:38:41] ### Next round (0) for fuzzing commands. ###
#---------------------------------A.RANGEFINDER-------------------------------------------
[Distance] P1: -1.000000 P2: 1.000000 P3: 1.000000 P4: 1.000000 
[2024-06-18 14:38:41] [Distance] Global distance: 1.000000
#-----------------------------------------------------------------------------
[2024-06-18 14:38:41] [RANGEFINDER] Mode_t:GUIDED, yaw_max:34.900177, yaw_min:-0.017938, roll_max: 0.003685, roll_min:-34.915699, pitch_max:0.006942, pitch_min: -3.212910
[2024-06-18 14:38:41] P values [-1, 1, 1, 1, 0, 0, 0, 0, 0, 0, 0, 0, 0, 0, 0, 0, 0, 0, 0, 0, 0, 0, 0, 0, 0, 0, 0, 0, 0, 0]
[2024-06-18 14:38:41] Generated random msgs for rangefinder
#---------------------------------A.RANGEFINDER-------------------------------------------
[Distance] P1: -1.000000 P2: 1.000000 P3: 1.000000 P4: 1.000000 
[2024-06-18 14:38:45] [Distance] Global distance: 1.000000
#-----------------------------------------------------------------------------
[2024-06-18 14:38:45] [RANGEFINDER] Mode_t:GUIDED, yaw_max:34.900177, yaw_min:-0.017938, roll_max: 0.003685, roll_min:-34.915699, pitch_max:0.006942, pitch_min: -3.212910
[2024-06-18 14:38:45] P values [-1, 1, 1, 1, 0, 0, 0, 0, 0, 0, 0, 0, 0, 0, 0, 0, 0, 0, 0, 0, 0, 0, 0, 0, 0, 0, 0, 0, 0, 0]
[2024-06-18 14:38:45] [Debug] drone_status:4
[2024-06-18 14:38:45] Incrementing the status_ctr
[2024-06-18 14:38:45] ### Next round (1) for fuzzing commands. ###
#---------------------------------A.RANGEFINDER-------------------------------------------
[Distance] P1: -1.000000 P2: 1.000000 P3: 1.000000 P4: 1.000000 
[2024-06-18 14:38:45] [Distance] Global distance: 1.000000
#-----------------------------------------------------------------------------
[2024-06-18 14:38:45] [RANGEFINDER] Mode_t:GUIDED, yaw_max:34.900177, yaw_min:-0.017938, roll_max: 0.003685, roll_min:-34.915699, pitch_max:0.006942, pitch_min: -3.212910
[2024-06-18 14:38:45] P values [-1, 1, 1, 1, 0, 0, 0, 0, 0, 0, 0, 0, 0, 0, 0, 0, 0, 0, 0, 0, 0, 0, 0, 0, 0, 0, 0, 0, 0, 0]
[2024-06-18 14:38:45] Generated random msgs for rangefinder
#---------------------------------A.RANGEFINDER-------------------------------------------
[Distance] P1: -1.000000 P2: 1.000000 P3: 1.000000 P4: 1.000000 
[2024-06-18 14:38:49] [Distance] Global distance: 1.000000
#-----------------------------------------------------------------------------
[2024-06-18 14:38:49] [RANGEFINDER] Mode_t:GUIDED, yaw_max:34.900177, yaw_min:-0.017938, roll_max: 0.003685, roll_min:-34.915699, pitch_max:0.006942, pitch_min: -3.212910
[2024-06-18 14:38:49] P values [-1, 1, 1, 1, 0, 0, 0, 0, 0, 0, 0, 0, 0, 0, 0, 0, 0, 0, 0, 0, 0, 0, 0, 0, 0, 0, 0, 0, 0, 0]
[2024-06-18 14:38:49] [Debug] drone_status:4
[2024-06-18 14:38:49] Incrementing the status_ctr
[2024-06-18 14:38:49] ### Next round (2) for fuzzing commands. ###
#---------------------------------A.RANGEFINDER-------------------------------------------
[Distance] P1: -1.000000 P2: 1.000000 P3: 1.000000 P4: 1.000000 
[2024-06-18 14:38:49] [Distance] Global distance: 1.000000
#-----------------------------------------------------------------------------
[2024-06-18 14:38:49] [RANGEFINDER] Mode_t:GUIDED, yaw_max:34.900177, yaw_min:-0.017938, roll_max: 0.003685, roll_min:-34.915699, pitch_max:0.006942, pitch_min: -3.212910
[2024-06-18 14:38:49] P values [-1, 1, 1, 1, 0, 0, 0, 0, 0, 0, 0, 0, 0, 0, 0, 0, 0, 0, 0, 0, 0, 0, 0, 0, 0, 0, 0, 0, 0, 0]
[2024-06-18 14:38:49] Generated random msgs for rangefinder
#---------------------------------A.RANGEFINDER-------------------------------------------
[Distance] P1: -1.000000 P2: 1.000000 P3: 1.000000 P4: 1.000000 
[2024-06-18 14:38:53] [Distance] Global distance: 1.000000
#-----------------------------------------------------------------------------
[2024-06-18 14:38:53] [RANGEFINDER] Mode_t:GUIDED, yaw_max:34.900177, yaw_min:-0.017938, roll_max: 0.003685, roll_min:-34.915699, pitch_max:0.006942, pitch_min: -3.212910
[2024-06-18 14:38:53] P values [-1, 1, 1, 1, 0, 0, 0, 0, 0, 0, 0, 0, 0, 0, 0, 0, 0, 0, 0, 0, 0, 0, 0, 0, 0, 0, 0, 0, 0, 0]
[2024-06-18 14:38:53] [Debug] drone_status:4
[2024-06-18 14:38:53] Incrementing the status_ctr
[2024-06-18 14:38:53] ### Next round (3) for fuzzing commands. ###
#---------------------------------A.RANGEFINDER-------------------------------------------
[Distance] P1: -1.000000 P2: 1.000000 P3: 1.000000 P4: 1.000000 
[2024-06-18 14:38:53] [Distance] Global distance: 1.000000
#-----------------------------------------------------------------------------
[2024-06-18 14:38:53] [RANGEFINDER] Mode_t:GUIDED, yaw_max:34.900177, yaw_min:-0.017938, roll_max: 0.003685, roll_min:-34.915699, pitch_max:0.006942, pitch_min: -3.212910
[2024-06-18 14:38:53] P values [-1, 1, 1, 1, 0, 0, 0, 0, 0, 0, 0, 0, 0, 0, 0, 0, 0, 0, 0, 0, 0, 0, 0, 0, 0, 0, 0, 0, 0, 0]
[2024-06-18 14:38:53] Generated random msgs for rangefinder
#---------------------------------A.RANGEFINDER-------------------------------------------
[Distance] P1: -1.000000 P2: 1.000000 P3: 1.000000 P4: 1.000000 
[2024-06-18 14:38:57] [Distance] Global distance: 1.000000
#-----------------------------------------------------------------------------
[2024-06-18 14:38:57] [RANGEFINDER] Mode_t:GUIDED, yaw_max:34.900177, yaw_min:-0.017938, roll_max: 0.004207, roll_min:-34.915699, pitch_max:0.006942, pitch_min: -3.212910
[2024-06-18 14:38:57] P values [-1, 1, 1, 1, 0, 0, 0, 0, 0, 0, 0, 0, 0, 0, 0, 0, 0, 0, 0, 0, 0, 0, 0, 0, 0, 0, 0, 0, 0, 0]
[2024-06-18 14:38:57] [Debug] drone_status:4
[2024-06-18 14:38:57] Incrementing the status_ctr
[2024-06-18 14:38:57] ### Next round (4) for fuzzing commands. ###
#---------------------------------A.RANGEFINDER-------------------------------------------
[Distance] P1: -1.000000 P2: 1.000000 P3: 1.000000 P4: 1.000000 
[2024-06-18 14:38:57] [Distance] Global distance: 1.000000
#-----------------------------------------------------------------------------
[2024-06-18 14:38:57] [RANGEFINDER] Mode_t:GUIDED, yaw_max:34.900177, yaw_min:-0.017938, roll_max: 0.004207, roll_min:-34.915699, pitch_max:0.006942, pitch_min: -3.212910
[2024-06-18 14:38:57] P values [-1, 1, 1, 1, 0, 0, 0, 0, 0, 0, 0, 0, 0, 0, 0, 0, 0, 0, 0, 0, 0, 0, 0, 0, 0, 0, 0, 0, 0, 0]
[2024-06-18 14:38:57] [Execute_cmd] (MAV_CMD_DO_AUTOTUNE_ENABLE, 100,60,14,20,68,98,25)
#---------------------------------A.RANGEFINDER-------------------------------------------
[Distance] P1: -1.000000 P2: 1.000000 P3: 1.000000 P4: 1.000000 
[2024-06-18 14:39:01] [Distance] Global distance: 1.000000
#-----------------------------------------------------------------------------
[2024-06-18 14:39:01] [RANGEFINDER] Mode_t:GUIDED, yaw_max:34.900177, yaw_min:-0.017938, roll_max: 0.007021, roll_min:-34.915699, pitch_max:0.006942, pitch_min: -3.212910
[2024-06-18 14:39:01] P values [-1, 1, 1, 1, 0, 0, 0, 0, 0, 0, 0, 0, 0, 0, 0, 0, 0, 0, 0, 0, 0, 0, 0, 0, 0, 0, 0, 0, 0, 0]
[2024-06-18 14:39:01] [Debug] drone_status:4
[2024-06-18 14:39:01] Incrementing the status_ctr
[2024-06-18 14:39:01] ### Next round (5) for fuzzing commands. ###
#---------------------------------A.RANGEFINDER-------------------------------------------
[Distance] P1: -1.000000 P2: 1.000000 P3: 1.000000 P4: 1.000000 
[2024-06-18 14:39:01] [Distance] Global distance: 1.000000
#-----------------------------------------------------------------------------
[2024-06-18 14:39:01] [RANGEFINDER] Mode_t:GUIDED, yaw_max:34.900177, yaw_min:-0.017938, roll_max: 0.007021, roll_min:-34.915699, pitch_max:0.006942, pitch_min: -3.212910
[2024-06-18 14:39:01] P values [-1, 1, 1, 1, 0, 0, 0, 0, 0, 0, 0, 0, 0, 0, 0, 0, 0, 0, 0, 0, 0, 0, 0, 0, 0, 0, 0, 0, 0, 0]
[2024-06-18 14:39:01] [Execute_cmd] (MAV_CMD_NAV_TAKEOFF, 69,50,66,87,58,50,65)
#---------------------------------A.RANGEFINDER-------------------------------------------
[Distance] P1: -1.000000 P2: 1.000000 P3: 1.000000 P4: 1.000000 
[2024-06-18 14:39:05] [Distance] Global distance: 1.000000
#-----------------------------------------------------------------------------
[2024-06-18 14:39:05] [RANGEFINDER] Mode_t:GUIDED, yaw_max:34.900177, yaw_min:-0.017938, roll_max: 0.007021, roll_min:-34.915699, pitch_max:0.007984, pitch_min: -3.212910
[2024-06-18 14:39:05] P values [-1, 1, 1, 1, 0, 0, 0, 0, 0, 0, 0, 0, 0, 0, 0, 0, 0, 0, 0, 0, 0, 0, 0, 0, 0, 0, 0, 0, 0, 0]
[2024-06-18 14:39:05] [Debug] drone_status:4
[2024-06-18 14:39:05] Incrementing the status_ctr
[2024-06-18 14:39:05] ### Next round (6) for fuzzing commands. ###
#---------------------------------A.RANGEFINDER-------------------------------------------
[Distance] P1: -1.000000 P2: 1.000000 P3: 1.000000 P4: 1.000000 
[2024-06-18 14:39:05] [Distance] Global distance: 1.000000
#-----------------------------------------------------------------------------
[2024-06-18 14:39:05] [RANGEFINDER] Mode_t:GUIDED, yaw_max:34.900177, yaw_min:-0.017938, roll_max: 0.007021, roll_min:-34.915699, pitch_max:0.007984, pitch_min: -3.212910
[2024-06-18 14:39:05] P values [-1, 1, 1, 1, 0, 0, 0, 0, 0, 0, 0, 0, 0, 0, 0, 0, 0, 0, 0, 0, 0, 0, 0, 0, 0, 0, 0, 0, 0, 0]
[2024-06-18 14:39:05] [Execute_cmd] (MAV_CMD_FIXED_MAG_CAL, 35,45,6,71,69,11,10)
#---------------------------------A.RANGEFINDER-------------------------------------------
[Distance] P1: -1.000000 P2: 1.000000 P3: 1.000000 P4: 1.000000 
[2024-06-18 14:39:09] [Distance] Global distance: 1.000000
#-----------------------------------------------------------------------------
[2024-06-18 14:39:09] [RANGEFINDER] Mode_t:GUIDED, yaw_max:34.900177, yaw_min:-0.017938, roll_max: 0.007021, roll_min:-34.915699, pitch_max:0.007984, pitch_min: -3.212910
[2024-06-18 14:39:09] P values [-1, 1, 1, 1, 0, 0, 0, 0, 0, 0, 0, 0, 0, 0, 0, 0, 0, 0, 0, 0, 0, 0, 0, 0, 0, 0, 0, 0, 0, 0]
[2024-06-18 14:39:09] [Debug] drone_status:4
[2024-06-18 14:39:09] Incrementing the status_ctr
[2024-06-18 14:39:09] ### Next round (7) for fuzzing commands. ###
#---------------------------------A.RANGEFINDER-------------------------------------------
[Distance] P1: -1.000000 P2: 1.000000 P3: 1.000000 P4: 1.000000 
[2024-06-18 14:39:09] [Distance] Global distance: 1.000000
#-----------------------------------------------------------------------------
[2024-06-18 14:39:09] [RANGEFINDER] Mode_t:GUIDED, yaw_max:34.900177, yaw_min:-0.017938, roll_max: 0.007021, roll_min:-34.915699, pitch_max:0.007984, pitch_min: -3.212910
[2024-06-18 14:39:09] P values [-1, 1, 1, 1, 0, 0, 0, 0, 0, 0, 0, 0, 0, 0, 0, 0, 0, 0, 0, 0, 0, 0, 0, 0, 0, 0, 0, 0, 0, 0]
[2024-06-18 14:39:09] Generated random msgs for rangefinder
#---------------------------------A.RANGEFINDER-------------------------------------------
[Distance] P1: -1.000000 P2: 1.000000 P3: 1.000000 P4: 1.000000 
[2024-06-18 14:39:13] [Distance] Global distance: 1.000000
#-----------------------------------------------------------------------------
[2024-06-18 14:39:13] [RANGEFINDER] Mode_t:GUIDED, yaw_max:34.900177, yaw_min:-0.017938, roll_max: 0.007021, roll_min:-34.915699, pitch_max:0.007984, pitch_min: -3.212910
[2024-06-18 14:39:13] P values [-1, 1, 1, 1, 0, 0, 0, 0, 0, 0, 0, 0, 0, 0, 0, 0, 0, 0, 0, 0, 0, 0, 0, 0, 0, 0, 0, 0, 0, 0]
[2024-06-18 14:39:13] [Debug] drone_status:4
[2024-06-18 14:39:13] Incrementing the status_ctr
[2024-06-18 14:39:13] ### Next round (8) for fuzzing commands. ###
#---------------------------------A.RANGEFINDER-------------------------------------------
[Distance] P1: -1.000000 P2: 1.000000 P3: 1.000000 P4: 1.000000 
[2024-06-18 14:39:13] [Distance] Global distance: 1.000000
#-----------------------------------------------------------------------------
[2024-06-18 14:39:13] [RANGEFINDER] Mode_t:GUIDED, yaw_max:34.900177, yaw_min:-0.017938, roll_max: 0.007021, roll_min:-34.915699, pitch_max:0.007984, pitch_min: -3.212910
[2024-06-18 14:39:13] P values [-1, 1, 1, 1, 0, 0, 0, 0, 0, 0, 0, 0, 0, 0, 0, 0, 0, 0, 0, 0, 0, 0, 0, 0, 0, 0, 0, 0, 0, 0]
[2024-06-18 14:39:13] [Execute_cmd] (MAV_CMD_DO_PARACHUTE, 2)
#---------------------------------A.RANGEFINDER-------------------------------------------
[Distance] P1: -1.000000 P2: 1.000000 P3: 1.000000 P4: 1.000000 
[2024-06-18 14:39:17] [Distance] Global distance: 1.000000
#-----------------------------------------------------------------------------
[2024-06-18 14:39:17] [RANGEFINDER] Mode_t:GUIDED, yaw_max:34.900177, yaw_min:-0.017938, roll_max: 0.007021, roll_min:-34.915699, pitch_max:0.007984, pitch_min: -3.212910
[2024-06-18 14:39:17] P values [-1, 1, 1, 1, 0, 0, 0, 0, 0, 0, 0, 0, 0, 0, 0, 0, 0, 0, 0, 0, 0, 0, 0, 0, 0, 0, 0, 0, 0, 0]
[2024-06-18 14:39:17] [Debug] drone_status:4
[2024-06-18 14:39:17] Incrementing the status_ctr
[2024-06-18 14:39:17] ### Next round (9) for fuzzing commands. ###
#---------------------------------A.RANGEFINDER-------------------------------------------
[Distance] P1: -1.000000 P2: 1.000000 P3: 1.000000 P4: 1.000000 
[2024-06-18 14:39:17] [Distance] Global distance: 1.000000
#-----------------------------------------------------------------------------
[2024-06-18 14:39:17] [RANGEFINDER] Mode_t:GUIDED, yaw_max:34.900177, yaw_min:-0.017938, roll_max: 0.007021, roll_min:-34.915699, pitch_max:0.007984, pitch_min: -3.212910
[2024-06-18 14:39:17] P values [-1, 1, 1, 1, 0, 0, 0, 0, 0, 0, 0, 0, 0, 0, 0, 0, 0, 0, 0, 0, 0, 0, 0, 0, 0, 0, 0, 0, 0, 0]
[2024-06-18 14:39:17] # [Change_parameter()] selected params: EK3_ALT_M_NSE
[2024-06-18 14:39:17] # [Change_parameter()] selected params: EK3_ALT_M_NSE, min: 0.100000, max: 10.000000, random real param value:7.415507
#---------------------------------A.RANGEFINDER-------------------------------------------
[Distance] P1: -1.000000 P2: 1.000000 P3: 1.000000 P4: 1.000000 
[2024-06-18 14:39:24] [Distance] Global distance: 1.000000
#-----------------------------------------------------------------------------
[2024-06-18 14:39:24] [RANGEFINDER] Mode_t:GUIDED, yaw_max:34.900177, yaw_min:-0.017938, roll_max: 0.007021, roll_min:-34.915699, pitch_max:0.007984, pitch_min: -3.212910
[2024-06-18 14:39:24] P values [-1, 1, 1, 1, 0, 0, 0, 0, 0, 0, 0, 0, 0, 0, 0, 0, 0, 0, 0, 0, 0, 0, 0, 0, 0, 0, 0, 0, 0, 0]
[2024-06-18 14:39:24] [Debug] drone_status:4
[2024-06-18 14:39:24] Incrementing the status_ctr
[2024-06-18 14:39:24] ### Next round (10) for fuzzing commands. ###
#---------------------------------A.RANGEFINDER-------------------------------------------
[Distance] P1: -1.000000 P2: 1.000000 P3: 1.000000 P4: 1.000000 
[2024-06-18 14:39:24] [Distance] Global distance: 1.000000
#-----------------------------------------------------------------------------
[2024-06-18 14:39:24] [RANGEFINDER] Mode_t:GUIDED, yaw_max:34.900177, yaw_min:-0.017938, roll_max: 0.007021, roll_min:-34.915699, pitch_max:0.007984, pitch_min: -3.212910
[2024-06-18 14:39:24] P values [-1, 1, 1, 1, 0, 0, 0, 0, 0, 0, 0, 0, 0, 0, 0, 0, 0, 0, 0, 0, 0, 0, 0, 0, 0, 0, 0, 0, 0, 0]
[2024-06-18 14:39:24] [Execute_cmd] (Flight_Mode, 5)
#---------------------------------A.RANGEFINDER-------------------------------------------
[Distance] P1: 1.000000 P2: 1.000000 P3: 1.000000 P4: 1.000000 
[2024-06-18 14:39:28] [Distance] Global distance: -1.000000
#-----------------------------------------------------------------------------
[2024-06-18 14:39:28] ***************Policy violation!***************
Restarting the vehicle : Policy violation logged
[2024-06-18 14:39:28] #-----------------------------------------------------------------------------
[2024-06-18 14:39:28] #-----------------------------------------------------------------------------
[2024-06-18 14:39:28] #------------------------- RE-LAUNCH the vehicle -----------------------------
[2024-06-18 14:39:28] #-----------------------------------------------------------------------------
[2024-06-18 14:39:28] #-----------------------------------------------------------------------------
[2024-06-18 14:39:34] [re-launch] min_thr:975, target throttle:995
[2024-06-18 14:39:42] [status_text] Calibrating barometer
[2024-06-18 14:39:43] [status_text] ArduCopter V4.1.0-dev (be8f747b)
[2024-06-18 14:39:43] [status_text] 43ef9e12cd45440383d4ec9e33e65b21
[2024-06-18 14:39:43] [status_text] Frame: QUAD/PLUS
[2024-06-18 14:39:43] [status_text] Barometer 1 calibration complete
[2024-06-18 14:39:43] [status_text] Barometer 2 calibration complete
[2024-06-18 14:39:44] [status_text] ArduPilot Ready
[2024-06-18 14:39:44] [status_text] AHRS: DCM active
[2024-06-18 14:39:44] [status_text] SaveWaypoint LOW
[2024-06-18 14:39:45] [status_text] EKF3 IMU0 buffs IMU=19 OBS=7 OF=17 EN:17 dt=0.0120
[2024-06-18 14:39:45] [status_text] EKF3 IMU1 buffs IMU=19 OBS=7 OF=17 EN:17 dt=0.0120
[2024-06-18 14:39:46] [status_text] EKF3 IMU0 initialised
[2024-06-18 14:39:46] [status_text] EKF3 IMU1 initialised
[2024-06-18 14:39:46] [status_text] AHRS: EKF3 active
[2024-06-18 14:39:46] [status_text] EKF3 IMU1 initial yaw alignment complete
[2024-06-18 14:39:46] [status_text] EKF3 IMU0 initial yaw alignment complete
[2024-06-18 14:39:47] [status_text] EKF3 IMU1 tilt alignment complete
[2024-06-18 14:39:47] [status_text] EKF3 IMU0 tilt alignment complete
[2024-06-18 14:39:50] [status_text] GPS 1: detected as u-blox at 230400 baud
[2024-06-18 14:40:00] [status_text] EKF3 IMU0 origin set
[2024-06-18 14:40:00] [status_text] EKF3 IMU1 origin set
[2024-06-18 14:40:21] [status_text] EKF3 IMU1 is using GPS
[2024-06-18 14:40:21] [status_text] EKF3 IMU0 is using GPS
[2024-06-18 14:40:26] [Set_preconditions] PRX_TYPE = 2
[2024-06-18 14:40:29] [status_text] Arming motors
[2024-06-18 14:40:35] [status_text] EKF3 IMU0 in-flight yaw alignment complete
[2024-06-18 14:40:35] [status_text] EKF3 IMU1 in-flight yaw alignment complete
[2024-06-18 14:40:57] [*Distance*] propositional distance 1 is increased (input: Flight_Mode, 5)
[2024-06-18 14:40:57] [write_guidance_log] appending: Flight_Mode 5 1 2

[2024-06-18 14:40:57] [RANGEFINDER] Mode_t:GUIDED, yaw_max:34.900177, yaw_min:-0.017938, roll_max: 0.007021, roll_min:-34.915699, pitch_max:0.007984, pitch_min: -3.212910
[2024-06-18 14:40:57] P values [1, 1, 1, 1, 0, 0, 0, 0, 0, 0, 0, 0, 0, 0, 0, 0, 0, 0, 0, 0, 0, 0, 0, 0, 0, 0, 0, 0, 0, 0]
[2024-06-18 14:40:57] [Debug] drone_status:4
[2024-06-18 14:40:57] Incrementing the status_ctr
[2024-06-18 14:40:57] ### Next round (0) for fuzzing commands. ###
#---------------------------------A.RANGEFINDER-------------------------------------------
[Distance] P1: -1.000000 P2: 1.000000 P3: 1.000000 P4: 1.000000 
[2024-06-18 14:40:57] [Distance] Global distance: 1.000000
#-----------------------------------------------------------------------------
[2024-06-18 14:40:57] [RANGEFINDER] Mode_t:GUIDED, yaw_max:34.900177, yaw_min:-0.017938, roll_max: 0.007021, roll_min:-34.915699, pitch_max:0.007984, pitch_min: -3.212910
[2024-06-18 14:40:57] P values [-1, 1, 1, 1, 0, 0, 0, 0, 0, 0, 0, 0, 0, 0, 0, 0, 0, 0, 0, 0, 0, 0, 0, 0, 0, 0, 0, 0, 0, 0]
[2024-06-18 14:40:57] Generated random msgs for rangefinder
#---------------------------------A.RANGEFINDER-------------------------------------------
[Distance] P1: -1.000000 P2: 1.000000 P3: 1.000000 P4: 1.000000 
[2024-06-18 14:41:01] [Distance] Global distance: 1.000000
#-----------------------------------------------------------------------------
[2024-06-18 14:41:01] [RANGEFINDER] Mode_t:GUIDED, yaw_max:34.900177, yaw_min:-0.017938, roll_max: 0.007021, roll_min:-34.915699, pitch_max:0.007984, pitch_min: -3.212910
[2024-06-18 14:41:01] P values [-1, 1, 1, 1, 0, 0, 0, 0, 0, 0, 0, 0, 0, 0, 0, 0, 0, 0, 0, 0, 0, 0, 0, 0, 0, 0, 0, 0, 0, 0]
[2024-06-18 14:41:01] [Debug] drone_status:4
[2024-06-18 14:41:01] Incrementing the status_ctr
[2024-06-18 14:41:01] ### Next round (1) for fuzzing commands. ###
#---------------------------------A.RANGEFINDER-------------------------------------------
[Distance] P1: -1.000000 P2: 1.000000 P3: 1.000000 P4: 1.000000 
[2024-06-18 14:41:01] [Distance] Global distance: 1.000000
#-----------------------------------------------------------------------------
[2024-06-18 14:41:01] [RANGEFINDER] Mode_t:GUIDED, yaw_max:34.900177, yaw_min:-0.017938, roll_max: 0.007021, roll_min:-34.915699, pitch_max:0.007984, pitch_min: -3.212910
[2024-06-18 14:41:01] P values [-1, 1, 1, 1, 0, 0, 0, 0, 0, 0, 0, 0, 0, 0, 0, 0, 0, 0, 0, 0, 0, 0, 0, 0, 0, 0, 0, 0, 0, 0]
[2024-06-18 14:41:01] # [Change_parameter()] selected params: AHRS_TRIM_X
[2024-06-18 14:41:01] # [Change_parameter()] selected params: AHRS_TRIM_X, min: -0.174500, max: 0.174500, random real param value:0.082562
#---------------------------------A.RANGEFINDER-------------------------------------------
[Distance] P1: -1.000000 P2: 1.000000 P3: 1.000000 P4: 1.000000 
[2024-06-18 14:41:08] [Distance] Global distance: 1.000000
#-----------------------------------------------------------------------------
[2024-06-18 14:41:08] [RANGEFINDER] Mode_t:GUIDED, yaw_max:34.900177, yaw_min:-0.017938, roll_max: 0.007021, roll_min:-34.915699, pitch_max:0.007984, pitch_min: -3.212910
[2024-06-18 14:41:08] P values [-1, 1, 1, 1, 0, 0, 0, 0, 0, 0, 0, 0, 0, 0, 0, 0, 0, 0, 0, 0, 0, 0, 0, 0, 0, 0, 0, 0, 0, 0]
[2024-06-18 14:41:08] [Debug] drone_status:4
[2024-06-18 14:41:08] Incrementing the status_ctr
[2024-06-18 14:41:08] ### Next round (2) for fuzzing commands. ###
#---------------------------------A.RANGEFINDER-------------------------------------------
[Distance] P1: -1.000000 P2: 1.000000 P3: 1.000000 P4: 1.000000 
[2024-06-18 14:41:08] [Distance] Global distance: 1.000000
#-----------------------------------------------------------------------------
[2024-06-18 14:41:08] [RANGEFINDER] Mode_t:GUIDED, yaw_max:34.900177, yaw_min:-0.017938, roll_max: 0.007021, roll_min:-34.915699, pitch_max:0.007984, pitch_min: -3.212910
[2024-06-18 14:41:08] P values [-1, 1, 1, 1, 0, 0, 0, 0, 0, 0, 0, 0, 0, 0, 0, 0, 0, 0, 0, 0, 0, 0, 0, 0, 0, 0, 0, 0, 0, 0]
[2024-06-18 14:41:08] # [Change_parameter()] selected params: ATC_RAT_RLL_I
[2024-06-18 14:41:08] # [Change_parameter()] selected params: ATC_RAT_RLL_I, min: 0.010000, max: 0.600000, random real param value:0.346189
#---------------------------------A.RANGEFINDER-------------------------------------------
[Distance] P1: -1.000000 P2: 1.000000 P3: 1.000000 P4: 1.000000 
[2024-06-18 14:41:15] [Distance] Global distance: 1.000000
#-----------------------------------------------------------------------------
[2024-06-18 14:41:15] [RANGEFINDER] Mode_t:GUIDED, yaw_max:34.900177, yaw_min:-0.017938, roll_max: 0.007021, roll_min:-34.915699, pitch_max:0.007984, pitch_min: -3.212910
[2024-06-18 14:41:15] P values [-1, 1, 1, 1, 0, 0, 0, 0, 0, 0, 0, 0, 0, 0, 0, 0, 0, 0, 0, 0, 0, 0, 0, 0, 0, 0, 0, 0, 0, 0]
[2024-06-18 14:41:15] [Debug] drone_status:4
[2024-06-18 14:41:15] Incrementing the status_ctr
[2024-06-18 14:41:15] ### Next round (3) for fuzzing commands. ###
#---------------------------------A.RANGEFINDER-------------------------------------------
[Distance] P1: -1.000000 P2: 1.000000 P3: 1.000000 P4: 1.000000 
[2024-06-18 14:41:15] [Distance] Global distance: 1.000000
#-----------------------------------------------------------------------------
[2024-06-18 14:41:15] [RANGEFINDER] Mode_t:GUIDED, yaw_max:34.900177, yaw_min:-0.017938, roll_max: 0.007021, roll_min:-34.915699, pitch_max:0.007984, pitch_min: -3.212910
[2024-06-18 14:41:15] P values [-1, 1, 1, 1, 0, 0, 0, 0, 0, 0, 0, 0, 0, 0, 0, 0, 0, 0, 0, 0, 0, 0, 0, 0, 0, 0, 0, 0, 0, 0]
[2024-06-18 14:41:15] # [Change_parameter()] selected params: PILOT_THR_BHV
[2024-06-18 14:41:15] # [Change_parameter()] selected params: PILOT_THR_BHV, min: 0.000000, max: 4.000000, random digit param value:4
#---------------------------------A.RANGEFINDER-------------------------------------------
[Distance] P1: -1.000000 P2: 1.000000 P3: 1.000000 P4: 1.000000 
[2024-06-18 14:41:22] [Distance] Global distance: 1.000000
#-----------------------------------------------------------------------------
[2024-06-18 14:41:22] [RANGEFINDER] Mode_t:GUIDED, yaw_max:34.900177, yaw_min:-0.017938, roll_max: 0.007021, roll_min:-34.915699, pitch_max:0.007984, pitch_min: -3.212910
[2024-06-18 14:41:22] P values [-1, 1, 1, 1, 0, 0, 0, 0, 0, 0, 0, 0, 0, 0, 0, 0, 0, 0, 0, 0, 0, 0, 0, 0, 0, 0, 0, 0, 0, 0]
[2024-06-18 14:41:22] [Debug] drone_status:4
[2024-06-18 14:41:22] Incrementing the status_ctr
[2024-06-18 14:41:22] ### Next round (4) for fuzzing commands. ###
#---------------------------------A.RANGEFINDER-------------------------------------------
[Distance] P1: -1.000000 P2: 1.000000 P3: 1.000000 P4: 1.000000 
[2024-06-18 14:41:22] [Distance] Global distance: 1.000000
#-----------------------------------------------------------------------------
[2024-06-18 14:41:22] [RANGEFINDER] Mode_t:GUIDED, yaw_max:34.900177, yaw_min:-0.017938, roll_max: 0.007021, roll_min:-34.915699, pitch_max:0.007984, pitch_min: -3.212910
[2024-06-18 14:41:22] P values [-1, 1, 1, 1, 0, 0, 0, 0, 0, 0, 0, 0, 0, 0, 0, 0, 0, 0, 0, 0, 0, 0, 0, 0, 0, 0, 0, 0, 0, 0]
[2024-06-18 14:41:22] [Execute_cmd] (RC2, 1837)
#---------------------------------A.RANGEFINDER-------------------------------------------
[Distance] P1: -1.000000 P2: 1.000000 P3: 1.000000 P4: 1.000000 
[2024-06-18 14:41:26] [Distance] Global distance: 1.000000
#-----------------------------------------------------------------------------
[2024-06-18 14:41:26] [RANGEFINDER] Mode_t:GUIDED, yaw_max:34.900177, yaw_min:-0.017938, roll_max: 0.007021, roll_min:-34.915699, pitch_max:0.007984, pitch_min: -3.212910
[2024-06-18 14:41:26] P values [-1, 1, 1, 1, 0, 0, 0, 0, 0, 0, 0, 0, 0, 0, 0, 0, 0, 0, 0, 0, 0, 0, 0, 0, 0, 0, 0, 0, 0, 0]
[2024-06-18 14:41:26] [Debug] drone_status:4
[2024-06-18 14:41:26] Incrementing the status_ctr
[2024-06-18 14:41:26] ### Next round (5) for fuzzing commands. ###
#---------------------------------A.RANGEFINDER-------------------------------------------
[Distance] P1: -1.000000 P2: 1.000000 P3: 1.000000 P4: 1.000000 
[2024-06-18 14:41:26] [Distance] Global distance: 1.000000
#-----------------------------------------------------------------------------
[2024-06-18 14:41:26] [RANGEFINDER] Mode_t:GUIDED, yaw_max:34.900177, yaw_min:-0.017938, roll_max: 0.007021, roll_min:-34.915699, pitch_max:0.007984, pitch_min: -3.212910
[2024-06-18 14:41:26] P values [-1, 1, 1, 1, 0, 0, 0, 0, 0, 0, 0, 0, 0, 0, 0, 0, 0, 0, 0, 0, 0, 0, 0, 0, 0, 0, 0, 0, 0, 0]
[2024-06-18 14:41:26] [Execute_env] (SIM_PLD_ALT_LMT, 74.6124180242)
#---------------------------------A.RANGEFINDER-------------------------------------------
[Distance] P1: -1.000000 P2: 1.000000 P3: 1.000000 P4: 1.000000 
[2024-06-18 14:41:30] [Distance] Global distance: 1.000000
#-----------------------------------------------------------------------------
[2024-06-18 14:41:30] [RANGEFINDER] Mode_t:GUIDED, yaw_max:34.900177, yaw_min:-0.017938, roll_max: 0.007021, roll_min:-34.915699, pitch_max:0.007984, pitch_min: -3.212910
[2024-06-18 14:41:30] P values [-1, 1, 1, 1, 0, 0, 0, 0, 0, 0, 0, 0, 0, 0, 0, 0, 0, 0, 0, 0, 0, 0, 0, 0, 0, 0, 0, 0, 0, 0]
[2024-06-18 14:41:30] [Debug] drone_status:4
[2024-06-18 14:41:30] Incrementing the status_ctr
[2024-06-18 14:41:30] ### Next round (6) for fuzzing commands. ###
#---------------------------------A.RANGEFINDER-------------------------------------------
[Distance] P1: -1.000000 P2: 1.000000 P3: 1.000000 P4: 1.000000 
[2024-06-18 14:41:30] [Distance] Global distance: 1.000000
#-----------------------------------------------------------------------------
[2024-06-18 14:41:30] [RANGEFINDER] Mode_t:GUIDED, yaw_max:34.900177, yaw_min:-0.017938, roll_max: 0.007021, roll_min:-34.915699, pitch_max:0.007984, pitch_min: -3.212910
[2024-06-18 14:41:30] P values [-1, 1, 1, 1, 0, 0, 0, 0, 0, 0, 0, 0, 0, 0, 0, 0, 0, 0, 0, 0, 0, 0, 0, 0, 0, 0, 0, 0, 0, 0]
[2024-06-18 14:41:30] # [Change_parameter()] selected params: ATC_RAT_RLL_FLTD
[2024-06-18 14:41:30] # [Change_parameter()] selected params: ATC_RAT_RLL_FLTD, min: 5.000000, max: 100.000000, random digit param value:65
#---------------------------------A.RANGEFINDER-------------------------------------------
[Distance] P1: -1.000000 P2: 1.000000 P3: 1.000000 P4: 1.000000 
[2024-06-18 14:41:37] [Distance] Global distance: 1.000000
#-----------------------------------------------------------------------------
[2024-06-18 14:41:37] [RANGEFINDER] Mode_t:GUIDED, yaw_max:34.900177, yaw_min:-0.017938, roll_max: 0.007021, roll_min:-34.915699, pitch_max:0.007984, pitch_min: -3.212910
[2024-06-18 14:41:37] P values [-1, 1, 1, 1, 0, 0, 0, 0, 0, 0, 0, 0, 0, 0, 0, 0, 0, 0, 0, 0, 0, 0, 0, 0, 0, 0, 0, 0, 0, 0]
[2024-06-18 14:41:37] [Debug] drone_status:4
[2024-06-18 14:41:37] Incrementing the status_ctr
[2024-06-18 14:41:37] ### Next round (7) for fuzzing commands. ###
#---------------------------------A.RANGEFINDER-------------------------------------------
[Distance] P1: -1.000000 P2: 1.000000 P3: 1.000000 P4: 1.000000 
[2024-06-18 14:41:37] [Distance] Global distance: 1.000000
#-----------------------------------------------------------------------------
[2024-06-18 14:41:37] [RANGEFINDER] Mode_t:GUIDED, yaw_max:34.900177, yaw_min:-0.017938, roll_max: 0.007021, roll_min:-34.915699, pitch_max:0.007984, pitch_min: -3.212910
[2024-06-18 14:41:37] P values [-1, 1, 1, 1, 0, 0, 0, 0, 0, 0, 0, 0, 0, 0, 0, 0, 0, 0, 0, 0, 0, 0, 0, 0, 0, 0, 0, 0, 0, 0]
[2024-06-18 14:41:37] # [Change_parameter()] selected params: EK2_VELD_M_NSE
[2024-06-18 14:41:37] # [Change_parameter()] selected params: EK2_VELD_M_NSE, min: 0.050000, max: 5.000000, random real param value:0.961702
#---------------------------------A.RANGEFINDER-------------------------------------------
[Distance] P1: -1.000000 P2: 1.000000 P3: 1.000000 P4: 1.000000 
[2024-06-18 14:41:44] [Distance] Global distance: 1.000000
#-----------------------------------------------------------------------------
[2024-06-18 14:41:44] [RANGEFINDER] Mode_t:GUIDED, yaw_max:34.900177, yaw_min:-0.017938, roll_max: 0.007021, roll_min:-34.915699, pitch_max:0.007984, pitch_min: -3.212910
[2024-06-18 14:41:44] P values [-1, 1, 1, 1, 0, 0, 0, 0, 0, 0, 0, 0, 0, 0, 0, 0, 0, 0, 0, 0, 0, 0, 0, 0, 0, 0, 0, 0, 0, 0]
[2024-06-18 14:41:44] [Debug] drone_status:4
[2024-06-18 14:41:44] Incrementing the status_ctr
[2024-06-18 14:41:44] ### Next round (8) for fuzzing commands. ###
#---------------------------------A.RANGEFINDER-------------------------------------------
[Distance] P1: -1.000000 P2: 1.000000 P3: 1.000000 P4: 1.000000 
[2024-06-18 14:41:44] [Distance] Global distance: 1.000000
#-----------------------------------------------------------------------------
[2024-06-18 14:41:44] [RANGEFINDER] Mode_t:GUIDED, yaw_max:34.900177, yaw_min:-0.017938, roll_max: 0.007021, roll_min:-34.915699, pitch_max:0.007984, pitch_min: -3.212910
[2024-06-18 14:41:44] P values [-1, 1, 1, 1, 0, 0, 0, 0, 0, 0, 0, 0, 0, 0, 0, 0, 0, 0, 0, 0, 0, 0, 0, 0, 0, 0, 0, 0, 0, 0]
[2024-06-18 14:41:44] [Execute_cmd] (MAV_CMD_DO_SET_ROI, 39,92,69,7,2,84,65)
#---------------------------------A.RANGEFINDER-------------------------------------------
[Distance] P1: -1.000000 P2: 1.000000 P3: 1.000000 P4: 1.000000 
[2024-06-18 14:41:48] [Distance] Global distance: 1.000000
#-----------------------------------------------------------------------------
[2024-06-18 14:41:48] [RANGEFINDER] Mode_t:GUIDED, yaw_max:34.900177, yaw_min:-0.017938, roll_max: 0.007021, roll_min:-34.915699, pitch_max:0.007984, pitch_min: -3.212910
[2024-06-18 14:41:48] P values [-1, 1, 1, 1, 0, 0, 0, 0, 0, 0, 0, 0, 0, 0, 0, 0, 0, 0, 0, 0, 0, 0, 0, 0, 0, 0, 0, 0, 0, 0]
[2024-06-18 14:41:48] [Debug] drone_status:4
[2024-06-18 14:41:48] Incrementing the status_ctr
[2024-06-18 14:41:48] ### Next round (9) for fuzzing commands. ###
#---------------------------------A.RANGEFINDER-------------------------------------------
[Distance] P1: -1.000000 P2: 1.000000 P3: 1.000000 P4: 1.000000 
[2024-06-18 14:41:48] [Distance] Global distance: 1.000000
#-----------------------------------------------------------------------------
[2024-06-18 14:41:48] [RANGEFINDER] Mode_t:GUIDED, yaw_max:34.900177, yaw_min:-0.017938, roll_max: 0.007021, roll_min:-34.915699, pitch_max:0.007984, pitch_min: -3.212910
[2024-06-18 14:41:48] P values [-1, 1, 1, 1, 0, 0, 0, 0, 0, 0, 0, 0, 0, 0, 0, 0, 0, 0, 0, 0, 0, 0, 0, 0, 0, 0, 0, 0, 0, 0]
[2024-06-18 14:41:48] # [Change_parameter()] selected params: ATC_THR_MIX_MIN
[2024-06-18 14:41:48] # [Change_parameter()] selected params: ATC_THR_MIX_MIN, min: 0.100000, max: 0.250000, random real param value:0.151076
#---------------------------------A.RANGEFINDER-------------------------------------------
[Distance] P1: -1.000000 P2: 1.000000 P3: 1.000000 P4: 1.000000 
[2024-06-18 14:41:55] [Distance] Global distance: 1.000000
#-----------------------------------------------------------------------------
[2024-06-18 14:41:55] [RANGEFINDER] Mode_t:GUIDED, yaw_max:34.900177, yaw_min:-0.017938, roll_max: 0.007021, roll_min:-34.915699, pitch_max:0.007984, pitch_min: -3.212910
[2024-06-18 14:41:55] P values [-1, 1, 1, 1, 0, 0, 0, 0, 0, 0, 0, 0, 0, 0, 0, 0, 0, 0, 0, 0, 0, 0, 0, 0, 0, 0, 0, 0, 0, 0]
[2024-06-18 14:41:55] [Debug] drone_status:4
[2024-06-18 14:41:55] Incrementing the status_ctr
[2024-06-18 14:41:55] ### Next round (10) for fuzzing commands. ###
#---------------------------------A.RANGEFINDER-------------------------------------------
[Distance] P1: -1.000000 P2: 1.000000 P3: 1.000000 P4: 1.000000 
[2024-06-18 14:41:55] [Distance] Global distance: 1.000000
#-----------------------------------------------------------------------------
[2024-06-18 14:41:55] [RANGEFINDER] Mode_t:GUIDED, yaw_max:34.900177, yaw_min:-0.017938, roll_max: 0.007021, roll_min:-34.915699, pitch_max:0.007984, pitch_min: -3.212910
[2024-06-18 14:41:55] P values [-1, 1, 1, 1, 0, 0, 0, 0, 0, 0, 0, 0, 0, 0, 0, 0, 0, 0, 0, 0, 0, 0, 0, 0, 0, 0, 0, 0, 0, 0]
*****
[2024-06-18 14:41:55] [Matched input] MAV_CMD_SOLO_BTN_PAUSE_CLICK 45,24,100,53,74,44,55 1 2
*****
[2024-06-18 14:41:55] @@@[Reuse stored input pair] (MAV_CMD_SOLO_BTN_PAUSE_CLICK, 45,24,100,53,74,44,55)@@@
[2024-06-18 14:41:55] [Execute_cmd] (MAV_CMD_SOLO_BTN_PAUSE_CLICK, 45,24,100,53,74,44,55)
#---------------------------------A.RANGEFINDER-------------------------------------------
[Distance] P1: -1.000000 P2: 1.000000 P3: 1.000000 P4: 1.000000 
[2024-06-18 14:41:59] [Distance] Global distance: 1.000000
#-----------------------------------------------------------------------------
[2024-06-18 14:41:59] [RANGEFINDER] Mode_t:GUIDED, yaw_max:34.900177, yaw_min:-0.017938, roll_max: 0.007021, roll_min:-34.915699, pitch_max:0.007984, pitch_min: -3.212910
[2024-06-18 14:41:59] P values [-1, 1, 1, 1, 0, 0, 0, 0, 0, 0, 0, 0, 0, 0, 0, 0, 0, 0, 0, 0, 0, 0, 0, 0, 0, 0, 0, 0, 0, 0]
[2024-06-18 14:41:59] [Debug] drone_status:4
[2024-06-18 14:41:59] Incrementing the status_ctr
[2024-06-18 14:41:59] ### Next round (11) for fuzzing commands. ###
#---------------------------------A.RANGEFINDER-------------------------------------------
[Distance] P1: -1.000000 P2: 1.000000 P3: 1.000000 P4: 1.000000 
[2024-06-18 14:41:59] [Distance] Global distance: 1.000000
#-----------------------------------------------------------------------------
[2024-06-18 14:41:59] [RANGEFINDER] Mode_t:GUIDED, yaw_max:34.900177, yaw_min:-0.017938, roll_max: 0.007021, roll_min:-34.915699, pitch_max:0.007984, pitch_min: -3.212910
[2024-06-18 14:41:59] P values [-1, 1, 1, 1, 0, 0, 0, 0, 0, 0, 0, 0, 0, 0, 0, 0, 0, 0, 0, 0, 0, 0, 0, 0, 0, 0, 0, 0, 0, 0]
[2024-06-18 14:41:59] Generated random msgs for rangefinder
#---------------------------------A.RANGEFINDER-------------------------------------------
[Distance] P1: -1.000000 P2: 1.000000 P3: 1.000000 P4: 1.000000 
[2024-06-18 14:42:03] [Distance] Global distance: 1.000000
#-----------------------------------------------------------------------------
[202