The commit being tested is: be8f747b7a471b99336c8e49ce0393710e3fe162
#-----------------------------------------------------------------------------
##### (Start) Read a meta file for parameters #####
# 1 GND_TEMP X 0 X X 1
# 2 GND_ALT_OFFSET X 0 X X 0.1
# 3 GND_PRIMARY X 0 0 2 1
# 4 PILOT_THR_FILT X 0 0 10 0.5
# 5 PILOT_TKOFF_ALT X 0 0 1000 10
# 6 RTL_ALT X 1500 200 8000 1
# 7 RTL_ALT_FINAL X 0 0 1000 1
# 8 RNGFND_GAIN X 0.8 0.01 2 0.01
# 9 PILOT_ACCEL_Z X 250 50 500 10
# 10 WP_NAVALT_MIN X 0 0 5 X
# 11 LAND_ALT_LOW X 1000 100 10000 10
# 12 ATC_ANGLE_BOOST X 1 0 1 1
# 13 ATC_ANG_LIM_TC X 1 0.5 10 X
# 14 BCN_ALT X 0 0 10000 1
# 15 EK2_ALT_SOURCE TRUE 0 0 3 1
# 16 EK2_ALT_M_NSE X 3 0.1 10 0.1
# 17 EK2_WIND_PSCALE X 0.5 0 1 0.1
# 18 EK3_ALT_SOURCE TRUE 0 0 3 1
# 19 EK3_ALT_M_NSE X 3 0.1 10 0.1
# 20 EK3_WIND_PSCALE X 0.5 0 1 0.1
# 21 FENCE_ALT_MAX X 100 10 10000 1
# 22 PSC_POSZ_P X 1 1 3 X
# 23 SIM_FLOW_POS_Z X 0 X X X
# 24 GPS_POS1_Z X 0 -5 5 0.01
# 25 GPS_POS2_Z X 0 -5 5 0.01
# 26 RNGFND1_POS_Z X 0 -5 5 0.01
# 27 VISO_POS_Z X 0 -5 5 0.01
# 28 EK2_VELD_M_NSE X 0.7 0.05 5 0.05
# 29 GND_ALT_OFFSET X 0 X X 0.1
# 30 PILOT_THR_FILT X 0 0 10 0.500
# 31 PILOT_THR_BHV X 0 0 4 1.000
# 32 FS_THR_ENABLE X 1 0 5 1.000
# 33 FS_THR_VALUE X 975 925 1100 1.000
# 34 ACRO_THR_MID X 0 0 1 X
# 35 ATC_THR_MIX_MIN X 0.1 0.1 0.25 X
# 36 ATC_THR_MIX_MAX X 0.5 0.5 0.9 X
# 37 ATC_THR_MIX_MAN X 0.1 0.1 0.9 X
# 38 MOT_BOOST_SCALE X 0 0 5 0.100
# 39 MOT_SLEW_UP_TIME X 0 0 0.5 0.001
# 40 MOT_SLEW_DN_TIME X 0 0 0.5 0.001
# 41 ACRO_RP_P X 4.5 1 10 X
# 42 ACRO_BAL_ROLL X 1 0 3 0.1
# 43 ACRO_RP_EXPO X 0.3 -0.5 1 0.1
# 44 AHRS_TRIM_X X 0 -0.1745 0.1745 0.01
# 45 ATC_ACCEL_R_MAX X 110000 0 180000 1000
# 46 ATC_ANG_RLL_P X 4.5 0 12 X
# 47 ATC_RATE_R_MAX X 0 0 1080 1
# 48 ATC_RAT_RLL_P X 0.135 0.01 0.5 0.005
# 49 ATC_RAT_RLL_I X 0.135 0.01 2 0.01
# 50 ATC_RAT_RLL_IMAX X 0.5 0 1 0.01
# 51 ATC_RAT_RLL_D X 0.0036 0 0.05 0.001
# 52 ATC_RAT_RLL_FF X 0 0 0.5 0.001
# 53 ATC_RAT_RLL_FLTT X 20 5 100 1
# 54 ATC_RAT_RLL_FLTE X 0 0 100 1
# 55 ATC_RAT_RLL_FLTD X 20 5 100 1
# 56 ATC_RAT_RLL_P X 0.135 0.08 0.35 0.005
# 57 ATC_RAT_RLL_I X 0.135 0.01 0.6 0.01
# 58 ATC_RAT_RLL_IMAX X 0.5 0 1 0.01
# 59 ATC_RAT_RLL_D X 0.0036 0.001 0.03 0.001
# 60 ATC_RAT_RLL_FLTT X 20 5 50 1
# 61 ATC_RAT_RLL_FLTE X 0 5 50 1
# 62 ATC_RAT_RLL_FLTD X 20 0 50 1
##### The name of parameters #####
['GND_TEMP', 'GND_ALT_OFFSET', 'GND_PRIMARY', 'PILOT_THR_FILT', 'PILOT_TKOFF_ALT', 'RTL_ALT', 'RTL_ALT_FINAL', 'RNGFND_GAIN', 'PILOT_ACCEL_Z', 'WP_NAVALT_MIN', 'LAND_ALT_LOW', 'ATC_ANGLE_BOOST', 'ATC_ANG_LIM_TC', 'BCN_ALT', 'EK2_ALT_SOURCE', 'EK2_ALT_M_NSE', 'EK2_WIND_PSCALE', 'EK3_ALT_SOURCE', 'EK3_ALT_M_NSE', 'EK3_WIND_PSCALE', 'FENCE_ALT_MAX', 'PSC_POSZ_P', 'SIM_FLOW_POS_Z', 'GPS_POS1_Z', 'GPS_POS2_Z', 'RNGFND1_POS_Z', 'VISO_POS_Z', 'EK2_VELD_M_NSE', 'GND_ALT_OFFSET', 'PILOT_THR_FILT', 'PILOT_THR_BHV', 'FS_THR_ENABLE', 'FS_THR_VALUE', 'ACRO_THR_MID', 'ATC_THR_MIX_MIN', 'ATC_THR_MIX_MAX', 'ATC_THR_MIX_MAN', 'MOT_BOOST_SCALE', 'MOT_SLEW_UP_TIME', 'MOT_SLEW_DN_TIME', 'ACRO_RP_P', 'ACRO_BAL_ROLL', 'ACRO_RP_EXPO', 'AHRS_TRIM_X', 'ATC_ACCEL_R_MAX', 'ATC_ANG_RLL_P', 'ATC_RATE_R_MAX', 'ATC_RAT_RLL_P', 'ATC_RAT_RLL_I', 'ATC_RAT_RLL_IMAX', 'ATC_RAT_RLL_D', 'ATC_RAT_RLL_FF', 'ATC_RAT_RLL_FLTT', 'ATC_RAT_RLL_FLTE', 'ATC_RAT_RLL_FLTD', 'ATC_RAT_RLL_P', 'ATC_RAT_RLL_I', 'ATC_RAT_RLL_IMAX', 'ATC_RAT_RLL_D', 'ATC_RAT_RLL_FLTT', 'ATC_RAT_RLL_FLTE', 'ATC_RAT_RLL_FLTD']
['X', 'X', 'X', 'X', 'X', 'X', 'X', 'X', 'X', 'X', 'X', 'X', 'X', 'X', 'TRUE', 'X', 'X', 'TRUE', 'X', 'X', 'X', 'X', 'X', 'X', 'X', 'X', 'X', 'X', 'X', 'X', 'X', 'X', 'X', 'X', 'X', 'X', 'X', 'X', 'X', 'X', 'X', 'X', 'X', 'X', 'X', 'X', 'X', 'X', 'X', 'X', 'X', 'X', 'X', 'X', 'X', 'X', 'X', 'X', 'X', 'X', 'X', 'X']
['0', '0', '0', '0', '0', '1500', '0', '0.8', '250', '0', '1000', '1', '1', '0', '0', '3', '0.5', '0', '3', '0.5', '100', '1', '0', '0', '0', '0', '0', '0.7', '0', '0', '0', '1', '975', '0', '0.1', '0.5', '0.1', '0', '0', '0', '4.5', '1', '0.3', '0', '110000', '4.5', '0', '0.135', '0.135', '0.5', '0.0036', '0', '20', '0', '20', '0.135', '0.135', '0.5', '0.0036', '20', '0', '20']
['X', 'X', '0', '0', '0', '200', '0', '0.01', '50', '0', '100', '0', '0.5', '0', '0', '0.1', '0', '0', '0.1', '0', '10', '1', 'X', '-5', '-5', '-5', '-5', '0.05', 'X', '0', '0', '0', '925', '0', '0.1', '0.5', '0.1', '0', '0', '0', '1', '0', '-0.5', '-0.1745', '0', '0', '0', '0.01', '0.01', '0', '0', '0', '5', '0', '5', '0.08', '0.01', '0', '0.001', '5', '5', '0']
['X', 'X', '2', '10', '1000', '8000', '1000', '2', '500', '5', '10000', '1', '10', '10000', '3', '10', '1', '3', '10', '1', '10000', '3', 'X', '5', '5', '5', '5', '5', 'X', '10', '4', '5', '1100', '1', '0.25', '0.9', '0.9', '5', '0.5', '0.5', '10', '3', '1', '0.1745', '180000', '12', '1080', '0.5', '2', '1', '0.05', '0.5', '100', '100', '100', '0.35', '0.6', '1', '0.03', '50', '50', '50']
['1', '0.1', '1', '0.5', '10', '1', '1', '0.01', '10', 'X', '10', '1', 'X', '1', '1', '0.1', '0.1', '1', '0.1', '0.1', '1', 'X', 'X', '0.01', '0.01', '0.01', '0.01', '0.05', '0.1', '0.500', '1.000', '1.000', '1.000', 'X', 'X', 'X', 'X', '0.100', '0.001', '0.001', 'X', '0.1', '0.1', '0.01', '1000', 'X', '1', '0.005', '0.01', '0.01', '0.001', '0.001', '1', '1', '1', '0.005', '0.01', '0.01', '0.001', '1', '1', '1']
##### (End) Read a meta file for parameters #####
[2024-06-18 18:03:19] # Check whether parsing parameters well done or not, received # of params: 62
[2024-06-18 18:03:19] ['GND_TEMP', 'GND_ALT_OFFSET', 'GND_PRIMARY', 'PILOT_THR_FILT', 'PILOT_TKOFF_ALT', 'RTL_ALT', 'RTL_ALT_FINAL', 'RNGFND_GAIN', 'PILOT_ACCEL_Z', 'WP_NAVALT_MIN', 'LAND_ALT_LOW', 'ATC_ANGLE_BOOST', 'ATC_ANG_LIM_TC', 'BCN_ALT', 'EK2_ALT_SOURCE', 'EK2_ALT_M_NSE', 'EK2_WIND_PSCALE', 'EK3_ALT_SOURCE', 'EK3_ALT_M_NSE', 'EK3_WIND_PSCALE', 'FENCE_ALT_MAX', 'PSC_POSZ_P', 'SIM_FLOW_POS_Z', 'GPS_POS1_Z', 'GPS_POS2_Z', 'RNGFND1_POS_Z', 'VISO_POS_Z', 'EK2_VELD_M_NSE', 'GND_ALT_OFFSET', 'PILOT_THR_FILT', 'PILOT_THR_BHV', 'FS_THR_ENABLE', 'FS_THR_VALUE', 'ACRO_THR_MID', 'ATC_THR_MIX_MIN', 'ATC_THR_MIX_MAX', 'ATC_THR_MIX_MAN', 'MOT_BOOST_SCALE', 'MOT_SLEW_UP_TIME', 'MOT_SLEW_DN_TIME', 'ACRO_RP_P', 'ACRO_BAL_ROLL', 'ACRO_RP_EXPO', 'AHRS_TRIM_X', 'ATC_ACCEL_R_MAX', 'ATC_ANG_RLL_P', 'ATC_RATE_R_MAX', 'ATC_RAT_RLL_P', 'ATC_RAT_RLL_I', 'ATC_RAT_RLL_IMAX', 'ATC_RAT_RLL_D', 'ATC_RAT_RLL_FF', 'ATC_RAT_RLL_FLTT', 'ATC_RAT_RLL_FLTE', 'ATC_RAT_RLL_FLTD', 'ATC_RAT_RLL_P', 'ATC_RAT_RLL_I', 'ATC_RAT_RLL_IMAX', 'ATC_RAT_RLL_D', 'ATC_RAT_RLL_FLTT', 'ATC_RAT_RLL_FLTE', 'ATC_RAT_RLL_FLTD']
##### (Start) Read a meta file for user commands #####
##### The name of user commands #####
['Flight_Mode', 'MAV_CMD_DO_PARACHUTE', 'MAV_CMD_DO_SEND_BANNER', 'MAV_CMD_SET_FACTORY_TEST_MODE', 'MAV_CMD_GIMBAL_RESET', 'MAV_CMD_NAV_WAYPOINT', 'RC1', 'RC2', 'RC3', 'RC4', 'MAV_CMD_NAV_RETURN_TO_LAUNCH', 'MAV_CMD_NAV_TAKEOFF', 'MAV_CMD_NAV_LAND', 'MAV_CMD_NAV_LOITER_TURNS', 'MAV_CMD_NAV_LOITER_TIME', 'MAV_CMD_NAV_SPLINE_WAYPOINT', 'MAV_CMD_NAV_GUIDED_ENABLE', 'MAV_CMD_DO_JUMP', 'MAV_CMD_MISSION_START', 'MAV_CMD_COMPONENT_ARM_DISARM', 'MAV_CMD_CONDITION_DELAY', 'MAV_CMD_CONDITION_DISTANCE', 'MAV_CMD_CONDITION_YAW', 'MAV_CMD_DO_CHANGE_SPEED', 'MAV_CMD_DO_SET_HOME', 'MAV_CMD_DO_SET_SERVO', 'MAV_CMD_DO_SET_RELAY', 'MAV_CMD_DO_REPEAT_SERVO', 'MAV_CMD_DO_REPEAT_RELAY', 'MAV_CMD_DO_DIGICAM_CONFIGURE', 'MAV_CMD_DO_DIGICAM_CONTROL', 'MAV_CMD_DO_SET_CAM_TRIGG_DIST', 'MAV_CMD_DO_SET_ROI', 'MAV_CMD_DO_SET_MODE', 'MAV_CMD_DO_MOUNT_CONTROL', 'MAV_CMD_DO_GRIPPER', 'MAV_CMD_DO_GUIDED_LIMITS', 'MAV_CMD_DO_REPOSITION', 'MAV_CMD_DO_AUTOTUNE_ENABLE', 'MAV_CMD_DO_PAUSE_CONTINUE', 'MAV_CMD_NAV_ALTITUDE_WAIT', 'MAV_CMD_POWER_OFF_INITIATED', 'MAV_CMD_SOLO_BTN_FLY_CLICK', 'MAV_CMD_SOLO_BTN_FLY_HOLD', 'MAV_CMD_SOLO_BTN_PAUSE_CLICK', 'MAV_CMD_FIXED_MAG_CAL', 'MAV_CMD_FIXED_MAG_CAL_FIELD', 'MAV_CMD_FIXED_MAG_CAL_YAW', 'MAV_CMD_DO_START_MAG_CAL', 'MAV_CMD_DO_ACCEPT_MAG_CAL', 'MAV_CMD_DO_CANCEL_MAG_CAL']
['5', '208', '42428', '42427', '42501', '16', '0', '0', '0', '0', '20', '22', '21', '18', '19', '82', '92', '177', '300', '400', '112', '114', '115', '178', '179', '183', '181', '184', '182', '202', '203', '206', '201', '176', '205', '211', '222', '192', '212', '193', '83', '42000', '42001', '42002', '42003', '42004', '42005', '42006', '42424', '42425', '42426']
##### (End) Read a meta file for user commands #####
[2024-06-18 18:03:19] # Check whether parsing user commands well done or not, received # of params: 51
[2024-06-18 18:03:19] ['Flight_Mode', 'MAV_CMD_DO_PARACHUTE', 'MAV_CMD_DO_SEND_BANNER', 'MAV_CMD_SET_FACTORY_TEST_MODE', 'MAV_CMD_GIMBAL_RESET', 'MAV_CMD_NAV_WAYPOINT', 'RC1', 'RC2', 'RC3', 'RC4', 'MAV_CMD_NAV_RETURN_TO_LAUNCH', 'MAV_CMD_NAV_TAKEOFF', 'MAV_CMD_NAV_LAND', 'MAV_CMD_NAV_LOITER_TURNS', 'MAV_CMD_NAV_LOITER_TIME', 'MAV_CMD_NAV_SPLINE_WAYPOINT', 'MAV_CMD_NAV_GUIDED_ENABLE', 'MAV_CMD_DO_JUMP', 'MAV_CMD_MISSION_START', 'MAV_CMD_COMPONENT_ARM_DISARM', 'MAV_CMD_CONDITION_DELAY', 'MAV_CMD_CONDITION_DISTANCE', 'MAV_CMD_CONDITION_YAW', 'MAV_CMD_DO_CHANGE_SPEED', 'MAV_CMD_DO_SET_HOME', 'MAV_CMD_DO_SET_SERVO', 'MAV_CMD_DO_SET_RELAY', 'MAV_CMD_DO_REPEAT_SERVO', 'MAV_CMD_DO_REPEAT_RELAY', 'MAV_CMD_DO_DIGICAM_CONFIGURE', 'MAV_CMD_DO_DIGICAM_CONTROL', 'MAV_CMD_DO_SET_CAM_TRIGG_DIST', 'MAV_CMD_DO_SET_ROI', 'MAV_CMD_DO_SET_MODE', 'MAV_CMD_DO_MOUNT_CONTROL', 'MAV_CMD_DO_GRIPPER', 'MAV_CMD_DO_GUIDED_LIMITS', 'MAV_CMD_DO_REPOSITION', 'MAV_CMD_DO_AUTOTUNE_ENABLE', 'MAV_CMD_DO_PAUSE_CONTINUE', 'MAV_CMD_NAV_ALTITUDE_WAIT', 'MAV_CMD_POWER_OFF_INITIATED', 'MAV_CMD_SOLO_BTN_FLY_CLICK', 'MAV_CMD_SOLO_BTN_FLY_HOLD', 'MAV_CMD_SOLO_BTN_PAUSE_CLICK', 'MAV_CMD_FIXED_MAG_CAL', 'MAV_CMD_FIXED_MAG_CAL_FIELD', 'MAV_CMD_FIXED_MAG_CAL_YAW', 'MAV_CMD_DO_START_MAG_CAL', 'MAV_CMD_DO_ACCEPT_MAG_CAL', 'MAV_CMD_DO_CANCEL_MAG_CAL']
##### (Start) Read a meta file for environmental factors #####
##### The name of environmental factors #####
['SIM_WOW_PIN', 'SIM_SPEEDUP', 'SIM_SPR_ENABLE', 'SIM_SPR_PUMP', 'SIM_SPR_SPIN', 'SIM_TA_ENABLE', 'SIM_TEMP_FLIGHT', 'SIM_TEMP_START', 'SIM_TERRAIN', 'SIM_TIDE_DIR', 'SIM_TIDE_SPEED', 'SIM_TWIST_TIME', 'SIM_TWIST_X', 'SIM_TWIST_Z', 'SIM_VIB_FREQ_X', 'SIM_VIB_FREQ_Y', 'SIM_VIB_FREQ_Z', 'SIM_VICON_HSTLEN', 'SIM_ACC2_BIAS_X', 'SIM_ACC2_BIAS_Y', 'SIM_ACC2_BIAS_Z', 'SIM_ACCEL_FAIL', 'SIM_ACC_BIAS_X', 'SIM_ACC_BIAS_Y', 'SIM_ACC_BIAS_Z', 'SIM_ACC_RND', 'SIM_ADSB_ALT', 'SIM_ADSB_RADIUS', 'SIM_BARO_DISABLE', 'SIM_BARO_DRIFT', 'SIM_BARO_GLITCH', 'SIM_BARO_RND', 'SIM_BATT_VOLTAGE', 'SIM_BAUDLIMIT_EN', 'SIM_BZ_ENABLE', 'SIM_BZ_PIN', 'SIM_DRIFT_SPEED', 'SIM_DRIFT_TIME', 'SIM_ENGINE_FAIL', 'SIM_ENGINE_MUL', 'SIM_FLOAT_EXCEPT', 'SIM_GND_BEHAV', 'SIM_GPS_ALT_OFS', 'SIM_GPS_BYTELOSS', 'SIM_GPS_DRIFTALT', 'SIM_GPS_GLITCH_Z', 'SIM_GPS_HDG', 'SIM_GPS_LOCKTIME', 'SIM_GPS_NOISE', 'SIM_GPS_NUMSATS', 'SIM_GPS_POS_X', 'SIM_GPS_POS_Y', 'SIM_GPS_POS_Z', 'SIM_GPS_TYPE', 'SIM_GRPE_ENABLE', 'SIM_GRPE_PIN', 'SIM_GYR_SCALE_X', 'SIM_GYR_SCALE_Y', 'SIM_GYR_SCALE_Z', 'SIM_IMU_POS_X', 'SIM_IMU_POS_Y', 'SIM_IMU_POS_Z', 'SIM_LOOP_DELAY', 'SIM_MAG_ALY_HGT', 'SIM_MAG_ALY_X', 'SIM_MAG_ALY_Y', 'SIM_MAG_ALY_Z', 'SIM_MAG_DELAY', 'SIM_MAG_DIA_X', 'SIM_MAG_DIA_Y', 'SIM_MAG_DIA_Z', 'SIM_MAG_ERROR', 'SIM_MAG_MOT_X', 'SIM_MAG_MOT_Y', 'SIM_MAG_MOT_Z', 'SIM_MAG_ODI_X', 'SIM_MAG_ODI_Y', 'SIM_MAG_ODI_Z', 'SIM_MAG_OFS_X', 'SIM_MAG_OFS_Y', 'SIM_MAG_OFS_Z', 'SIM_MAG_ORIENT', 'SIM_MAG_RND', 'SIM_MAG_SCALING', 'SIM_ODOM_ENABLE', 'SIM_OPOS_ALT', 'SIM_PARA_PIN', 'SIM_PIN_MASK', 'SIM_PLD_ALT_LMT', 'SIM_PLD_DIST_LMT', 'SIM_PLD_HEIGHT', 'SIM_PLD_LAT', 'SIM_PLD_LON', 'SIM_PLD_RATE', 'SIM_PLD_TYPE', 'SIM_PLD_YAW', 'SIM_RC_CHANCOUNT', 'SIM_RC_FAIL', 'SIM_SERVO_SPEED', 'SIM_SHOVE_TIME', 'SIM_SHOVE_X', 'SIM_SHOVE_Y', 'SIM_SHOVE_Z', 'SIM_SONAR_GLITCH', 'SIM_SONAR_POS_X', 'SIM_SONAR_POS_Y', 'SIM_SONAR_POS_Z', 'SIM_SONAR_RND', 'SIM_SONAR_SCALE', 'SIM_WAVE_LENGTH', 'SIM_ARSPD2_FAILP', 'SIM_ARSPD2_PITOT', 'SIM_ARSPD_FAIL', 'SIM_ARSPD_FAIL_P', 'SIM_ARSPD_PITOT', 'SIM_ARSPD_RND', 'SIM_ARSPD_SIGN', 'SIM_BARO_DELAY', 'SIM_GYR_RND', 'SIM_OPOS_HDG', 'SIM_OPOS_LAT', 'SIM_PARA_ENABLE', 'SIM_PLD_ENABLE']
##### (End) Read a meta file for environmental factors #####
[2024-06-18 18:03:19] # Check whether parsing environmental factors well done or not, received # of params: 123
[2024-06-18 18:03:19] ['SIM_WOW_PIN', 'SIM_SPEEDUP', 'SIM_SPR_ENABLE', 'SIM_SPR_PUMP', 'SIM_SPR_SPIN', 'SIM_TA_ENABLE', 'SIM_TEMP_FLIGHT', 'SIM_TEMP_START', 'SIM_TERRAIN', 'SIM_TIDE_DIR', 'SIM_TIDE_SPEED', 'SIM_TWIST_TIME', 'SIM_TWIST_X', 'SIM_TWIST_Z', 'SIM_VIB_FREQ_X', 'SIM_VIB_FREQ_Y', 'SIM_VIB_FREQ_Z', 'SIM_VICON_HSTLEN', 'SIM_ACC2_BIAS_X', 'SIM_ACC2_BIAS_Y', 'SIM_ACC2_BIAS_Z', 'SIM_ACCEL_FAIL', 'SIM_ACC_BIAS_X', 'SIM_ACC_BIAS_Y', 'SIM_ACC_BIAS_Z', 'SIM_ACC_RND', 'SIM_ADSB_ALT', 'SIM_ADSB_RADIUS', 'SIM_BARO_DISABLE', 'SIM_BARO_DRIFT', 'SIM_BARO_GLITCH', 'SIM_BARO_RND', 'SIM_BATT_VOLTAGE', 'SIM_BAUDLIMIT_EN', 'SIM_BZ_ENABLE', 'SIM_BZ_PIN', 'SIM_DRIFT_SPEED', 'SIM_DRIFT_TIME', 'SIM_ENGINE_FAIL', 'SIM_ENGINE_MUL', 'SIM_FLOAT_EXCEPT', 'SIM_GND_BEHAV', 'SIM_GPS_ALT_OFS', 'SIM_GPS_BYTELOSS', 'SIM_GPS_DRIFTALT', 'SIM_GPS_GLITCH_Z', 'SIM_GPS_HDG', 'SIM_GPS_LOCKTIME', 'SIM_GPS_NOISE', 'SIM_GPS_NUMSATS', 'SIM_GPS_POS_X', 'SIM_GPS_POS_Y', 'SIM_GPS_POS_Z', 'SIM_GPS_TYPE', 'SIM_GRPE_ENABLE', 'SIM_GRPE_PIN', 'SIM_GYR_SCALE_X', 'SIM_GYR_SCALE_Y', 'SIM_GYR_SCALE_Z', 'SIM_IMU_POS_X', 'SIM_IMU_POS_Y', 'SIM_IMU_POS_Z', 'SIM_LOOP_DELAY', 'SIM_MAG_ALY_HGT', 'SIM_MAG_ALY_X', 'SIM_MAG_ALY_Y', 'SIM_MAG_ALY_Z', 'SIM_MAG_DELAY', 'SIM_MAG_DIA_X', 'SIM_MAG_DIA_Y', 'SIM_MAG_DIA_Z', 'SIM_MAG_ERROR', 'SIM_MAG_MOT_X', 'SIM_MAG_MOT_Y', 'SIM_MAG_MOT_Z', 'SIM_MAG_ODI_X', 'SIM_MAG_ODI_Y', 'SIM_MAG_ODI_Z', 'SIM_MAG_OFS_X', 'SIM_MAG_OFS_Y', 'SIM_MAG_OFS_Z', 'SIM_MAG_ORIENT', 'SIM_MAG_RND', 'SIM_MAG_SCALING', 'SIM_ODOM_ENABLE', 'SIM_OPOS_ALT', 'SIM_PARA_PIN', 'SIM_PIN_MASK', 'SIM_PLD_ALT_LMT', 'SIM_PLD_DIST_LMT', 'SIM_PLD_HEIGHT', 'SIM_PLD_LAT', 'SIM_PLD_LON', 'SIM_PLD_RATE', 'SIM_PLD_TYPE', 'SIM_PLD_YAW', 'SIM_RC_CHANCOUNT', 'SIM_RC_FAIL', 'SIM_SERVO_SPEED', 'SIM_SHOVE_TIME', 'SIM_SHOVE_X', 'SIM_SHOVE_Y', 'SIM_SHOVE_Z', 'SIM_SONAR_GLITCH', 'SIM_SONAR_POS_X', 'SIM_SONAR_POS_Y', 'SIM_SONAR_POS_Z', 'SIM_SONAR_RND', 'SIM_SONAR_SCALE', 'SIM_WAVE_LENGTH', 'SIM_ARSPD2_FAILP', 'SIM_ARSPD2_PITOT', 'SIM_ARSPD_FAIL', 'SIM_ARSPD_FAIL_P', 'SIM_ARSPD_PITOT', 'SIM_ARSPD_RND', 'SIM_ARSPD_SIGN', 'SIM_BARO_DELAY', 'SIM_GYR_RND', 'SIM_OPOS_HDG', 'SIM_OPOS_LAT', 'SIM_PARA_ENABLE', 'SIM_PLD_ENABLE']
[2024-06-18 18:03:19] #-----------------------------------------------------------------------------
[2024-06-18 18:03:20] home_altitude: 583.950012
[2024-06-18 18:03:20] home_lat: -353633000.000000, home_lon: 1491652000.000000
[2024-06-18 18:03:20] Got the local position ned
[2024-06-18 18:03:20] Command is valid (is supported and has valid parameters), and was executed.
[2024-06-18 18:03:20] Command is valid (is supported and has valid parameters), and was executed.
[2024-06-18 18:03:21] Command is valid (is supported and has valid parameters), and was executed.
[2024-06-18 18:03:50] [Set_preconditions] PRX_TYPE = 2
[2024-06-18 18:03:50] [Debug] drone_status:4
[2024-06-18 18:03:50] Reset status_ctr
[2024-06-18 18:03:50] ### Next round (0) for fuzzing commands. ###
#---------------------------------A.RANGEFINDER-------------------------------------------
[Distance] P1: -1.000000 P2: -1.000000 P3: -1.000000 
[2024-06-18 18:03:50] [Distance] Global distance: 1.000000
#-----------------------------------------------------------------------------
[2024-06-18 18:03:50] [RANGEFINDER] Mode_t:ALT_HOLD, yaw_max:0.003483, yaw_min:0.000000, roll_max: 0.000409, roll_min:0.000000, pitch_max:0.000000, pitch_min: -0.000989
[2024-06-18 18:03:50] P values [-1, -1, -1, -1, 0, 0, 0, 0, 0, 0, 0, 0, 0, 0, 0, 0, 0, 0, 0, 0, 0, 0, 0, 0, 0, 0, 0, 0, 0, 0]
[2024-06-18 18:03:50] Generated random msgs for rangefinder
#---------------------------------A.RANGEFINDER-------------------------------------------
[Distance] P1: -1.000000 P2: -1.000000 P3: -1.000000 
[2024-06-18 18:03:54] [Distance] Global distance: 1.000000
#-----------------------------------------------------------------------------
[2024-06-18 18:03:54] [RANGEFINDER] Mode_t:ALT_HOLD, yaw_max:0.003483, yaw_min:-0.005244, roll_max: 0.000986, roll_min:0.000000, pitch_max:0.000000, pitch_min: -0.000989
[2024-06-18 18:03:54] P values [-1, -1, -1, -1, 0, 0, 0, 0, 0, 0, 0, 0, 0, 0, 0, 0, 0, 0, 0, 0, 0, 0, 0, 0, 0, 0, 0, 0, 0, 0]
[2024-06-18 18:03:54] [Debug] drone_status:4
[2024-06-18 18:03:54] Incrementing the status_ctr
[2024-06-18 18:03:54] ### Next round (1) for fuzzing commands. ###
#---------------------------------A.RANGEFINDER-------------------------------------------
[Distance] P1: -1.000000 P2: -1.000000 P3: -1.000000 
[2024-06-18 18:03:54] [Distance] Global distance: 1.000000
#-----------------------------------------------------------------------------
[2024-06-18 18:03:54] [RANGEFINDER] Mode_t:ALT_HOLD, yaw_max:0.003483, yaw_min:-0.005244, roll_max: 0.000986, roll_min:0.000000, pitch_max:0.000000, pitch_min: -0.000989
[2024-06-18 18:03:54] P values [-1, -1, -1, -1, 0, 0, 0, 0, 0, 0, 0, 0, 0, 0, 0, 0, 0, 0, 0, 0, 0, 0, 0, 0, 0, 0, 0, 0, 0, 0]
[2024-06-18 18:03:54] [Execute_env] (SIM_GPS_DRIFTALT, 62.9469920625)
#---------------------------------A.RANGEFINDER-------------------------------------------
[Distance] P1: -1.000000 P2: -1.000000 P3: -1.000000 
[2024-06-18 18:03:58] [Distance] Global distance: 1.000000
#-----------------------------------------------------------------------------
[2024-06-18 18:03:58] [RANGEFINDER] Mode_t:ALT_HOLD, yaw_max:0.003483, yaw_min:-0.005244, roll_max: 0.000986, roll_min:0.000000, pitch_max:0.000977, pitch_min: -0.000989
[2024-06-18 18:03:58] P values [-1, -1, -1, -1, 0, 0, 0, 0, 0, 0, 0, 0, 0, 0, 0, 0, 0, 0, 0, 0, 0, 0, 0, 0, 0, 0, 0, 0, 0, 0]
[2024-06-18 18:03:58] [Debug] drone_status:4
[2024-06-18 18:03:58] Incrementing the status_ctr
[2024-06-18 18:03:58] ### Next round (2) for fuzzing commands. ###
#---------------------------------A.RANGEFINDER-------------------------------------------
[Distance] P1: -1.000000 P2: -1.000000 P3: -1.000000 
[2024-06-18 18:03:58] [Distance] Global distance: 1.000000
#-----------------------------------------------------------------------------
[2024-06-18 18:03:58] [RANGEFINDER] Mode_t:ALT_HOLD, yaw_max:0.003483, yaw_min:-0.005244, roll_max: 0.000986, roll_min:0.000000, pitch_max:0.000977, pitch_min: -0.000989
[2024-06-18 18:03:58] P values [-1, -1, -1, -1, 0, 0, 0, 0, 0, 0, 0, 0, 0, 0, 0, 0, 0, 0, 0, 0, 0, 0, 0, 0, 0, 0, 0, 0, 0, 0]
[2024-06-18 18:03:58] [Execute_cmd] (MAV_CMD_DO_SEND_BANNER, 26,87,21,42,25,78,68)
[2024-06-18 18:03:58] [status_text] ArduCopter V4.1.0-dev (be8f747b)
[2024-06-18 18:03:58] [status_text] 43ef9e12cd45440383d4ec9e33e65b21
[2024-06-18 18:03:58] [status_text] Frame: QUAD/PLUS
#---------------------------------A.RANGEFINDER-------------------------------------------
[Distance] P1: -1.000000 P2: -1.000000 P3: -1.000000 
[2024-06-18 18:04:02] [Distance] Global distance: 1.000000
#-----------------------------------------------------------------------------
[2024-06-18 18:04:02] [RANGEFINDER] Mode_t:ALT_HOLD, yaw_max:0.003483, yaw_min:-0.012902, roll_max: 0.000986, roll_min:0.000000, pitch_max:0.002393, pitch_min: -0.000989
[2024-06-18 18:04:02] P values [-1, -1, -1, -1, 0, 0, 0, 0, 0, 0, 0, 0, 0, 0, 0, 0, 0, 0, 0, 0, 0, 0, 0, 0, 0, 0, 0, 0, 0, 0]
[2024-06-18 18:04:02] [Debug] drone_status:4
[2024-06-18 18:04:02] Incrementing the status_ctr
[2024-06-18 18:04:02] ### Next round (3) for fuzzing commands. ###
#---------------------------------A.RANGEFINDER-------------------------------------------
[Distance] P1: -1.000000 P2: -1.000000 P3: -1.000000 
[2024-06-18 18:04:02] [Distance] Global distance: 1.000000
#-----------------------------------------------------------------------------
[2024-06-18 18:04:02] [RANGEFINDER] Mode_t:ALT_HOLD, yaw_max:0.003483, yaw_min:-0.012902, roll_max: 0.000986, roll_min:0.000000, pitch_max:0.002393, pitch_min: -0.000989
[2024-06-18 18:04:02] P values [-1, -1, -1, -1, 0, 0, 0, 0, 0, 0, 0, 0, 0, 0, 0, 0, 0, 0, 0, 0, 0, 0, 0, 0, 0, 0, 0, 0, 0, 0]
[2024-06-18 18:04:02] # [Change_parameter()] selected params: PILOT_THR_BHV
[2024-06-18 18:04:02] # [Change_parameter()] selected params: PILOT_THR_BHV, min: 0.000000, max: 4.000000, random digit param value:2
#---------------------------------A.RANGEFINDER-------------------------------------------
[Distance] P1: -1.000000 P2: -1.000000 P3: -1.000000 
[2024-06-18 18:04:09] [Distance] Global distance: 1.000000
#-----------------------------------------------------------------------------
[2024-06-18 18:04:09] [RANGEFINDER] Mode_t:ALT_HOLD, yaw_max:0.007566, yaw_min:-0.012902, roll_max: 0.000986, roll_min:-0.002332, pitch_max:0.002393, pitch_min: -0.000989
[2024-06-18 18:04:09] P values [-1, -1, -1, -1, 0, 0, 0, 0, 0, 0, 0, 0, 0, 0, 0, 0, 0, 0, 0, 0, 0, 0, 0, 0, 0, 0, 0, 0, 0, 0]
[2024-06-18 18:04:09] [Debug] drone_status:4
[2024-06-18 18:04:09] Incrementing the status_ctr
[2024-06-18 18:04:09] ### Next round (4) for fuzzing commands. ###
#---------------------------------A.RANGEFINDER-------------------------------------------
[Distance] P1: -1.000000 P2: -1.000000 P3: -1.000000 
[2024-06-18 18:04:09] [Distance] Global distance: 1.000000
#-----------------------------------------------------------------------------
[2024-06-18 18:04:09] [RANGEFINDER] Mode_t:ALT_HOLD, yaw_max:0.007566, yaw_min:-0.012902, roll_max: 0.000986, roll_min:-0.002332, pitch_max:0.002393, pitch_min: -0.000989
[2024-06-18 18:04:09] P values [-1, -1, -1, -1, 0, 0, 0, 0, 0, 0, 0, 0, 0, 0, 0, 0, 0, 0, 0, 0, 0, 0, 0, 0, 0, 0, 0, 0, 0, 0]
[2024-06-18 18:04:09] [Execute_cmd] (MAV_CMD_SOLO_BTN_PAUSE_CLICK, 23,85,52,79,5,14,6)
#---------------------------------A.RANGEFINDER-------------------------------------------
[Distance] P1: 1.000000 P2: -1.000000 P3: -1.000000 
[2024-06-18 18:04:13] [Distance] Global distance: 1.000000
#-----------------------------------------------------------------------------
[2024-06-18 18:04:13] [*Distance*] propositional distance 1 is increased (input: MAV_CMD_SOLO_BTN_PAUSE_CLICK, 23,85,52,79,5,14,6)
[2024-06-18 18:04:13] [write_guidance_log] appending: MAV_CMD_SOLO_BTN_PAUSE_CLICK 23,85,52,79,5,14,6 1 2

[2024-06-18 18:04:13] [RANGEFINDER] Mode_t:LOITER, yaw_max:0.007566, yaw_min:-0.012902, roll_max: 0.000986, roll_min:-0.002332, pitch_max:0.003512, pitch_min: -0.000989
[2024-06-18 18:04:13] P values [1, -1, -1, -1, 0, 0, 0, 0, 0, 0, 0, 0, 0, 0, 0, 0, 0, 0, 0, 0, 0, 0, 0, 0, 0, 0, 0, 0, 0, 0]
[2024-06-18 18:04:13] [Debug] drone_status:4
[2024-06-18 18:04:13] Incrementing the status_ctr
[2024-06-18 18:04:13] ### Next round (5) for fuzzing commands. ###
#---------------------------------A.RANGEFINDER-------------------------------------------
[Distance] P1: 1.000000 P2: -1.000000 P3: -1.000000 
[2024-06-18 18:04:13] [Distance] Global distance: 1.000000
#-----------------------------------------------------------------------------
[2024-06-18 18:04:13] [RANGEFINDER] Mode_t:LOITER, yaw_max:0.007566, yaw_min:-0.012902, roll_max: 0.000986, roll_min:-0.002332, pitch_max:0.003512, pitch_min: -0.000989
[2024-06-18 18:04:13] P values [1, -1, -1, -1, 0, 0, 0, 0, 0, 0, 0, 0, 0, 0, 0, 0, 0, 0, 0, 0, 0, 0, 0, 0, 0, 0, 0, 0, 0, 0]
[2024-06-18 18:04:13] # [Change_parameter()] selected params: FENCE_ALT_MAX
[2024-06-18 18:04:13] # [Change_parameter()] selected params: FENCE_ALT_MAX, min: 10.000000, max: 10000.000000, random digit param value:789
#---------------------------------A.RANGEFINDER-------------------------------------------
[Distance] P1: 1.000000 P2: -1.000000 P3: -1.000000 
[2024-06-18 18:04:20] [Distance] Global distance: 1.000000
#-----------------------------------------------------------------------------
[2024-06-18 18:04:20] [RANGEFINDER] Mode_t:LOITER, yaw_max:0.007566, yaw_min:-0.012902, roll_max: 0.002612, roll_min:-0.002332, pitch_max:0.003512, pitch_min: -0.000989
[2024-06-18 18:04:20] P values [1, -1, -1, -1, 0, 0, 0, 0, 0, 0, 0, 0, 0, 0, 0, 0, 0, 0, 0, 0, 0, 0, 0, 0, 0, 0, 0, 0, 0, 0]
[2024-06-18 18:04:20] [Debug] drone_status:4
[2024-06-18 18:04:20] Incrementing the status_ctr
[2024-06-18 18:04:20] ### Next round (6) for fuzzing commands. ###
#---------------------------------A.RANGEFINDER-------------------------------------------
[Distance] P1: 1.000000 P2: -1.000000 P3: -1.000000 
[2024-06-18 18:04:20] [Distance] Global distance: 1.000000
#-----------------------------------------------------------------------------
[2024-06-18 18:04:20] [RANGEFINDER] Mode_t:LOITER, yaw_max:0.007566, yaw_min:-0.012902, roll_max: 0.002612, roll_min:-0.002332, pitch_max:0.003512, pitch_min: -0.000989
[2024-06-18 18:04:20] P values [1, -1, -1, -1, 0, 0, 0, 0, 0, 0, 0, 0, 0, 0, 0, 0, 0, 0, 0, 0, 0, 0, 0, 0, 0, 0, 0, 0, 0, 0]
[2024-06-18 18:04:20] Generated random msgs for rangefinder
#---------------------------------A.RANGEFINDER-------------------------------------------
[Distance] P1: 1.000000 P2: -1.000000 P3: -1.000000 
[2024-06-18 18:04:24] [Distance] Global distance: 1.000000
#-----------------------------------------------------------------------------
[2024-06-18 18:04:24] [RANGEFINDER] Mode_t:LOITER, yaw_max:0.007566, yaw_min:-0.012902, roll_max: 0.002612, roll_min:-0.002332, pitch_max:0.004602, pitch_min: -0.000989
[2024-06-18 18:04:24] P values [1, -1, -1, -1, 0, 0, 0, 0, 0, 0, 0, 0, 0, 0, 0, 0, 0, 0, 0, 0, 0, 0, 0, 0, 0, 0, 0, 0, 0, 0]
[2024-06-18 18:04:24] [Debug] drone_status:4
[2024-06-18 18:04:24] Incrementing the status_ctr
[2024-06-18 18:04:24] ### Next round (7) for fuzzing commands. ###
#---------------------------------A.RANGEFINDER-------------------------------------------
[Distance] P1: 1.000000 P2: -1.000000 P3: -1.000000 
[2024-06-18 18:04:24] [Distance] Global distance: 1.000000
#-----------------------------------------------------------------------------
[2024-06-18 18:04:24] [RANGEFINDER] Mode_t:LOITER, yaw_max:0.007566, yaw_min:-0.012902, roll_max: 0.002612, roll_min:-0.002332, pitch_max:0.004602, pitch_min: -0.000989
[2024-06-18 18:04:24] P values [1, -1, -1, -1, 0, 0, 0, 0, 0, 0, 0, 0, 0, 0, 0, 0, 0, 0, 0, 0, 0, 0, 0, 0, 0, 0, 0, 0, 0, 0]
[2024-06-18 18:04:24] [Execute_env] (SIM_IMU_POS_Y, 86.7022144017)
#---------------------------------A.RANGEFINDER-------------------------------------------
[Distance] P1: 1.000000 P2: -1.000000 P3: -1.000000 
[2024-06-18 18:04:28] [Distance] Global distance: 1.000000
#-----------------------------------------------------------------------------
[2024-06-18 18:04:28] [RANGEFINDER] Mode_t:LOITER, yaw_max:0.012994, yaw_min:-0.012902, roll_max: 0.005990, roll_min:-0.002332, pitch_max:0.004602, pitch_min: -0.001235
[2024-06-18 18:04:28] P values [1, -1, -1, -1, 0, 0, 0, 0, 0, 0, 0, 0, 0, 0, 0, 0, 0, 0, 0, 0, 0, 0, 0, 0, 0, 0, 0, 0, 0, 0]
[2024-06-18 18:04:28] [Debug] drone_status:4
[2024-06-18 18:04:28] Incrementing the status_ctr
[2024-06-18 18:04:28] ### Next round (8) for fuzzing commands. ###
#---------------------------------A.RANGEFINDER-------------------------------------------
[Distance] P1: 1.000000 P2: -1.000000 P3: -1.000000 
[2024-06-18 18:04:28] [Distance] Global distance: 1.000000
#-----------------------------------------------------------------------------
[2024-06-18 18:04:28] [RANGEFINDER] Mode_t:LOITER, yaw_max:0.012994, yaw_min:-0.012902, roll_max: 0.005990, roll_min:-0.002332, pitch_max:0.004602, pitch_min: -0.001235
[2024-06-18 18:04:28] P values [1, -1, -1, -1, 0, 0, 0, 0, 0, 0, 0, 0, 0, 0, 0, 0, 0, 0, 0, 0, 0, 0, 0, 0, 0, 0, 0, 0, 0, 0]
[2024-06-18 18:04:28] [Execute_env] (SIM_GPS_NOISE, 37.0777445217)
#---------------------------------A.RANGEFINDER-------------------------------------------
[Distance] P1: 1.000000 P2: -1.000000 P3: -1.000000 
[2024-06-18 18:04:32] [Distance] Global distance: 1.000000
#-----------------------------------------------------------------------------
[2024-06-18 18:04:32] [RANGEFINDER] Mode_t:LOITER, yaw_max:0.012994, yaw_min:-0.012902, roll_max: 0.005990, roll_min:-0.002332, pitch_max:0.004602, pitch_min: -0.004190
[2024-06-18 18:04:32] P values [1, -1, -1, -1, 0, 0, 0, 0, 0, 0, 0, 0, 0, 0, 0, 0, 0, 0, 0, 0, 0, 0, 0, 0, 0, 0, 0, 0, 0, 0]
[2024-06-18 18:04:32] [Debug] drone_status:4
[2024-06-18 18:04:32] Incrementing the status_ctr
[2024-06-18 18:04:32] ### Next round (9) for fuzzing commands. ###
#---------------------------------A.RANGEFINDER-------------------------------------------
[Distance] P1: 1.000000 P2: -1.000000 P3: -1.000000 
[2024-06-18 18:04:32] [Distance] Global distance: 1.000000
#-----------------------------------------------------------------------------
[2024-06-18 18:04:32] [RANGEFINDER] Mode_t:LOITER, yaw_max:0.012994, yaw_min:-0.012902, roll_max: 0.005990, roll_min:-0.002332, pitch_max:0.004602, pitch_min: -0.004190
[2024-06-18 18:04:32] P values [1, -1, -1, -1, 0, 0, 0, 0, 0, 0, 0, 0, 0, 0, 0, 0, 0, 0, 0, 0, 0, 0, 0, 0, 0, 0, 0, 0, 0, 0]
[2024-06-18 18:04:32] [Execute_cmd] (MAV_CMD_DO_PAUSE_CONTINUE, 5,82,8,17,47,69,76)
#---------------------------------A.RANGEFINDER-------------------------------------------
[Distance] P1: 1.000000 P2: -1.000000 P3: -1.000000 
[2024-06-18 18:04:36] [Distance] Global distance: 1.000000
#-----------------------------------------------------------------------------
[2024-06-18 18:04:36] [RANGEFINDER] Mode_t:LOITER, yaw_max:0.012994, yaw_min:-0.012902, roll_max: 0.005990, roll_min:-0.002332, pitch_max:0.004602, pitch_min: -0.004190
[2024-06-18 18:04:36] P values [1, -1, -1, -1, 0, 0, 0, 0, 0, 0, 0, 0, 0, 0, 0, 0, 0, 0, 0, 0, 0, 0, 0, 0, 0, 0, 0, 0, 0, 0]
[2024-06-18 18:04:36] [Debug] drone_status:4
[2024-06-18 18:04:36] Incrementing the status_ctr
[2024-06-18 18:04:36] ### Next round (10) for fuzzing commands. ###
#---------------------------------A.RANGEFINDER-------------------------------------------
[Distance] P1: 1.000000 P2: -1.000000 P3: -1.000000 
[2024-06-18 18:04:36] [Distance] Global distance: 1.000000
#-----------------------------------------------------------------------------
[2024-06-18 18:04:36] [RANGEFINDER] Mode_t:LOITER, yaw_max:0.012994, yaw_min:-0.012902, roll_max: 0.005990, roll_min:-0.002332, pitch_max:0.004602, pitch_min: -0.004190
[2024-06-18 18:04:36] P values [1, -1, -1, -1, 0, 0, 0, 0, 0, 0, 0, 0, 0, 0, 0, 0, 0, 0, 0, 0, 0, 0, 0, 0, 0, 0, 0, 0, 0, 0]
[2024-06-18 18:04:36] [Execute_cmd] (MAV_CMD_NAV_LOITER_TURNS, 16,18,9,30,18,68,25)
#---------------------------------A.RANGEFINDER-------------------------------------------
[Distance] P1: 1.000000 P2: -1.000000 P3: -1.000000 
[2024-06-18 18:04:40] [Distance] Global distance: 1.000000
#-----------------------------------------------------------------------------
[2024-06-18 18:04:40] [RANGEFINDER] Mode_t:LOITER, yaw_max:0.015109, yaw_min:-0.012902, roll_max: 0.005990, roll_min:-0.002332, pitch_max:0.004602, pitch_min: -0.004190
[2024-06-18 18:04:40] P values [1, -1, -1, -1, 0, 0, 0, 0, 0, 0, 0, 0, 0, 0, 0, 0, 0, 0, 0, 0, 0, 0, 0, 0, 0, 0, 0, 0, 0, 0]
[2024-06-18 18:04:40] [Debug] drone_status:4
[2024-06-18 18:04:40] Incrementing the status_ctr
[2024-06-18 18:04:40] ### Next round (11) for fuzzing commands. ###
#---------------------------------A.RANGEFINDER-------------------------------------------
[Distance] P1: 1.000000 P2: -1.000000 P3: -1.000000 
[2024-06-18 18:04:40] [Distance] Global distance: 1.000000
#-----------------------------------------------------------------------------
[2024-06-18 18:04:40] [RANGEFINDER] Mode_t:LOITER, yaw_max:0.015109, yaw_min:-0.012902, roll_max: 0.005990, roll_min:-0.002332, pitch_max:0.004602, pitch_min: -0.004190
[2024-06-18 18:04:40] P values [1, -1, -1, -1, 0, 0, 0, 0, 0, 0, 0, 0, 0, 0, 0, 0, 0, 0, 0, 0, 0, 0, 0, 0, 0, 0, 0, 0, 0, 0]
[2024-06-18 18:04:40] [Execute_cmd] (MAV_CMD_NAV_LOITER_TURNS, 48,77,62,88,93,99,98)
#---------------------------------A.RANGEFINDER-------------------------------------------
[Distance] P1: 1.000000 P2: -1.000000 P3: -1.000000 
[2024-06-18 18:04:44] [Distance] Global distance: 1.000000
#-----------------------------------------------------------------------------
[2024-06-18 18:04:44] [RANGEFINDER] Mode_t:LOITER, yaw_max:0.015109, yaw_min:-0.012902, roll_max: 0.005990, roll_min:-0.002332, pitch_max:0.004602, pitch_min: -0.004190
[2024-06-18 18:04:44] P values [1, -1, -1, -1, 0, 0, 0, 0, 0, 0, 0, 0, 0, 0, 0, 0, 0, 0, 0, 0, 0, 0, 0, 0, 0, 0, 0, 0, 0, 0]
[2024-06-18 18:04:44] [Debug] drone_status:4
[2024-06-18 18:04:44] Incrementing the status_ctr
[2024-06-18 18:04:44] ### Next round (12) for fuzzing commands. ###
#---------------------------------A.RANGEFINDER-------------------------------------------
[Distance] P1: 1.000000 P2: -1.000000 P3: -1.000000 
[2024-06-18 18:04:44] [Distance] Global distance: 1.000000
#-----------------------------------------------------------------------------
[2024-06-18 18:04:44] [RANGEFINDER] Mode_t:LOITER, yaw_max:0.015109, yaw_min:-0.012902, roll_max: 0.005990, roll_min:-0.002332, pitch_max:0.004602, pitch_min: -0.004190
[2024-06-18 18:04:44] P values [1, -1, -1, -1, 0, 0, 0, 0, 0, 0, 0, 0, 0, 0, 0, 0, 0, 0, 0, 0, 0, 0, 0, 0, 0, 0, 0, 0, 0, 0]
[2024-06-18 18:04:44] [Execute_cmd] (MAV_CMD_COMPONENT_ARM_DISARM, 58,13,64,87,38,87,85)
#---------------------------------A.RANGEFINDER-------------------------------------------
[Distance] P1: 1.000000 P2: -1.000000 P3: -1.000000 
[2024-06-18 18:04:48] [Distance] Global distance: 1.000000
#-----------------------------------------------------------------------------
[2024-06-18 18:04:48] [RANGEFINDER] Mode_t:LOITER, yaw_max:0.015109, yaw_min:-0.012902, roll_max: 0.005990, roll_min:-0.004651, pitch_max:0.004602, pitch_min: -0.005808
[2024-06-18 18:04:48] P values [1, -1, -1, -1, 0, 0, 0, 0, 0, 0, 0, 0, 0, 0, 0, 0, 0, 0, 0, 0, 0, 0, 0, 0, 0, 0, 0, 0, 0, 0]
[2024-06-18 18:04:48] [Debug] drone_status:4
[2024-06-18 18:04:48] Incrementing the status_ctr
[2024-06-18 18:04:48] ### Next round (13) for fuzzing commands. ###
#---------------------------------A.RANGEFINDER-------------------------------------------
[Distance] P1: 1.000000 P2: -1.000000 P3: -1.000000 
[2024-06-18 18:04:48] [Distance] Global distance: 1.000000
#-----------------------------------------------------------------------------
[2024-06-18 18:04:48] [RANGEFINDER] Mode_t:LOITER, yaw_max:0.015109, yaw_min:-0.012902, roll_max: 0.005990, roll_min:-0.004651, pitch_max:0.004602, pitch_min: -0.005808
[2024-06-18 18:04:48] P values [1, -1, -1, -1, 0, 0, 0, 0, 0, 0, 0, 0, 0, 0, 0, 0, 0, 0, 0, 0, 0, 0, 0, 0, 0, 0, 0, 0, 0, 0]
[2024-06-18 18:04:48] Generated random msgs for rangefinder
#---------------------------------A.RANGEFINDER-------------------------------------------
[Distance] P1: 1.000000 P2: -1.000000 P3: -1.000000 
[2024-06-18 18:04:52] [Distance] Global distance: 1.000000
#-----------------------------------------------------------------------------
[2024-06-18 18:04:52] [RANGEFINDER] Mode_t:LOITER, yaw_max:0.015109, yaw_min:-0.012902, roll_max: 0.005990, roll_min:-0.004651, pitch_max:0.004602, pitch_min: -0.005808
[2024-06-18 18:04:52] P values [1, -1, -1, -1, 0, 0, 0, 0, 0, 0, 0, 0, 0, 0, 0, 0, 0, 0, 0, 0, 0, 0, 0, 0, 0, 0, 0, 0, 0, 0]
[2024-06-18 18:04:52] [Debug] drone_status:4
[2024-06-18 18:04:52] Incrementing the status_ctr
[2024-06-18 18:04:52] ### Next round (14) for fuzzing commands. ###
#---------------------------------A.RANGEFINDER-------------------------------------------
[Distance] P1: 1.000000 P2: -1.000000 P3: -1.000000 
[2024-06-18 18:04:52] [Distance] Global distance: 1.000000
#-----------------------------------------------------------------------------
[2024-06-18 18:04:52] [RANGEFINDER] Mode_t:LOITER, yaw_max:0.015109, yaw_min:-0.012902, roll_max: 0.005990, roll_min:-0.004651, pitch_max:0.004602, pitch_min: -0.005808
[2024-06-18 18:04:52] P values [1, -1, -1, -1, 0, 0, 0, 0, 0, 0, 0, 0, 0, 0, 0, 0, 0, 0, 0, 0, 0, 0, 0, 0, 0, 0, 0, 0, 0, 0]
[2024-06-18 18:04:52] [Execute_cmd] (MAV_CMD_FIXED_MAG_CAL, 79,60,38,14,38,24,26)
#---------------------------------A.RANGEFINDER-------------------------------------------
[Distance] P1: 1.000000 P2: -1.000000 P3: -1.000000 
[2024-06-18 18:04:56] [Distance] Global distance: 1.000000
#-----------------------------------------------------------------------------
[2024-06-18 18:04:56] [RANGEFINDER] Mode_t:LOITER, yaw_max:0.015179, yaw_min:-0.012902, roll_max: 0.005990, roll_min:-0.004651, pitch_max:0.004602, pitch_min: -0.005808
[2024-06-18 18:04:56] P values [1, -1, -1, -1, 0, 0, 0, 0, 0, 0, 0, 0, 0, 0, 0, 0, 0, 0, 0, 0, 0, 0, 0, 0, 0, 0, 0, 0, 0, 0]
[2024-06-18 18:04:56] [Debug] drone_status:4
[2024-06-18 18:04:56] Incrementing the status_ctr
[2024-06-18 18:04:56] ### Next round (15) for fuzzing commands. ###
#---------------------------------A.RANGEFINDER-------------------------------------------
[Distance] P1: 1.000000 P2: -1.000000 P3: -1.000000 
[2024-06-18 18:04:56] [Distance] Global distance: 1.000000
#-----------------------------------------------------------------------------
[2024-06-18 18:04:56] [RANGEFINDER] Mode_t:LOITER, yaw_max:0.015179, yaw_min:-0.012902, roll_max: 0.005990, roll_min:-0.004651, pitch_max:0.004602, pitch_min: -0.005808
[2024-06-18 18:04:56] P values [1, -1, -1, -1, 0, 0, 0, 0, 0, 0, 0, 0, 0, 0, 0, 0, 0, 0, 0, 0, 0, 0, 0, 0, 0, 0, 0, 0, 0, 0]
[2024-06-18 18:04:56] # [Change_parameter()] selected params: ATC_RATE_R_MAX
[2024-06-18 18:04:56] # [Change_parameter()] selected params: ATC_RATE_R_MAX, min: 0.000000, max: 1080.000000, random digit param value:477
#---------------------------------A.RANGEFINDER-------------------------------------------
[Distance] P1: 1.000000 P2: -1.000000 P3: -1.000000 
[2024-06-18 18:05:03] [Distance] Global distance: 1.000000
#-----------------------------------------------------------------------------
[2024-06-18 18:05:03] [RANGEFINDER] Mode_t:LOITER, yaw_max:0.015179, yaw_min:-0.013367, roll_max: 0.005990, roll_min:-0.004651, pitch_max:0.004602, pitch_min: -0.005808
[2024-06-18 18:05:03] P values [1, -1, -1, -1, 0, 0, 0, 0, 0, 0, 0, 0, 0, 0, 0, 0, 0, 0, 0, 0, 0, 0, 0, 0, 0, 0, 0, 0, 0, 0]
[2024-06-18 18:05:03] [Debug] drone_status:4
[2024-06-18 18:05:03] Incrementing the status_ctr
[2024-06-18 18:05:03] ### Next round (16) for fuzzing commands. ###
#---------------------------------A.RANGEFINDER-------------------------------------------
[Distance] P1: 1.000000 P2: -1.000000 P3: -1.000000 
[2024-06-18 18:05:03] [Distance] Global distance: 1.000000
#-----------------------------------------------------------------------------
[2024-06-18 18:05:03] [RANGEFINDER] Mode_t:LOITER, yaw_max:0.015179, yaw_min:-0.013367, roll_max: 0.005990, roll_min:-0.004651, pitch_max:0.004602, pitch_min: -0.005808
[2024-06-18 18:05:03] P values [1, -1, -1, -1, 0, 0, 0, 0, 0, 0, 0, 0, 0, 0, 0, 0, 0, 0, 0, 0, 0, 0, 0, 0, 0, 0, 0, 0, 0, 0]
[2024-06-18 18:05:03] [Execute_cmd] (MAV_CMD_CONDITION_DELAY, 33,39,43,36,74,90,82)
#---------------------------------A.RANGEFINDER-------------------------------------------
[Distance] P1: 1.000000 P2: -1.000000 P3: -1.000000 
[2024-06-18 18:05:07] [Distance] Global distance: 1.000000
#-----------------------------------------------------------------------------
[2024-06-18 18:05:07] [RANGEFINDER] Mode_t:LOITER, yaw_max:0.015179, yaw_min:-0.013367, roll_max: 0.005990, roll_min:-0.004651, pitch_max:0.004602, pitch_min: -0.005808
[2024-06-18 18:05:07] P values [1, -1, -1, -1, 0, 0, 0, 0, 0, 0, 0, 0, 0, 0, 0, 0, 0, 0, 0, 0, 0, 0, 0, 0, 0, 0, 0, 0, 0, 0]
[2024-06-18 18:05:07] [Debug] drone_status:4
[2024-06-18 18:05:07] Incrementing the status_ctr
[2024-06-18 18:05:07] ### Next round (17) for fuzzing commands. ###
#---------------------------------A.RANGEFINDER-------------------------------------------
[Distance] P1: 1.000000 P2: -1.000000 P3: -1.000000 
[2024-06-18 18:05:07] [Distance] Global distance: 1.000000
#-----------------------------------------------------------------------------
[2024-06-18 18:05:07] [RANGEFINDER] Mode_t:LOITER, yaw_max:0.015179, yaw_min:-0.013367, roll_max: 0.005990, roll_min:-0.004651, pitch_max:0.004602, pitch_min: -0.005808
[2024-06-18 18:05:07] P values [1, -1, -1, -1, 0, 0, 0, 0, 0, 0, 0, 0, 0, 0, 0, 0, 0, 0, 0, 0, 0, 0, 0, 0, 0, 0, 0, 0, 0, 0]
[2024-06-18 18:05:07] [Execute_env] (SIM_TIDE_DIR, 36.5354109851)
#---------------------------------A.RANGEFINDER-------------------------------------------
[Distance] P1: 1.000000 P2: -1.000000 P3: -1.000000 
[2024-06-18 18:05:11] [Distance] Global distance: 1.000000
#-----------------------------------------------------------------------------
[2024-06-18 18:05:11] [RANGEFINDER] Mode_t:LOITER, yaw_max:0.015179, yaw_min:-0.019006, roll_max: 0.006361, roll_min:-0.004651, pitch_max:0.004602, pitch_min: -0.005808
[2024-06-18 18:05:11] P values [1, -1, -1, -1, 0, 0, 0, 0, 0, 0, 0, 0, 0, 0, 0, 0, 0, 0, 0, 0, 0, 0, 0, 0, 0, 0, 0, 0, 0, 0]
[2024-06-18 18:05:11] [Debug] drone_status:4
[2024-06-18 18:05:11] Incrementing the status_ctr
[2024-06-18 18:05:11] ### Next round (18) for fuzzing commands. ###
#---------------------------------A.RANGEFINDER-------------------------------------------
[Distance] P1: 1.000000 P2: -1.000000 P3: -1.000000 
[2024-06-18 18:05:11] [Distance] Global distance: 1.000000
#-----------------------------------------------------------------------------
[2024-06-18 18:05:11] [RANGEFINDER] Mode_t:LOITER, yaw_max:0.015179, yaw_min:-0.019006, roll_max: 0.006361, roll_min:-0.004651, pitch_max:0.004602, pitch_min: -0.005808
[2024-06-18 18:05:11] P values [1, -1, -1, -1, 0, 0, 0, 0, 0, 0, 0, 0, 0, 0, 0, 0, 0, 0, 0, 0, 0, 0, 0, 0, 0, 0, 0, 0, 0, 0]
[2024-06-18 18:05:11] [Execute_env] (SIM_TWIST_TIME, 7.16248674581)
#---------------------------------A.RANGEFINDER-------------------------------------------
[Distance] P1: 1.000000 P2: -1.000000 P3: -1.000000 
[2024-06-18 18:05:15] [Distance] Global distance: 1.000000
#-----------------------------------------------------------------------------
[2024-06-18 18:05:15] [RANGEFINDER] Mode_t:LOITER, yaw_max:0.015179, yaw_min:-0.019006, roll_max: 0.006361, roll_min:-0.004651, pitch_max:0.004602, pitch_min: -0.005808
[2024-06-18 18:05:15] P values [1, -1, -1, -1, 0, 0, 0, 0, 0, 0, 0, 0, 0, 0, 0, 0, 0, 0, 0, 0, 0, 0, 0, 0, 0, 0, 0, 0, 0, 0]
[2024-06-18 18:05:15] [Debug] drone_status:4
[2024-06-18 18:05:15] Incrementing the status_ctr
[2024-06-18 18:05:15] ### Next round (19) for fuzzing commands. ###
#---------------------------------A.RANGEFINDER-------------------------------------------
[Distance] P1: 1.000000 P2: -1.000000 P3: -1.000000 
[2024-06-18 18:05:15] [Distance] Global distance: 1.000000
#-----------------------------------------------------------------------------
[2024-06-18 18:05:15] [RANGEFINDER] Mode_t:LOITER, yaw_max:0.015179, yaw_min:-0.019006, roll_max: 0.006361, roll_min:-0.004651, pitch_max:0.004602, pitch_min: -0.005808
[2024-06-18 18:05:15] P values [1, -1, -1, -1, 0, 0, 0, 0, 0, 0, 0, 0, 0, 0, 0, 0, 0, 0, 0, 0, 0, 0, 0, 0, 0, 0, 0, 0, 0, 0]
[2024-06-18 18:05:15] [Execute_env] (SIM_ACCEL_FAIL, 96.3480855528)
#---------------------------------A.RANGEFINDER-------------------------------------------
[Distance] P1: 1.000000 P2: -1.000000 P3: -1.000000 
[2024-06-18 18:05:19] [Distance] Global distance: 1.000000
#-----------------------------------------------------------------------------
[2024-06-18 18:05:19] [RANGEFINDER] Mode_t:LOITER, yaw_max:0.015179, yaw_min:-0.019006, roll_max: 0.006361, roll_min:-0.005704, pitch_max:0.004602, pitch_min: -0.005808
[2024-06-18 18:05:19] P values [1, -1, -1, -1, 0, 0, 0, 0, 0, 0, 0, 0, 0, 0, 0, 0, 0, 0, 0, 0, 0, 0, 0, 0, 0, 0, 0, 0, 0, 0]
[2024-06-18 18:05:19] [Debug] drone_status:4
[2024-06-18 18:05:19] Incrementing the status_ctr
[2024-06-18 18:05:19] ### Next round (20) for fuzzing commands. ###
#---------------------------------A.RANGEFINDER-------------------------------------------
[Distance] P1: 1.000000 P2: -1.000000 P3: -1.000000 
[2024-06-18 18:05:19] [Distance] Global distance: 1.000000
#-----------------------------------------------------------------------------
[2024-06-18 18:05:19] [RANGEFINDER] Mode_t:LOITER, yaw_max:0.015179, yaw_min:-0.019006, roll_max: 0.006361, roll_min:-0.005704, pitch_max:0.004602, pitch_min: -0.005808
[2024-06-18 18:05:19] P values [1, -1, -1, -1, 0, 0, 0, 0, 0, 0, 0, 0, 0, 0, 0, 0, 0, 0, 0, 0, 0, 0, 0, 0, 0, 0, 0, 0, 0, 0]
[2024-06-18 18:05:19] [Execute_env] (SIM_GPS_POS_Y, 69.4160176992)
[2024-06-18 18:05:20] [status_text] EKF3 lane switch 1
[2024-06-18 18:05:20] [status_text] EKF primary changed:1
[2024-06-18 18:05:21] [status_text] GPS Glitch
[2024-06-18 18:05:21] [status_text] EKF variance
#---------------------------------A.RANGEFINDER-------------------------------------------
[Distance] P1: -1.000000 P2: -1.000000 P3: 1.000000 
[2024-06-18 18:05:23] [Distance] Global distance: 1.000000
#-----------------------------------------------------------------------------
[2024-06-18 18:05:23] [*Distance*] propositional distance 3 is increased (input: SIM_GPS_POS_Y, 69.4160176992)
[2024-06-18 18:05:23] [write_guidance_log] appending: SIM_GPS_POS_Y 69.4160176992 3 2

[2024-06-18 18:05:23] [RANGEFINDER] Mode_t:LAND, yaw_max:3.748737, yaw_min:-0.019006, roll_max: 0.519933, roll_min:-0.005704, pitch_max:1.324926, pitch_min: -0.005808
[2024-06-18 18:05:23] P values [-1, -1, 1, -1, 0, 0, 0, 0, 0, 0, 0, 0, 0, 0, 0, 0, 0, 0, 0, 0, 0, 0, 0, 0, 0, 0, 0, 0, 0, 0]
[2024-06-18 18:05:23] [Debug] drone_status:5
[2024-06-18 18:05:23] Incrementing the status_ctr
[2024-06-18 18:05:23] Drone status Status: 5 Hit_ground: 0 PreArm: 0
[2024-06-18 18:05:23] Restarting the vehicle
[2024-06-18 18:05:23] #-----------------------------------------------------------------------------
[2024-06-18 18:05:23] #-----------------------------------------------------------------------------
[2024-06-18 18:05:23] #------------------------- RE-LAUNCH the vehicle -----------------------------
[2024-06-18 18:05:23] #-----------------------------------------------------------------------------
[2024-06-18 18:05:23] #-----------------------------------------------------------------------------
[2024-06-18 18:05:28] [re-launch] min_thr:975, target throttle:995
[2024-06-18 18:05:30] ***************Policy violation!***************
Create the policy_violations dir as not found
Restarting the vehicle : Policy violation logged
[2024-06-18 18:05:30] #-----------------------------------------------------------------------------
[2024-06-18 18:05:30] #-----------------------------------------------------------------------------
[2024-06-18 18:05:30] #------------------------- RE-LAUNCH the vehicle -----------------------------
[2024-06-18 18:05:30] #-----------------------------------------------------------------------------
[2024-06-18 18:05:30] #-----------------------------------------------------------------------------
[2024-06-18 18:05:35] [re-launch] min_thr:975, target throttle:995
[2024-06-18 18:05:38] [status_text] Barometer 1 calibration complete
[2024-06-18 18:05:38] [status_text] Barometer 2 calibration complete
[2024-06-18 18:05:38] [status_text] ArduCopter V4.1.0-dev (be8f747b)
[2024-06-18 18:05:38] [status_text] 43ef9e12cd45440383d4ec9e33e65b21
[2024-06-18 18:05:38] [status_text] Frame: QUAD/PLUS
[2024-06-18 18:05:38] [status_text] ArduPilot Ready
[2024-06-18 18:05:38] [status_text] AHRS: DCM active
[2024-06-18 18:05:38] [status_text] SaveWaypoint LOW
[2024-06-18 18:05:45] [status_text] Barometer 1 calibration complete
[2024-06-18 18:05:45] [status_text] Barometer 2 calibration complete
[2024-06-18 18:05:45] [status_text] ArduCopter V4.1.0-dev (be8f747b)
[2024-06-18 18:05:45] [status_text] 43ef9e12cd45440383d4ec9e33e65b21
[2024-06-18 18:05:45] [status_text] Frame: QUAD/PLUS
[2024-06-18 18:05:45] [status_text] ArduPilot Ready
[2024-06-18 18:05:45] [status_text] AHRS: DCM active
[2024-06-18 18:05:45] [status_text] SaveWaypoint LOW
[2024-06-18 18:05:46] [status_text] EKF3 IMU0 buffs IMU=19 OBS=7 OF=17 EN:17 dt=0.0120
[2024-06-18 18:05:46] [status_text] EKF3 IMU1 buffs IMU=19 OBS=7 OF=17 EN:17 dt=0.0120
[2024-06-18 18:05:47] [status_text] EKF3 IMU0 initialised
[2024-06-18 18:05:47] [status_text] EKF3 IMU1 initialised
[2024-06-18 18:05:47] [status_text] AHRS: EKF3 active
[2024-06-18 18:05:47] [status_text] EKF3 IMU1 initial yaw alignment complete
[2024-06-18 18:05:47] [status_text] EKF3 IMU0 initial yaw alignment complete
[2024-06-18 18:05:49] [status_text] EKF3 IMU1 tilt alignment complete
[2024-06-18 18:05:49] [status_text] EKF3 IMU0 tilt alignment complete
[2024-06-18 18:05:51] [status_text] GPS 1: detected as u-blox at 230400 baud
[2024-06-18 18:06:01] [status_text] EKF3 IMU0 origin set
[2024-06-18 18:06:01] [status_text] EKF3 IMU1 origin set
[2024-06-18 18:06:20] [Set_preconditions] PRX_TYPE = 2
[2024-06-18 18:06:22] [status_text] EKF3 IMU1 is using GPS
[2024-06-18 18:06:22] [status_text] EKF3 IMU0 is using GPS
[2024-06-18 18:06:24] [status_text] Arming motors
[2024-06-18 18:06:27] [Set_preconditions] PRX_TYPE = 2
[2024-06-18 18:06:30] [status_text] EKF3 IMU0 in-flight yaw alignment complete
[2024-06-18 18:06:30] [status_text] EKF3 IMU1 in-flight yaw alignment complete
[2024-06-18 18:06:52] [Debug] drone_status:4
[2024-06-18 18:06:52] Reset status_ctr
[2024-06-18 18:06:52] ### Next round (0) for fuzzing commands. ###
#---------------------------------A.RANGEFINDER-------------------------------------------
[Distance] P1: -1.000000 P2: -1.000000 P3: 1.000000 
[2024-06-18 18:06:52] [Distance] Global distance: 1.000000
#-----------------------------------------------------------------------------
[2024-06-18 18:06:52] [RANGEFINDER] Mode_t:GUIDED, yaw_max:3.748737, yaw_min:-0.019006, roll_max: 0.519933, roll_min:-0.005704, pitch_max:1.324926, pitch_min: -0.005808
[2024-06-18 18:06:52] P values [-1, -1, 1, -1, 0, 0, 0, 0, 0, 0, 0, 0, 0, 0, 0, 0, 0, 0, 0, 0, 0, 0, 0, 0, 0, 0, 0, 0, 0, 0]
[2024-06-18 18:06:52] [Execute_cmd] (MAV_CMD_NAV_GUIDED_ENABLE, 97,25,94,43,3,20,30)
#---------------------------------A.RANGEFINDER-------------------------------------------
[Distance] P1: -1.000000 P2: -1.000000 P3: 1.000000 
[2024-06-18 18:06:56] [Distance] Global distance: 1.000000
#-----------------------------------------------------------------------------
[2024-06-18 18:06:56] [RANGEFINDER] Mode_t:GUIDED, yaw_max:3.748737, yaw_min:-0.019006, roll_max: 0.519933, roll_min:-0.005704, pitch_max:1.324926, pitch_min: -0.005808
[2024-06-18 18:06:56] P values [-1, -1, 1, -1, 0, 0, 0, 0, 0, 0, 0, 0, 0, 0, 0, 0, 0, 0, 0, 0, 0, 0, 0, 0, 0, 0, 0, 0, 0, 0]
[2024-06-18 18:06:56] [Debug] drone_status:4
[2024-06-18 18:06:56] Incrementing the status_ctr
[2024-06-18 18:06:56] ### Next round (1) for fuzzing commands. ###
#---------------------------------A.RANGEFINDER-------------------------------------------
[Distance] P1: -1.000000 P2: -1.000000 P3: 1.000000 
[2024-06-18 18:06:56] [Distance] Global distance: 1.000000
#-----------------------------------------------------------------------------
[2024-06-18 18:06:56] [RANGEFINDER] Mode_t:GUIDED, yaw_max:3.748737, yaw_min:-0.019006, roll_max: 0.519933, roll_min:-0.005704, pitch_max:1.324926, pitch_min: -0.005808
[2024-06-18 18:06:56] P values [-1, -1, 1, -1, 0, 0, 0, 0, 0, 0, 0, 0, 0, 0, 0, 0, 0, 0, 0, 0, 0, 0, 0, 0, 0, 0, 0, 0, 0, 0]
[2024-06-18 18:06:56] # [Change_parameter()] selected params: PILOT_THR_FILT
[2024-06-18 18:06:56] # [Change_parameter()] selected params: PILOT_THR_FILT, min: 0.000000, max: 10.000000, random digit param value:0
#---------------------------------A.RANGEFINDER-------------------------------------------
[Distance] P1: -1.000000 P2: -1.000000 P3: 1.000000 
[2024-06-18 18:07:03] [Distance] Global distance: 1.000000
#-----------------------------------------------------------------------------
[2024-06-18 18:07:03] [RANGEFINDER] Mode_t:GUIDED, yaw_max:3.748737, yaw_min:-0.019006, roll_max: 0.519933, roll_min:-0.005704, pitch_max:1.324926, pitch_min: -0.005808
[2024-06-18 18:07:03] P values [-1, -1, 1, -1, 0, 0, 0, 0, 0, 0, 0, 0, 0, 0, 0, 0, 0, 0, 0, 0, 0, 0, 0, 0, 0, 0, 0, 0, 0, 0]
[2024-06-18 18:07:03] [Debug] drone_status:4
[2024-06-18 18:07:03] Incrementing the status_ctr
[2024-06-18 18:07:03] ### Next round (0) for fuzzing commands. ###
#---------------------------------A.RANGEFINDER-------------------------------------------
[Distance] P1: -1.000000 P2: -1.000000 P3: 1.000000 
[2024-06-18 18:07:03] [Distance] Global distance: 1.000000
#-----------------------------------------------------------------------------
[2024-06-18 18:07:03] [RANGEFINDER] Mode_t:GUIDED, yaw_max:3.748737, yaw_min:-0.019006, roll_max: 0.519933, roll_min:-0.005704, pitch_max:1.324926, pitch_min: -0.005808
[2024-06-18 18:07:03] P values [-1, -1, 1, -1, 0, 0, 0, 0, 0, 0, 0, 0, 0, 0, 0, 0, 0, 0, 0, 0, 0, 0, 0, 0, 0, 0, 0, 0, 0, 0]
[2024-06-18 18:07:03] Generated random msgs for rangefinder
[2024-06-18 18:07:03] [status_text] Calibrating barometer
[2024-06-18 18:07:04] [status_text] ArduCopter V4.1.0-dev (be8f747b)
[2024-06-18 18:07:04] [status_text] 43ef9e12cd45440383d4ec9e33e65b21
[2024-06-18 18:07:04] [status_text] Frame: QUAD/PLUS
[2024-06-18 18:07:05] [status_text] Barometer 1 calibration complete
[2024-06-18 18:07:05] [status_text] Barometer 2 calibration complete
[2024-06-18 18:07:05] [status_text] ArduPilot Ready
[2024-06-18 18:07:05] [status_text] AHRS: DCM active
[2024-06-18 18:07:05] [status_text] SaveWaypoint LOW
[2024-06-18 18:07:06] [status_text] EKF3 IMU0 buffs IMU=19 OBS=7 OF=17 EN:17 dt=0.0120
[2024-06-18 18:07:06] [status_text] EKF3 IMU1 buffs IMU=19 OBS=7 OF=17 EN:17 dt=0.0120
#---------------------------------A.RANGEFINDER-------------------------------------------
[Distance] P1: -1.000000 P2: -1.000000 P3: 1.000000 
[2024-06-18 18:07:07] [Distance] Global distance: 1.000000
#-----------------------------------------------------------------------------
[2024-06-18 18:07:07] [RANGEFINDER] Mode_t:STABILIZE, yaw_max:3.748737, yaw_min:-0.019006, roll_max: 0.519933, roll_min:-0.005704, pitch_max:1.324926, pitch_min: -0.005808
[2024-06-18 18:07:07] P values [-1, -1, 1, -1, 0, 0, 0, 0, 0, 0, 0, 0, 0, 0, 0, 0, 0, 0, 0, 0, 0, 0, 0, 0, 0, 0, 0, 0, 0, 0]
[2024-06-18 18:07:07] [Debug] drone_status:3
[2024-06-18 18:07:07] Incrementing the status_ctr
[2024-06-18 18:07:07] [Debug] drone_status:3
[2024-06-18 18:07:07] ### Vehicle is grounded, Home alt:679.320007, Current alt:657.130005
[2024-06-18 18:07:07] #-----------------------------------------------------------------------------
[2024-06-18 18:07:07] #-----------------------------------------------------------------------------
[2024-06-18 18:07:07] #------------------------- RE-LAUNCH the vehicle -----------------------------
[2024-06-18 18:07:07] #-----------------------------------------------------------------------------
[2024-06-18 18:07:07] #-----------------------------------------------------------------------------
[2024-06-18 18:07:07] [status_text] EKF3 IMU0 initialised
[2024-06-18 18:07:07] [status_text] EKF3 IMU1 initialised
[2024-06-18 18:07:07] [status_text] AHRS: EKF3 active
[2024-06-18 18:07:07] [status_text] EKF3 IMU1 initial yaw alignment complete
[2024-06-18 18:07:07] [status_text] EKF3 IMU0 initial yaw alignment complete
[2024-06-18 18:07:09] [status_text] EKF3 IMU1 tilt alignment complete
[2024-06-18 18:07:09] [status_text] EKF3 IMU0 tilt alignment complete
[2024-06-18 18:07:11] [status_text] GPS 1: detected as u-blox at 230400 baud
[2024-06-18 18:07:12] [re-launch] min_thr:975, target throttle:995
[2024-06-18 18:07:22] [status_text] Barometer 1 calibration complete
[2024-06-18 18:07:22] [status_text] Barometer 2 calibration complete
[2024-06-18 18:07:22] [status_text] ArduCopter V4.1.0-dev (be8f747b)
[2024-06-18 18:07:22] [status_text] 43ef9e12cd45440383d4ec9e33e65b21
[2024-06-18 18:07:22] [status_text] Frame: QUAD/PLUS
[2024-06-18 18:07:22] [status_text] ArduPilot Ready
[2024-06-18 18:07:22] [status_text] AHRS: DCM active
[2024-06-18 18:07:22] [status_text] SaveWaypoint LOW
[2024-06-18 18:07:23] [status_text] EKF3 IMU0 buffs IMU=19 OBS=7 OF=17 EN:17 dt=0.0120
[2024-06-18 18:07:23] [status_text] EKF3 IMU1 buffs IMU=19 OBS=7 OF=17 EN:17 dt=0.0120
[2024-06-18 18:07:24] [status_text] EKF3 IMU0 initialised
[2024-06-18 18:07:24] [status_text] EKF3 IMU1 initialised
[2024-06-18 18:07:24] [status_text] AHRS: EKF3 active
[2024-06-18 18:07:24] [status_text] EKF3 IMU1 initial yaw alignment complete
[2024-06-18 18:07:24] [status_text] EKF3 IMU0 initial yaw alignment complete
[2024-06-18 18:07:26] [status_text] EKF3 IMU1 tilt alignment complete
[2024-06-18 18:07:26] [status_text] EKF3 IMU0 tilt alignment complete
[2024-06-18 18:07:28] [status_text] GPS 1: detected as u-blox at 230400 baud
[2024-06-18 18:07:39] [status_text] EKF3 IMU0 origin set
[2024-06-18 18:07:39] [status_text] EKF3 IMU1 origin set
[2024-06-18 18:08:00] [status_text] EKF3 IMU1 is using GPS
[2024-06-18 18:08:00] [status_text] EKF3 IMU0 is using GPS
[2024-06-18 18:08:04] [Set_preconditions] PRX_TYPE = 2
[2024-06-18 18:08:07] [status_text] Arming motors
[2024-06-18 18:08:14] [status_text] EKF3 IMU1 in-flight yaw alignment complete
[2024-06-18 18:08:14] [status_text] EKF3 IMU0 in-flight yaw alignment complete
[2024-06-18 18:08:35] [Debug] drone_status:4
[2024-06-18 18:08:35] Reset status_ctr
[2024-06-18 18:08:35] ### Next round (0) for fuzzing commands. ###
#---------------------------------A.RANGEFINDER-------------------------------------------
[Distance] P1: -1.000000 P2: -1.000000 P3: 1.000000 
[2024-06-18 18:08:35] [Distance] Global distance: 1.000000
#-----------------------------------------------------------------------------
[2024-06-18 18:08:35] [RANGEFINDER] Mode_t:GUIDED, yaw_max:3.748737, yaw_min:-0.019006, roll_max: 0.519933, roll_min:-0.005704, pitch_max:1.324926, pitch_min: -0.005808
[2024-06-18 18:08:35] P values [-1, -1, 1, -1, 0, 0, 0, 0, 0, 0, 0, 0, 0, 0, 0, 0, 0, 0, 0, 0, 0, 0, 0, 0, 0, 0, 0, 0, 0, 0]
[2024-06-18 18:08:35] [Execute_env] (SIM_BAUDLIMIT_EN, 25.6396748937)
#---------------------------------A.RANGEFINDER-------------------------------------------
[Distance] P1: -1.000000 P2: -1.000000 P3: 1.000000 
[2024-06-18 18:08:39] [Distance] Global distance: 1.000000
#-----------------------------------------------------------------------------
[2024-06-18 18:08:39] [RANGEFINDER] Mode_t:GUIDED, yaw_max:3.748737, yaw_min:-0.019006, roll_max: 0.519933, roll_min:-0.005704, pitch_max:1.324926, pitch_min: -0.005808
[2024-06-18 18:08:39] P values [-1, -1, 1, -1, 0, 0, 0, 0, 0, 0, 0, 0, 0, 0, 0, 0, 0, 0, 0, 0, 0, 0, 0, 0, 0, 0, 0, 0, 0, 0]
[2024-06-18 18:08:39] [Debug] drone_status:4
[2024-06-18 18:08:39] Incrementing the status_ctr
[2024-06-18 18:08:39] ### Next round (1) for fuzzing commands. ###
#---------------------------------A.RANGEFINDER-------------------------------------------
[Distance] P1: -1.000000 P2: -1.000000 P3: 1.000000 
[2024-06-18 18:08:39] [Distance] Global distance: 1.000000
#-----------------------------------------------------------------------------
[2024-06-18 18:08:39] [RANGEFINDER] Mode_t:GUIDED, yaw_max:3.748737, yaw_min:-0.019006, roll_max: 0.519933, roll_min:-0.005704, pitch_max:1.324926, pitch_min: -0.005808
[2024-06-18 18:08:39] P values [-1, -1, 1, -1, 0, 0, 0, 0, 0, 0, 0, 0, 0, 0, 0, 0, 0, 0, 0, 0, 0, 0, 0, 0, 0, 0, 0, 0, 0, 0]
[2024-06-18 18:08:39] [Execute_env] (SIM_ADSB_RADIUS, 16.5497198172)
#---------------------------------A.RANGEFINDER-------------------------------------------
[Distance] P1: -1.000000 P2: -1.000000 P3: 1.000000 
[2024-06-18 18:08:43] [Distance] Global distance: 1.000000
#-----------------------------------------------------------------------------
[2024-06-18 18:08:43] [RANGEFINDER] Mode_t:GUIDED, yaw_max:3.748737, yaw_min:-0.019006, roll_max: 0.519933, roll_min:-0.005704, pitch_max:1.324926, pitch_min: -0.005808
[2024-06-18 18:08:43] P values [-1, -1, 1, -1, 0, 0, 0, 0, 0, 0, 0, 0, 0, 0, 0, 0, 0, 0, 0, 0, 0, 0, 0, 0, 0, 0, 0, 0, 0, 0]
[2024-06-18 18:08:43] [Debug] drone_status:4
[2024-06-18 18:08:43] Incrementing the status_ctr
[2024-06-18 18:08:43] ### Next round (2) for fuzzing commands. ###
#---------------------------------A.RANGEFINDER-------------------------------------------
[Distance] P1: -1.000000 P2: -1.000000 P3: 1.000000 
[2024-06-18 18:08:43] [Distance] Global distance: 1.000000
#-----------------------------------------------------------------------------
[2024-06-18 18:08:43] [RANGEFINDER] Mode_t:GUIDED, yaw_max:3.748737, yaw_min:-0.019006, roll_max: 0.519933, roll_min:-0.005704, pitch_max:1.324926, pitch_min: -0.005808
[2024-06-18 18:08:43] P values [-1, -1, 1, -1, 0, 0, 0, 0, 0, 0, 0, 0, 0, 0, 0, 0, 0, 0, 0, 0, 0, 0, 0, 0, 0, 0, 0, 0, 0, 0]
[2024-06-18 18:08:43] [Execute_cmd] (MAV_CMD_DO_JUMP, 80,54,28,18,97,65,96)
#---------------------------------A.RANGEFINDER-------------------------------------------
[Distance] P1: -1.000000 P2: -1.000000 P3: 1.000000 
[2024-06-18 18:08:47] [Distance] Global distance: 1.000000
#-----------------------------------------------------------------------------
[2024-06-18 18:08:47] [RANGEFINDER] Mode_t:GUIDED, yaw_max:3.748737, yaw_min:-0.019006, roll_max: 0.519933, roll_min:-0.005704, pitch_max:1.324926, pitch_min: -0.005808
[2024-06-18 18:08:47] P values [-1, -1, 1, -1, 0, 0, 0, 0, 0, 0, 0, 0, 0, 0, 0, 0, 0, 0, 0, 0, 0, 0, 0, 0, 0, 0, 0, 0, 0, 0]
[2024-06-18 18:08:47] [Debug] drone_status:4
[2024-06-18 18:08:47] Incrementing the status_ctr
[2024-06-18 18:08:47] ### Next round (3) for fuzzing commands. ###
#---------------------------------A.RANGEFINDER-------------------------------------------
[Distance] P1: -1.000000 P2: -1.000000 P3: 1.000000 
[2024-06-18 18:08:47] [Distance] Global distance: 1.000000
#-----------------------------------------------------------------------------
[2024-06-18 18:08:47] [RANGEFINDER] Mode_t:GUIDED, yaw_max:3.748737, yaw_min:-0.019006, roll_max: 0.519933, roll_min:-0.005704, pitch_max:1.324926, pitch_min: -0.005808
[2024-06-18 18:08:47] P values [-1, -1, 1, -1, 0, 0, 0, 0, 0, 0, 0, 0, 0, 0, 0, 0, 0, 0, 0, 0, 0, 0, 0, 0, 0, 0, 0, 0, 0, 0]
[2024-06-18 18:08:47] Generated random msgs for rangefinder
#---------------------------------A.RANGEFINDER-------------------------------------------
[Distance] P1: -1.000000 P2: -1.000000 P3: 1.000000 
[2024-06-18 18:08:51] [Distance] Global distance: 1.000000
#-----------------------------------------------------------------------------
[2024-06-18 18:08:51] [RANGEFINDER] Mode_t:GUIDED, yaw_max:3.748737, yaw_min:-0.019006, roll_max: 0.519933, roll_min:-0.005704, pitch_max:1.324926, pitch_min: -0.005808
[2024-06-18 18:08:51] P values [-1, -1, 1, -1, 0, 0, 0, 0, 0, 0, 0, 0, 0, 0, 0, 0, 0, 0, 0, 0, 0, 0, 0, 0, 0, 0, 0, 0, 0, 0]
[2024-06-18 18:08:51] [Debug] drone_status:4
[2024-06-18 18:08:51] Incrementing the status_ctr
[2024-06-18 18:08:51] ### Next round (4) for fuzzing commands. ###
#---------------------------------A.RANGEFINDER-------------------------------------------
[Distance] P1: -1.000000 P2: -1.000000 P3: 1.000000 
[2024-06-18 18:08:51] [Distance] Global distance: 1.000000
#-----------------------------------------------------------------------------
[2024-06-18 18:08:51] [RANGEFINDER] Mode_t:GUIDED, yaw_max:3.748737, yaw_min:-0.019006, roll_max: 0.519933, roll_min:-0.005704, pitch_max:1.324926, pitch_min: -0.005808
[2024-06-18 18:08:51] P values [-1, -1, 1, -1, 0, 0, 0, 0, 0, 0, 0, 0, 0, 0, 0, 0, 0, 0, 0, 0, 0, 0, 0, 0, 0, 0, 0, 0, 0, 0]
[2024-06-18 18:08:51] # [Change_parameter()] selected params: PSC_POSZ_P
[2024-06-18 18:08:51] # [Change_parameter()] selected params: PSC_POSZ_P, min: 1.000000, max: 3.000000, random digit param value:2
#---------------------------------A.RANGEFINDER-------------------------------------------
[Distance] P1: -1.000000 P2: -1.000000 P3: 1.000000 
[2024-06-18 18:08:58] [Distance] Global distance: 1.000000
#-----------------------------------------------------------------------------
[2024-06-18 18:08:58] [RANGEFINDER] Mode_t:GUIDED, yaw_max:3.748737, yaw_min:-0.019006, roll_max: 0.519933, roll_min:-0.005704, pitch_max:1.324926, pitch_min: -0.005808
[2024-06-18 18:08:58] P values [-1, -1, 1, -1, 0, 0, 0, 0, 0, 0, 0, 0, 0, 0, 0, 0, 0, 0, 0, 0, 0, 0, 0, 0, 0, 0, 0, 0, 0, 0]
[2024-06-18 18:08:58] [Debug] drone_status:4
[2024-06-18 18:08:58] Incrementing the status_ctr
[2024-06-18 18:08:58] ### Next round (5) for fuzzing commands. ###
#---------------------------------A.RANGEFINDER-------------------------------------------
[Distance] P1: -1.000000 P2: -1.000000 P3: 1.000000 
[2024-06-18 18:08:58] [Distance] Global distance: 1.000000
#-----------------------------------------------------------------------------
[2024-06-18 18:08:58] [RANGEFINDER] Mode_t:GUIDED, yaw_max:3.748737, yaw_min:-0.019006, roll_max: 0.519933, roll_min:-0.005704, pitch_max:1.324926, pitch_min: -0.005808
[2024-06-18 18:08:58] P values [-1, -1, 1, -1, 0, 0, 0, 0, 0, 0, 0, 0, 0, 0, 0, 0, 0, 0, 0, 0, 0, 0, 0, 0, 0, 0, 0, 0, 0, 0]
[2024-06-18 18:08:58] [Execute_cmd] (MAV_CMD_NAV_ALTITUDE_WAIT, 51,97,68,95,48,95,93)
#---------------------------------A.RANGEFINDER-------------------------------------------
[Distance] P1: -1.000000 P2: -1.000000 P3: 1.000000 
[2024-06-18 18:09:02] [Distance] Global distance: 1.000000
#-----------------------------------------------------------------------------
[2024-06-18 18:09:02] [RANGEFINDER] Mode_t:GUIDED, yaw_max:3.748737, yaw_min:-0.019006, roll_max: 0.519933, roll_min:-0.005967, pitch_max:1.324926, pitch_min: -0.005808
[2024-06-18 18:09:02] P values [-1, -1, 1, -1, 0, 0, 0, 0, 0, 0, 0, 0, 0, 0, 0, 0, 0, 0, 0, 0, 0, 0, 0, 0, 0, 0, 0, 0, 0, 0]
[2024-06-18 18:09:02] [Debug] drone_status:4
[2024-06-18 18:09:02] Incrementing the status_ctr
[2024-06-18 18:09:02] ### Next round (6) for fuzzing commands. ###
#---------------------------------A.RANGEFINDER-------------------------------------------
[Distance] P1: -1.000000 P2: -1.000000 P3: 1.000000 
[2024-06-18 18:09:02] [Distance] Global distance: 1.000000
#-----------------------------------------------------------------------------
[2024-06-18 18:09:02] [RANGEFINDER] Mode_t:GUIDED, yaw_max:3.748737, yaw_min:-0.019006, roll_max: 0.519933, roll_min:-0.005967, pitch_max:1.324926, pitch_min: -0.005808
[2024-06-18 18:09:02] P values [-1, -1, 1, -1, 0, 0, 0, 0, 0, 0, 0, 0, 0, 0, 0, 0, 0, 0, 0, 0, 0, 0, 0, 0, 0, 0, 0, 0, 0, 0]
[2024-06-18 18:09:02] [Execute_cmd] (MAV_CMD_CONDITION_DISTANCE, 70,22,59,4,41,71,35)
#---------------------------------A.RANGEFINDER-------------------------------------------
[Distance] P1: -1.000000 P2: -1.000000 P3: 1.000000 
[2024-06-18 18:09:06] [Distance] Global distance: 1.000000
#-----------------------------------------------------------------------------
[2024-06-18 18:09:06] [RANGEFINDER] Mode_t:GUIDED, yaw_max:3.748737, yaw_min:-0.019006, roll_max: 0.519933, roll_min:-0.005967, pitch_max:1.324926, pitch_min: -0.005808
[2024-06-18 18:09:06] P values [-1, -1, 1, -1, 0, 0, 0, 0, 0, 0, 0, 0, 0, 0, 0, 0, 0, 0, 0, 0, 0, 0, 0, 0, 0, 0, 0, 0, 0, 0]
[2024-06-18 18:09:06] [Debug] drone_status:4
[2024-06-18 18:09:06] Incrementing the status_ctr
[2024-06-18 18:09:06] ### Next round (7) for fuzzing commands. ###
#---------------------------------A.RANGEFINDER-------------------------------------------
[Distance] P1: -1.000000 P2: -1.000000 P3: 1.000000 
[2024-06-18 18:09:06] [Distance] Global distance: 1.000000
#-----------------------------------------------------------------------------
[2024-06-18 18:09:06] [RANGEFINDER] Mode_t:GUIDED, yaw_max:3.748737, yaw_min:-0.019006, roll_max: 0.519933, roll_min:-0.005967, pitch_max:1.324926, pitch_min: -0.005808
[2024-06-18 18:09:06] P values [-1, -1, 1, -1, 0, 0, 0, 0, 0, 0, 0, 0, 0, 0, 0, 0, 0, 0, 0, 0, 0, 0, 0, 0, 0, 0, 0, 0, 0, 0]
[2024-06-18 18:09:06] # [Change_parameter()] selected params: ATC_RAT_RLL_FLTE
[2024-06-18 18:09:06] # [Change_parameter()] selected params: ATC_RAT_RLL_FLTE, min: 0.000000, max: 100.000000, random digit param value:56
#---------------------------------A.RANGEFINDER-------------------------------------------
[Distance] P1: -1.000000 P2: -1.000000 P3: 1.000000 
[2024-06-18 18:09:13] [Distance] Global distance: 1.000000
#-----------------------------------------------------------------------------
[2024-06-18 18:09:13] [RANGEFINDER] Mode_t:GUIDED, yaw_max:3.748737, yaw_min:-0.019006, roll_max: 0.519933, roll_min:-0.005967, pitch_max:1.324926, pitch_min: -0.005808
[2024-06-18 18:09:13] P values [-1, -1, 1, -1, 0, 0, 0, 0, 0, 0, 0, 0, 0, 0, 0, 0, 0, 0, 0, 0, 0, 0, 0, 0, 0, 0, 0, 0, 0, 0]
[2024-06-18 18:09:13] [Debug] drone_status:4
[2024-06-18 18:09:13] Incrementing the status_ctr
[2024-06-18 18:09:13] ### Next round (8) for fuzzing commands. ###
#---------------------------------A.RANGEFINDER-------------------------------------------
[Distance] P1: -1.000000 P2: -1.000000 P3: 1.000000 
[2024-06-18 18:09:13] [Distance] Global distance: 1.000000
#-----------------------------------------------------------------------------
[2024-06-18 18:09:13] [RANGEFINDER] Mode_t:GUIDED, yaw_max:3.748737, yaw_min:-0.019006, roll_max: 0.519933, roll_min:-0.005967, pitch_max:1.324926, pitch_min: -0.005808
[2024-06-18 18:09:13] P values [-1, -1, 1, -1, 0, 0, 0, 0, 0, 0, 0, 0, 0, 0, 0, 0, 0, 0, 0, 0, 0, 0, 0, 0, 0, 0, 0, 0, 0, 0]
[2024-06-18 18:09:13] [Execute_cmd] (MAV_CMD_SOLO_BTN_FLY_HOLD, 72,24,40,15,84,73,37)
#---------------------------------A.RANGEFINDER-------------------------------------------
[Distance] P1: -1.000000 P2: -1.000000 P3: 1.000000 
[2024-06-18 18:09:17] [Distance] Global distance: 1.000000
#-----------------------------------------------------------------------------
[2024-06-18 18:09:17] [RANGEFINDER] Mode_t:LAND, yaw_max:3.748737, yaw_min:-0.019006, roll_max: 0.519933, roll_min:-0.005967, pitch_max:1.324926, pitch_min: -0.005808
[2024-06-18 18:09:17] P values [-1, -1, 1, -1, 0, 0, 0, 0, 0, 0, 0, 0, 0, 0, 0, 0, 0, 0, 0, 0, 0, 0, 0, 0, 0, 0, 0, 0, 0, 0]
[2024-06-18 18:09:17] [Debug] drone_status:4
[2024-06-18 18:09:17] Incrementing the status_ctr
[2024-06-18 18:09:17] ### Next round (9) for fuzzing commands. ###
#---------------------------------A.RANGEFINDER-------------------------------------------
[Distance] P1: -1.000000 P2: -1.000000 P3: 1.000000 
[2024-06-18 18:09:17] [Distance] Global distance: 1.000000
#-----------------------------------------------------------------------------
[2024-06-18 18:09:17] [RANGEFINDER] Mode_t:LAND, yaw_max:3.748737, yaw_min:-0.019006, roll_max: 0.519933, roll_min:-0.005967, pitch_max:1.324926, pitch_min: -0.005808
[2024-06-18 18:09:17] P values [-1, -1, 1, -1, 0, 0, 0, 0, 0, 0, 0, 0, 0, 0, 0, 0, 0, 0, 0, 0, 0, 0, 0, 0, 0, 0, 0, 0, 0, 0]
[2024-06-18 18:09:17] # [Change_parameter()] selected params: MOT_SLEW_UP_TIME
[2024-06-18 18:09:17] # [Change_parameter()] selected params: MOT_SLEW_UP_TIME, min: 0.000000, max: 0.500000, random real param value:0.256230
#---------------------------------A.RANGEFINDER-------------------------------------------
[Distance] P1: -1.000000 P2: -1.000000 P3: 1.000000 
[2024-06-18 18:09:24] [Distance] Global distance: 1.000000
#-----------------------------------------------------------------------------
[2024-06-18 18:09:24] [RANGEFINDER] Mode_t:LAND, yaw_max:3.748737, yaw_min:-0.019006, roll_max: 0.519933, roll_min:-0.005967, pitch_max:1.324926, pitch_min: -0.005808
[2024-06-18 18:09:24] P values [-1, -1, 1, -1, 0, 0, 0, 0, 0, 0, 0, 0, 0, 0, 0, 0, 0, 0, 0, 0, 0, 0, 0, 0, 0, 0, 0, 0, 0, 0]
[2024-06-18 18:09:24] [Debug] drone_status:4
[2024-06-18 18:09:24] Incrementing the status_ctr
[2024-06-18 18:09:24] ### Next round (10) for fuzzing commands. ###
#---------------------------------A.RANGEFINDER-------------------------------------------
[Distance] P1: -1.000000 P2: -1.000000 P3: 1.000000 
[2024-06-18 18:09:24] [Distance] Global distance: 1.000000
#-----------------------------------------------------------------------------
[2024-06-18 18:09:24] [RANGEFINDER] Mode_t:LAND, yaw_max:3.748737, yaw_min:-0.019006, roll_max: 0.519933, roll_min:-0.005967, pitch_max:1.324926, pitch_min: -0.005808
[2024-06-18 18:09:24] P values [-1, -1, 1, -1, 0, 0, 0, 0, 0, 0, 0, 0, 0, 0, 0, 0, 0, 0, 0, 0, 0, 0, 0, 0, 0, 0, 0, 0, 0, 0]
[2024-06-18 18:09:24] [Execute_cmd] (MAV_CMD_POWER_OFF_INITIATED, 10,70,26,20,71,10,1)
#---------------------------------A.RANGEFINDER-------------------------------------------
[Distance] P1: -1.000000 P2: -1.000000 P3: 1.000000 
[2024-06-18 18:09:28] [Distance] Global distance: 1.000000
#-----------------------------------------------------------------------------
[2024-06-18 18:09:28] [RANGEFINDER] Mode_t:LAND, yaw_max:3.748737, yaw_min:-0.019006, roll_max: 0.519933, roll_min:-0.005967, pitch_max:1.324926, pitch_min: -0.005808
[2024-06-18 18:09:28] P values [-1, -1, 1, -1, 0, 0, 0, 0, 0, 0, 0, 0, 0, 0, 0, 0, 0, 0, 0, 0, 0, 0, 0, 0, 0, 0, 0, 0, 0, 0]
[2024-06-18 18:09:28] [Debug] drone_status:4
[2024-06-18 18:09:28] Incrementing the status_ctr
[2024-06-18 18:09:28] ### Next round (11) for fuzzing commands. ###
#---------------------------------A.RANGEFINDER-------------------------------------------
[Distance] P1: -1.000000 P2: -1.000000 P3: 1.000000 
[2024-06-18 18:09:28] [Distance] Global distance: 1.000000
#-----------------------------------------------------------------------------
[2024-06-18 18:09:28] [RANGEFINDER] Mode_t:LAND, yaw_max:3.748737, yaw_min:-0.019006, roll_max: 0.519933, roll_min:-0.005967, pitch_max:1.324926, pitch_min: -0.005808
[2024-06-18 18:09:28] P values [-1, -1, 1, -1, 0, 0, 0, 0, 0, 0, 0, 0, 0, 0, 0, 0, 0, 0, 0, 0, 0, 0, 0, 0, 0, 0, 0, 0, 0, 0]
[2024-06-18 18:09:28] Generated random msgs for rangefinder
#---------------------------------A.RANGEFINDER-------------------------------------------
[Distance] P1: -1.000000 P2: -1.000000 P3: 1.000000 
[2024-06-18 18:09:32] [Distance] Global distance: 1.000000
#-----------------------------------------------------------------------------
[2024-06-18 18:09:32] [RANGEFINDER] Mode_t:LAND, yaw_max:3.748737, yaw_min:-0.019006, roll_max: 0.519933, roll_min:-0.005967, pitch_max:1.324926, pitch_min: -0.005808
[2024-06-18 18:09:32] P values [-1, -1, 1, -1, 0, 0, 0, 0, 0, 0, 0, 0, 0, 0, 0, 0, 0, 0, 0, 0, 0, 0, 0, 0, 0, 0, 0, 0, 0, 0]
[2024-06-18 18:09:32] [Debug] drone_status:4
[2024-06-18 18:09:32] Incrementing the status_ctr
[2024-06-18 18:09:32] ### Next round (12) for fuzzing commands. ###
#---------------------------------A.RANGEFINDER-------------------------------------------
[Distance] P1: -1.000000 P2: -1.000000 P3: 1.000000 
[2024-06-18 18:09:32] [Distance] Global distance: 1.000000
#-----------------------------------------------------------------------------
[2024-06-18 18:09:32] [RANGEFINDER] Mode_t:LAND, yaw_max:3.748737, yaw_min:-0.019006, roll_max: 0.519933, roll_min:-0.005967, pitch_max:1.324926, pitch_min: -0.005808
[2024-06-18 18:09:32] P values [-1, -1, 1, -1, 0, 0, 0, 0, 0, 0, 0, 0, 0, 0, 0, 0, 0, 0, 0, 0, 0, 0, 0, 0, 0, 0, 0, 0, 0, 0]
[2024-06-18 18:09:32] [Execute_cmd] (MAV_CMD_NAV_SPLINE_WAYPOINT, 25,71,68,70,62,36,66)
#---------------------------------A.RANGEFINDER-------------------------------------------
[Distance] P1: -1.000000 P2: -1.000000 P3: 1.000000 
[2024-06-18 18:09:36] [Distance] Global distance: 1.000000
#-----------------------------------------------------------------------------
[2024-06-18 18:09:36] [RANGEFINDER] Mode_t:LAND, yaw_max:3.748737, yaw_min:-0.019006, roll_max: 0.519933, roll_min:-0.007791, pitch_max:1.324926, pitch_min: -0.005808
[2024-06-18 18:09:36] P values [-1, -1, 1, -1, 0, 0, 0, 0, 0, 0, 0, 0, 0, 0, 0, 0, 0, 0, 0, 0, 0, 0, 0, 0, 0, 0, 0, 0, 0, 0]
[2024-06-18 18:09:36] [Debug] drone_status:4
[2024-06-18 18:09:36] Incrementing the status_ctr
[2024-06-18 18:09:36] ### Next round (13) for fuzzing commands. ###
#---------------------------------A.RANGEFINDER-------------------------------------------
[Distance] P1: -1.000000 P2: -1.000000 P3: 1.000000 
[2024-06-18 18:09:36] [Distance] Global distance: 1.000000
#-----------------------------------------------------------------------------
[2024-06-18 18:09:36] [RANGEFINDER] Mode_t:LAND, yaw_max:3.748737, yaw_min:-0.019006, roll_max: 0.519933, roll_min:-0.007791, pitch_max:1.324926, pitch_min: -0.005808
[2024-06-18 18:09:36] P values [-1, -1, 1, -1, 0, 0, 0, 0, 0, 0, 0, 0, 0, 0, 0, 0, 0, 0, 0, 0, 0, 0, 0, 0, 0, 0, 0, 0, 0, 0]
[2024-06-18 18:09:36] Generated random msgs for rangefinder
#---------------------------------A.RANGEFINDER-------------------------------------------
[Distance] P1: -1.000000 P2: -1.000000 P3: 1.000000 
[2024-06-18 18:09:40] [Distance] Global distance: 1.000000
#-----------------------------------------------------------------------------
[2024-06-18 18:09:40] [RANGEFINDER] Mode_t:LAND, yaw_max:3.748737, yaw_min:-0.019006, roll_max: 0.519933, roll_min:-0.007791, pitch_max:1.324926, pitch_min: -0.005808
[2024-06-18 18:09:40] P values [-1, -1, 1, -1, 0, 0, 0, 0, 0, 0, 0, 0, 0, 0, 0, 0, 0, 0, 0, 0, 0, 0, 0, 0, 0, 0, 0, 0, 0, 0]
[2024-06-18 18:09:40] [Debug] drone_status:4
[2024-06-18 18:09:40] Incrementing the status_ctr
[2024-06-18 18:09:40] ### Next round (14) for fuzzing commands. ###
#---------------------------------A.RANGEFINDER-------------------------------------------
[Distance] P1: -1.000000 P2: -1.000000 P3: 1.000000 
[2024-06-18 18:09:40] [Distance] Global distance: 1.000000
#-----------------------------------------------------------------------------
[2024-06-18 18:09:40] [RANGEFINDER] Mode_t:LAND, yaw_max:3.748737, yaw_min:-0.019006, roll_max: 0.519933, roll_min:-0.007791, pitch_max:1.324926, pitch_min: -0.005808
[2024-06-18 18:09:40] P values [-1, -1, 1, -1, 0, 0, 0, 0, 0, 0, 0, 0, 0, 0, 0, 0, 0, 0, 0, 0, 0, 0, 0, 0, 0, 0, 0, 0, 0, 0]
[2024-06-18 18:09:40] [Execute_cmd] (MAV_CMD_NAV_GUIDED_ENABLE, 15,16,77,22,40,65,5)
#---------------------------------A.RANGEFINDER-------------------------------------------
[Distance] P1: -1.000000 P2: -1.000000 P3: 1.000000 
[2024-06-18 18:09:44] [Distance] Global distance: 1.000000
#-----------------------------------------------------------------------------
[2024-06-18 18:09:44] [RANGEFINDER] Mode_t:LAND, yaw_max:3.748737, yaw_min:-0.019006, roll_max: 0.519933, roll_min:-0.007791, pitch_max:1.324926, pitch_min: -0.005808
[2024-06-18 18:09:44] P values [-1, -1, 1, -1, 0, 0, 0, 0, 0, 0, 0, 0, 0, 0, 0, 0, 0, 0, 0, 0, 0, 0, 0, 0, 0, 0, 0, 0, 0, 0]
[2024-06-18 18:09:44] [Debug] drone_status:4
[2024-06-18 18:09:44] Incrementing the status_ctr
[2024-06-18 18:09:44] ### Next round (15) for fuzzing commands. ###
#---------------------------------A.RANGEFINDER-------------------------------------------
[Distance] P1: -1.000000 P2: -1.000000 P3: 1.000000 
[2024-06-18 18:09:44] [Distance] Global distance: 1.000000
#-----------------------------------------------------------------------------
[2024-06-18 18:09:44] [RANGEFINDER] Mode_t:LAND, yaw_max:3.748737, yaw_min:-0.019006, roll_max: 0.519933, roll_min:-0.007791, pitch_max:1.324926, pitch_min: -0.005808
[2024-06-18 18:09:44] P values [-1, -1, 1, -1, 0, 0, 0, 0, 0, 0, 0, 0, 0, 0, 0, 0, 0, 0, 0, 0, 0, 0, 0, 0, 0, 0, 0, 0, 0, 0]
[2024-06-18 18:09:44] Generated random msgs for rangefinder
#---------------------------------A.RANGEFINDER-------------------------------------------
[Distance] P1: -1.000000 P2: -1.000000 P3: 1.000000 
[2024-06-18 18:09:48] [Distance] Global distance: 1.000000
#-----------------------------------------------------------------------------
[2024-06-18 18:09:48] [RANGEFINDER] Mode_t:LAND, yaw_max:3.748737, yaw_min:-0.019006, roll_max: 0.519933, roll_min:-0.007791, pitch_max:1.324926, pitch_min: -0.005808
[2024-06-18 18:09:48] P values [-1, -1, 1, -1, 0, 0, 0, 0, 0, 0, 0, 0, 0, 0, 0, 0, 0, 0, 0, 0, 0, 0, 0, 0, 0, 0, 0, 0, 0, 0]
[2024-06-18 18:09:48] [Debug] drone_status:4
[2024-06-18 18:09:48] Incrementing the status_ctr
[2024-06-18 18:09:48] ### Next round (16) for fuzzing commands. ###
#---------------------------------A.RANGEFINDER-------------------------------------------
[Distance] P1: -1.000000 P2: -1.000000 P3: 1.000000 
[2024-06-18 18:09:48] [Distance] Global distance: 1.000000
#-----------------------------------------------------------------------------
[2024-06-18 18:09:48] [RANGEFINDER] Mode_t:LAND, yaw_max:3.748737, yaw_min:-0.019006, roll_max: 0.519933, roll_min:-0.007791, pitch_max:1.324926, pitch_min: -0.005808
[2024-06-18 18:09:48] P values [-1, -1, 1, -1, 0, 0, 0, 0, 0, 0, 0, 0, 0, 0, 0, 0, 0, 0, 0, 0, 0, 0, 0, 0, 0, 0, 0, 0, 0, 0]
[2024-06-18 18:09:48] Generated random msgs for rangefinder
#---------------------------------A.RANGEFINDER-------------------------------------------
[Distance] P1: -1.000000 P2: -1.000000 P3: 1.000000 
[2024-06-18 18:09:52] [Distance] Global distance: 1.000000
#-----------------------------------------------------------------------------
[2024-06-18 18:09:52] [RANGEFINDER] Mode_t:LAND, yaw_max:3.748737, yaw_min:-0.019006, roll_max: 0.519933, roll_min:-0.007791, pitch_max:1.324926, pitch_min: -0.005808
[2024-06-18 18:09:52] P values [-1, -1, 1, -1, 0, 0, 0, 0, 0, 0, 0, 0, 0, 0, 0, 0, 0, 0, 0, 0, 0, 0, 0, 0, 0, 0, 0, 0, 0, 0]
[2024-06-18 18:09:52] [Debug] drone_status:4
[2024-06-18 18:09:52] Incrementing the status_ctr
[2024-06-18 18:09:52] ### Next round (17) for fuzzing commands. ###
#---------------------------------A.RANGEFINDER-------------------------------------------
[Distance] P1: -1.000000 P2: -1.000000 P3: 1.000000 
[2024-06-18 18:09:52] [Distance] Global distance: 1.000000
#-----------------------------------------------------------------------------
[2024-06-18 18:09:52] [RANGEFINDER] Mode_t:LAND, yaw_max:3.748737, yaw_min:-0.019006, roll_max: 0.519933, roll_min:-0.007791, pitch_max:1.324926, pitch_min: -0.005808
[2024-06-18 18:09:52] P values [-1, -1, 1, -1, 0, 0, 0, 0, 0, 0, 0, 0, 0, 0, 0, 0, 0, 0, 0, 0, 0, 0, 0, 0, 0, 0, 0, 0, 0, 0]
[2024-06-18 18:09:52] [Execute_cmd] (MAV_CMD_CONDITION_YAW, 25,74,46,45,62,63,6)
#---------------------------------A.RANGEFINDER-------------------------------------------
[Distance] P1: -1.000000 P2: -1.000000 P3: 1.000000 
[2024-06-18 18:09:56] [Distance] Global distance: 1.000000
#-----------------------------------------------------------------------------
[2024-06-18 18:09:56] [RANGEFINDER] Mode_t:LAND, yaw_max:3.748737, yaw_min:-0.019006, roll_max: 0.519933, roll_min:-0.007791, pitch_max:1.324926, pitch_min: -0.005808
[2024-06-18 18:09:56] P values [-1, -1, 1, -1, 0, 0, 0, 0, 0, 0, 0, 0, 0, 0, 0, 0, 0, 0, 0, 0, 0, 0, 0, 0, 0, 0, 0, 0, 0, 0]
[2024-06-18 18:09:56] [Debug] drone_status:4
[2024-06-18 18:09:56] Incrementing the status_ctr
[2024-06-18 18:09:56] ### Next round (18) for fuzzing commands. ###
#---------------------------------A.RANGEFINDER-------------------------------------------
[Distance] P1: -1.000000 P2: -1.000000 P3: 1.000000 
[2024-06-18 18:09:56] [Distance] Global distance: 1.000000
#-----------------------------------------------------------------------------
[2024-06-18 18:09:56] [RANGEFINDER] Mode_t:LAND, yaw_max:3.748737, yaw_min:-0.019006, roll_max: 0.519933, roll_min:-0.007791, pitch_max:1.324926, pitch_min: -0.005808
[2024-06-18 18:09:56] P values [-1, -1, 1, -1, 0, 0, 0, 0, 0, 0, 0, 0, 0, 0, 0, 0, 0, 0, 0, 0, 0, 0, 0, 0, 0, 0, 0, 0, 0, 0]
[2024-06-18 18:09:56] [Execute_cmd] (MAV_CMD_GIMBAL_RESET, 84,22,94,98,88,13,72)
#---------------------------------A.RANGEFINDER-------------------------------------------
[Distance] P1: -1.000000 P2: -1.000000 P3: 1.000000 
[2024-06-18 18:10:00] [Distance] Global distance: 1.000000
#-----------------------------------------------------------------------------
[2024-06-18 18:10:00] [RANGEFINDER] Mode_t:LAND, yaw_max:3.748737, yaw_min:-0.019006, roll_max: 0.519933, roll_min:-0.007791, pitch_max:1.324926, pitch_min: -0.005808
[2024-06-18 18:10:00] P values [-1, -1, 1, -1, 0, 0, 0, 0, 0, 0, 0, 0, 0, 0, 0, 0, 0, 0, 0, 0, 0, 0, 0, 0, 0, 0, 0, 0, 0, 0]
[2024-06-18 18:10:00] [Debug] drone_status:4
[2024-06-18 18:10:00] Incrementing the status_ctr
[2024-06-18 18:10:00] ### Next round (19) for fuzzing commands. ###
#---------------------------------A.RANGEFINDER-------------------------------------------
[Distance] P1: -1.000000 P2: -1.000000 P3: 1.000000 
[2024-06-18 18:10:00] [Distance] Global distance: 1.000000
#-----------------------------------------------------------------------------
[2024-06-18 18:10:00] [RANGEFINDER] Mode_t:LAND, yaw_max:3.748737, yaw_min:-0.019006, roll_max: 0.519933, roll_min:-0.007791, pitch_max:1.324926, pitch_min: -0.005808
[2024-06-18 18:10:00] P values [-1, -1, 1, -1, 0, 0, 0, 0, 0, 0, 0, 0, 0, 0, 0, 0, 0, 0, 0, 0, 0, 0, 0, 0, 0, 0, 0, 0, 0, 0]
*****
[2024-06-18 18:10:00] [Matched input] SIM_GPS_POS_Y 69.4160176992 3 2
*****
[2024-06-18 18:10:00] @@@[Reuse stored input pair] (SIM_GPS_POS_Y, 69.4160176992)@@@
[2024-06-18 18:10:00] [Execute_env] (SIM_GPS_POS_Y, 69.4160176992)
[2024-06-18 18:10:01] [status_text] EKF3 lane switch 1
[2024-06-18 18:10:01] [status_text] EKF primary changed:1
[2024-06-18 18:10:02] [status_text] GPS Glitch
#---------------------------------A.RANGEFINDER-------------------------------------------
[Distance] P1: -1.000000 P2: -1.000000 P3: 1.000000 
[2024-06-18 18:10:04] [Distance] Global distance: 1.000000
#-----------------------------------------------------------------------------
[2024-06-18 18:10:04] [RANGEFINDER] Mode_t:LAND, yaw_max:3.748737, yaw_min:-0.019006, roll_max: 0.519933, roll_min:-0.007791, pitch_max:1.324926, pitch_min: -0.005808
[2024-06-18 18:10:04] P values [-1, -1, 1, -1, 0, 0, 0, 0, 0, 0, 0, 0, 0, 0, 0, 0, 0, 0, 0, 0, 0, 0, 0, 0, 0, 0, 0, 0, 0, 0]
[2024-06-18 18:10:04] [Debug] drone_status:4
[2024-06-18 18:10:04] Incrementing the status_ctr
[2024-06-18 18:10:04] ### Next round (20) for fuzzing commands. ###
#---------------------------------A.RANGEFINDER-------------------------------------------
[Distance] P1: -1.000000 P2: -1.000000 P3: 1.000000 
[2024-06-18 18:10:04] [Distance] Global distance: 1.000000
#-----------------------------------------------------------------------------
[2024-06-18 18:10:04] [RANGEFINDER] Mode_t:LAND, yaw_max:3.748737, yaw_min:-0.019006, roll_max: 0.519933, roll_min:-0.007791, pitch_max:1.324926, pitch_min: -0.005808
[2024-06-18 18:10:04] P values [-1, -1, 1, -1, 0, 0, 0, 0, 0, 0, 0, 0, 0, 0, 0, 0, 0, 0, 0, 0, 0, 0, 0, 0, 0, 0, 0, 0, 0, 0]
[2024-06-18 18:10:04] [Execute_cmd] (MAV_CMD_DO_SET_SERVO, 7,34,40,68,22,1,35)
#---------------------------------A.RANGEFINDER-------------------------------------------
[Distance] P1: -1.000000 P2: -1.000000 P3: 1.000000 
[2024-06-18 18:10:08] [Distance] Global distance: 1.000000
#-----------------------------------------------------------------------------
[2024-06-18 18:10:08] [RANGEFINDER] Mode_t:LAND, yaw_max:3.748737, yaw_min:-0.019006, roll_max: 0.519933, roll_min:-0.007791, pitch_max:1.324926, pitch_min: -0.075145
[2024-06-18 18:10:08] P values [-1, -1, 1, -1, 0, 0, 0, 0, 0, 0, 0, 0, 0, 0, 0, 0, 0, 0, 0, 0, 0, 0, 0, 0, 0, 0, 0, 0, 0, 0]
[2024-06-18 18:10:08] [Debug] drone_status:4
[2024-06-18 18:10:08] Incrementing the status_ctr
[2024-06-18 18:10:08] ### Next round (21) for fuzzing commands. ###
#---------------------------------A.RANGEFINDER-------------------------------------------
[Distance] P1: -1.000000 P2: -1.000000 P3: 1.000000 
[2024-06-18 18:10:08] [Distance] Global distance: 1.000000
#-----------------------------------------------------------------------------
[2024-06-18 18:10:08] [RANGEFINDER] Mode_t:LAND, yaw_max:3.748737, yaw_min:-0.019006, roll_max: 0.519933, roll_min:-0.007791, pitch_max:1.324926, pitch_min: -0.075145
[2024-06-18 18:10:08] P values [-1, -1, 1, -1, 0, 0, 0, 0, 0, 0, 0, 0, 0, 0, 0, 0, 0, 0, 0, 0, 0, 0, 0, 0, 0, 0, 0, 0, 0, 0]
[2024-06-18 18:10:08] [Execute_cmd] (MAV_CMD_NAV_RETURN_TO_LAUNCH, 99,55,64,9,72,44,23)
[2024-06-18 18:10:11] [status_text] EKF3 lane switch 0
[2024-06-18 18:10:11] [status_text] EKF primary changed:0
[2024-06-18 18:10:12] [status_text] EKF variance
#---------------------------------A.RANGEFINDER-------------------------------------------
[Distance] P1: -1.000000 P2: -1.000000 P3: 1.000000 
[2024-06-18 18:10:12] [Distance] Global distance: 1.000000
#-----------------------------------------------------------------------------
[2024-06-18 18:10:12] [RANGEFINDER] Mode_t:LAND, yaw_max:3.748737, yaw_min:-0.019006, roll_max: 0.519933, roll_min:-0.007791, pitch_max:1.324926, pitch_min: -0.075145
[2024-06-18 18:10:12] P values [-1, -1, 1, -1, 0, 0, 0, 0, 0, 0, 0, 0, 0, 0, 0, 0, 0, 0, 0, 0, 0, 0, 0, 0, 0, 0, 0, 0, 0, 0]
[2024-06-18 18:10:12] [Debug] drone_status:5
[2024-06-18 18:10:12] Incrementing the status_ctr
[2024-06-18 18:10:12] Drone status Status: 5 Hit_ground: 0 PreArm: 0
[2024-06-18 18:10:12] Restarting the vehicle
[2024-06-18 18:10:12] #-----------------------------------------------------------------------------
[2024-06-18 18:10:12] #-----------------------------------------------------------------------------
[2024-06-18 18:10:12] #------------------------- RE-LAUNCH the vehicle -----------------------------
[2024-06-18 18:10:12] #-----------------------------------------------------------------------------
[2024-06-18 18:10:12] #-----------------------------------------------------------------------------
[2024-06-18 18:10:17] [re-launch] min_thr:975, target throttle:995
[2024-06-18 18:10:25] [status_text] Calibrating barometer
[2024-06-18 18:10:26] [status_text] ArduCopter V4.1.0-dev (be8f747b)
[2024-06-18 18:10:26] [status_text] 43ef9e12cd45440383d4ec9e33e65b21
[2024-06-18 18:10:26] [status_text] Frame: QUAD/PLUS
[2024-06-18 18:10:27] [status_text] Barometer 1 calibration complete
[2024-06-18 18:10:27] [status_text] Barometer 2 calibration complete
[2024-06-18 18:10:27] [status_text] ArduPilot Ready
[2024-06-18 18:10:27] [status_text] AHRS: DCM active
[2024-06-18 18:10:28] [status_text] SaveWaypoint LOW
[2024-06-18 18:10:28] [status_text] EKF3 IMU0 buffs IMU=19 OBS=7 OF=17 EN:17 dt=0.0120
[2024-06